Component: ARM Compiler 5.06 update 5 (build 528) Tool: armlink [4d35e2]

==============================================================================

Section Cross References

    system_stm32f4xx.o(i.SystemCoreClockUpdate) refers to system_stm32f4xx.o(.data) for .data
    system_stm32f4xx.o(i.SystemCoreClockUpdate) refers to system_stm32f4xx.o(.constdata) for .constdata
    stm32f4xx_hal_msp.o(i.HAL_ADC_MspDeInit) refers to stm32f4xx_hal_gpio.o(i.HAL_GPIO_DeInit) for HAL_GPIO_DeInit
    stm32f4xx_hal_msp.o(i.HAL_ADC_MspDeInit) refers to stm32f4xx_hal_dma.o(i.HAL_DMA_DeInit) for HAL_DMA_DeInit
    stm32f4xx_hal_msp.o(i.HAL_ADC_MspDeInit) refers to stm32f4xx_hal_cortex.o(i.HAL_NVIC_DisableIRQ) for HAL_NVIC_DisableIRQ
    stm32f4xx_hal_msp.o(i.HAL_ADC_MspInit) refers to stm32f4xx_hal_gpio.o(i.HAL_GPIO_Init) for HAL_GPIO_Init
    stm32f4xx_hal_msp.o(i.HAL_ADC_MspInit) refers to stm32f4xx_hal_dma.o(i.HAL_DMA_Init) for HAL_DMA_Init
    stm32f4xx_hal_msp.o(i.HAL_ADC_MspInit) refers to stm32f4xx_hal_cortex.o(i.HAL_NVIC_SetPriority) for HAL_NVIC_SetPriority
    stm32f4xx_hal_msp.o(i.HAL_ADC_MspInit) refers to stm32f4xx_hal_cortex.o(i.HAL_NVIC_EnableIRQ) for HAL_NVIC_EnableIRQ
    stm32f4xx_hal_msp.o(i.HAL_ADC_MspInit) refers to dmx-init.o(.bss) for hdma_adc1
    stm32f4xx_hal_msp.o(i.HAL_MspInit) refers to stm32f4xx_hal_cortex.o(i.HAL_NVIC_SetPriorityGrouping) for HAL_NVIC_SetPriorityGrouping
    stm32f4xx_hal_msp.o(i.HAL_MspInit) refers to stm32f4xx_hal_cortex.o(i.HAL_NVIC_SetPriority) for HAL_NVIC_SetPriority
    stm32f4xx_hal_msp.o(i.HAL_TIM_Base_MspDeInit) refers to stm32f4xx_hal_cortex.o(i.HAL_NVIC_DisableIRQ) for HAL_NVIC_DisableIRQ
    stm32f4xx_hal_msp.o(i.HAL_UART_MspDeInit) refers to stm32f4xx_hal_gpio.o(i.HAL_GPIO_DeInit) for HAL_GPIO_DeInit
    stm32f4xx_hal_msp.o(i.HAL_UART_MspDeInit) refers to stm32f4xx_hal_cortex.o(i.HAL_NVIC_DisableIRQ) for HAL_NVIC_DisableIRQ
    stm32f4xx_hal_msp.o(i.HAL_UART_MspInit) refers to stm32f4xx_hal_gpio.o(i.HAL_GPIO_Init) for HAL_GPIO_Init
    stm32f4xx_it.o(i.ADC_IRQHandler) refers to stm32f4xx_hal_adc.o(i.HAL_ADC_IRQHandler) for HAL_ADC_IRQHandler
    stm32f4xx_it.o(i.ADC_IRQHandler) refers to dmx-init.o(.bss) for hadc1
    stm32f4xx_it.o(i.DMA2_Stream0_IRQHandler) refers to stm32f4xx_hal_dma.o(i.HAL_DMA_IRQHandler) for HAL_DMA_IRQHandler
    stm32f4xx_it.o(i.DMA2_Stream0_IRQHandler) refers to dmx-init.o(.bss) for hdma_adc1
    stm32f4xx_it.o(i.SysTick_Handler) refers to stm32f4xx_hal.o(i.HAL_IncTick) for HAL_IncTick
    stm32f4xx_it.o(i.SysTick_Handler) refers to stm32f4xx_hal_cortex.o(i.HAL_SYSTICK_IRQHandler) for HAL_SYSTICK_IRQHandler
    stm32f4xx_it.o(i.TIM2_IRQHandler) refers to stm32f4xx_hal_tim.o(i.HAL_TIM_IRQHandler) for HAL_TIM_IRQHandler
    stm32f4xx_it.o(i.TIM2_IRQHandler) refers to dmx-init.o(.bss) for htim2
    stm32f4xx_it.o(i.TIM3_IRQHandler) refers to stm32f4xx_hal_tim.o(i.HAL_TIM_IRQHandler) for HAL_TIM_IRQHandler
    stm32f4xx_it.o(i.TIM3_IRQHandler) refers to dmx-init.o(.bss) for htim3
    stm32f4xx_it.o(i.USART1_IRQHandler) refers to stm32f4xx_hal_uart.o(i.HAL_UART_IRQHandler) for HAL_UART_IRQHandler
    stm32f4xx_it.o(i.USART1_IRQHandler) refers to dmx-init.o(.bss) for huart1
    main.o(i.Error) refers to main.o(.data) for t1
    main.o(i.main) refers to stm32f4xx_hal.o(i.HAL_Init) for HAL_Init
    main.o(i.main) refers to dmx-init.o(i.SystemClock_Config) for SystemClock_Config
    main.o(i.main) refers to dmx-init.o(i.MX_GPIO_Init) for MX_GPIO_Init
    main.o(i.main) refers to dmx-init.o(i.MX_ADC1_Init) for MX_ADC1_Init
    main.o(i.main) refers to dmx-init.o(i.MX_DMA_Init) for MX_DMA_Init
    main.o(i.main) refers to dmx-init.o(i.MX_USART1_UART_Init) for MX_USART1_UART_Init
    main.o(i.main) refers to dmx-init.o(i.MX_TIM2_Init) for MX_TIM2_Init
    main.o(i.main) refers to dmx-init.o(i.MX_TIM3_Init) for MX_TIM3_Init
    main.o(i.main) refers to dmx-init.o(i.MX_NVIC_Init) for MX_NVIC_Init
    main.o(i.main) refers to stm32f4xx_hal_gpio.o(i.HAL_GPIO_WritePin) for HAL_GPIO_WritePin
    main.o(i.main) refers to keypad.o(i.KeyPad_init) for KeyPad_init
    main.o(i.main) refers to stm32f4xx_hal_adc.o(i.HAL_ADC_Start_DMA) for HAL_ADC_Start_DMA
    main.o(i.main) refers to stm32f4xx_hal_tim.o(i.HAL_TIM_Base_Start_IT) for HAL_TIM_Base_Start_IT
    main.o(i.main) refers to eeprom.o(i.EE_Init) for EE_Init
    main.o(i.main) refers to main.o(i.Error) for Error
    main.o(i.main) refers to stm32f4xx_hal_flash.o(i.HAL_FLASH_Unlock) for HAL_FLASH_Unlock
    main.o(i.main) refers to stm32f4xx_hal_flash.o(i.HAL_FLASH_Program) for HAL_FLASH_Program
    main.o(i.main) refers to eeprom.o(i.EE_WriteVariable) for EE_WriteVariable
    main.o(i.main) refers to eeprom.o(i.EE_ReadVariable) for EE_ReadVariable
    main.o(i.main) refers to stm32f4xx_hal_flash_ex.o(i.HAL_FLASHEx_Erase) for HAL_FLASHEx_Erase
    main.o(i.main) refers to stm32f4xx_hal_flash.o(i.HAL_FLASH_Lock) for HAL_FLASH_Lock
    main.o(i.main) refers to dmx-handle.o(i.dmx_main) for dmx_main
[...]
    Removing stm32f4xx_hal_adc.o(i.HAL_ADC_GetValue), (8 bytes).
    Removing stm32f4xx_hal_adc.o(i.HAL_ADC_MspDeInit), (2 bytes).
    Removing stm32f4xx_hal_adc.o(i.HAL_ADC_MspInit), (2 bytes).
    Removing stm32f4xx_hal_adc.o(i.HAL_ADC_PollForConversion), (186 bytes).
    Removing stm32f4xx_hal_adc.o(i.HAL_ADC_PollForEvent), (118 bytes).
    Removing stm32f4xx_hal_adc.o(i.HAL_ADC_Start), (252 bytes).
    Removing stm32f4xx_hal_adc.o(i.HAL_ADC_Stop), (72 bytes).
    Removing stm32f4xx_hal_adc.o(i.HAL_ADC_Stop_DMA), (108 bytes).
    Removing stm32f4xx_hal_adc_ex.o(.rev16_text), (4 bytes).
    Removing stm32f4xx_hal_adc_ex.o(.revsh_text), (4 bytes).
    Removing stm32f4xx_hal_adc_ex.o(.rrx_text), (6 bytes).
    Removing stm32f4xx_hal_adc_ex.o(i.ADC_MultiModeDMAConvCplt), (110 bytes).
    Removing stm32f4xx_hal_adc_ex.o(i.ADC_MultiModeDMAError), (26 bytes).
    Removing stm32f4xx_hal_adc_ex.o(i.ADC_MultiModeDMAHalfConvCplt), (14 bytes).
    Removing stm32f4xx_hal_adc_ex.o(i.HAL_ADCEx_InjectedConfigChannel), (560 bytes).
    Removing stm32f4xx_hal_adc_ex.o(i.HAL_ADCEx_InjectedGetValue), (70 bytes).
    Removing stm32f4xx_hal_adc_ex.o(i.HAL_ADCEx_InjectedPollForConversion), (160 bytes).
    Removing stm32f4xx_hal_adc_ex.o(i.HAL_ADCEx_InjectedStart), (268 bytes).
    Removing stm32f4xx_hal_adc_ex.o(i.HAL_ADCEx_InjectedStart_IT), (280 bytes).
    Removing stm32f4xx_hal_adc_ex.o(i.HAL_ADCEx_InjectedStop), (104 bytes).
    Removing stm32f4xx_hal_adc_ex.o(i.HAL_ADCEx_InjectedStop_IT), (116 bytes).
    Removing stm32f4xx_hal_adc_ex.o(i.HAL_ADCEx_MultiModeConfigChannel), (136 bytes).
    Removing stm32f4xx_hal_adc_ex.o(i.HAL_ADCEx_MultiModeGetValue), (12 bytes).
    Removing stm32f4xx_hal_adc_ex.o(i.HAL_ADCEx_MultiModeStart_DMA), (308 bytes).
    Removing stm32f4xx_hal_adc_ex.o(i.HAL_ADCEx_MultiModeStop_DMA), (112 bytes).

363 unused section(s) (total 23942 bytes) removed from the image.

==============================================================================

Image Symbol Table

    Local Symbols

    Symbol Name                              Value     Ov Type        Size  Object(Section)

    ../Drivers/CMSIS/Device/ST/STM32F4xx/Source/Templates/system_stm32f4xx.c 0x00000000   Number         0  system_stm32f4xx.o ABSOLUTE
    ../Drivers/STM32F4xx_HAL_Driver/Src/stm32f4xx_hal.c 0x00000000   Number         0  stm32f4xx_hal.o ABSOLUTE
    ../Drivers/STM32F4xx_HAL_Driver/Src/stm32f4xx_hal_cortex.c 0x00000000   Number         0  stm32f4xx_hal_cortex.o ABSOLUTE
    ../Drivers/STM32F4xx_HAL_Driver/Src/stm32f4xx_hal_dma.c 0x00000000   Number         0  stm32f4xx_hal_dma.o ABSOLUTE
    ../Drivers/STM32F4xx_HAL_Driver/Src/stm32f4xx_hal_dma_ex.c 0x00000000   Number         0  stm32f4xx_hal_dma_ex.o ABSOLUTE
    ../Drivers/STM32F4xx_HAL_Driver/Src/stm32f4xx_hal_flash.c 0x00000000   Number         0  stm32f4xx_hal_flash.o ABSOLUTE
    ../Drivers/STM32F4xx_HAL_Driver/Src/stm32f4xx_hal_flash_ex.c 0x00000000   Number         0  stm32f4xx_hal_flash_ex.o ABSOLUTE
    ../Drivers/STM32F4xx_HAL_Driver/Src/stm32f4xx_hal_flash_ramfunc.c 0x00000000   Number         0  stm32f4xx_hal_flash_ramfunc.o ABSOLUTE
    ../Drivers/STM32F4xx_HAL_Driver/Src/stm32f4xx_hal_gpio.c 0x00000000   Number         0  stm32f4xx_hal_gpio.o ABSOLUTE
    ../Drivers/STM32F4xx_HAL_Driver/Src/stm32f4xx_hal_pwr.c 0x00000000   Number         0  stm32f4xx_hal_pwr.o ABSOLUTE
    ../Drivers/STM32F4xx_HAL_Driver/Src/stm32f4xx_hal_pwr_ex.c 0x00000000   Number         0  stm32f4xx_hal_pwr_ex.o ABSOLUTE
    ../Drivers/STM32F4xx_HAL_Driver/Src/stm32f4xx_hal_rcc.c 0x00000000   Number         0  stm32f4xx_hal_rcc.o ABSOLUTE
    ../Drivers/STM32F4xx_HAL_Driver/Src/stm32f4xx_hal_rcc_ex.c 0x00000000   Number         0  stm32f4xx_hal_rcc_ex.o ABSOLUTE
    ../Drivers/STM32F4xx_HAL_Driver/Src/stm32f4xx_hal_tim.c 0x00000000   Number         0  stm32f4xx_hal_tim.o ABSOLUTE
    ../Drivers/STM32F4xx_HAL_Driver/Src/stm32f4xx_hal_tim_ex.c 0x00000000   Number         0  stm32f4xx_hal_tim_ex.o ABSOLUTE
    ../Drivers/STM32F4xx_HAL_Driver/Src/stm32f4xx_hal_uart.c 0x00000000   Number         0  stm32f4xx_hal_uart.o ABSOLUTE
    ../Src/main.c                            0x00000000   Number         0  main.o ABSOLUTE
    ../Src/stm32f4xx_hal_msp.c               0x00000000   Number         0  stm32f4xx_hal_msp.o ABSOLUTE
    ../Src/stm32f4xx_it.c                    0x00000000   Number         0  stm32f4xx_it.o ABSOLUTE
    ../clib/microlib/ctype/ctype.c           0x00000000   Number         0  isdigit_o.o ABSOLUTE
    ../clib/microlib/ctype/ctype.c           0x00000000   Number         0  iscntrl_o.o ABSOLUTE
    ../clib/microlib/ctype/ctype.c           0x00000000   Number         0  isspace_o.o ABSOLUTE
    ../clib/microlib/ctype/ctype.c           0x00000000   Number         0  isblank_o.o ABSOLUTE
    ../clib/microlib/ctype/ctype.c           0x00000000   Number         0  isalpha_o.o ABSOLUTE
    ../clib/microlib/ctype/ctype.c           0x00000000   Number         0  isalnum_o.o ABSOLUTE
    ../clib/microlib/ctype/ctype.c           0x00000000   Number         0  isupper_o.o ABSOLUTE
    ../clib/microlib/ctype/ctype.c           0x00000000   Number         0  ctype_o.o ABSOLUTE
    ../clib/microlib/ctype/ctype.c           0x00000000   Number         0  isxdigit_o.o ABSOLUTE
    ../clib/microlib/ctype/ctype.c           0x00000000   Number         0  isgraph_o.o ABSOLUTE
    ../clib/microlib/ctype/ctype.c           0x00000000   Number         0  islower_o.o ABSOLUTE
    ../clib/microlib/ctype/ctype.c           0x00000000   Number         0  isprint_o.o ABSOLUTE
    ../clib/microlib/ctype/ctype.c           0x00000000   Number         0  ispunct_o.o ABSOLUTE
    ../clib/microlib/errno.c                 0x00000000   Number         0  errno.o ABSOLUTE
    ../clib/microlib/init/entry.s            0x00000000   Number         0  entry.o ABSOLUTE
    ../clib/microlib/init/entry.s            0x00000000   Number         0  entry11a.o ABSOLUTE
    ../clib/microlib/init/entry.s            0x00000000   Number         0  entry11b.o ABSOLUTE
    ../clib/microlib/init/entry.s            0x00000000   Number         0  entry10b.o ABSOLUTE
    ../clib/microlib/init/entry.s            0x00000000   Number         0  entry10a.o ABSOLUTE
    ../clib/microlib/init/entry.s            0x00000000   Number         0  entry9b.o ABSOLUTE
    ../clib/microlib/init/entry.s            0x00000000   Number         0  entry9a.o ABSOLUTE
    ../clib/microlib/init/entry.s            0x00000000   Number         0  entry8b.o ABSOLUTE
    ../clib/microlib/init/entry.s            0x00000000   Number         0  entry8a.o ABSOLUTE
    ../clib/microlib/init/entry.s            0x00000000   Number         0  entry7b.o ABSOLUTE
    ../clib/microlib/init/entry.s            0x00000000   Number         0  entry7a.o ABSOLUTE
    ../clib/microlib/init/entry.s            0x00000000   Number         0  entry5.o ABSOLUTE
    ../clib/microlib/init/entry.s            0x00000000   Number         0  entry2.o ABSOLUTE
    ../clib/microlib/malloc/calloc.c         0x00000000   Number         0  calloc.o ABSOLUTE
    ../clib/microlib/malloc/malloc.c         0x00000000   Number         0  malloc.o ABSOLUTE
    ../clib/microlib/malloc/malloc.c         0x00000000   Number         0  mallocra.o ABSOLUTE
    ../clib/microlib/malloc/malloc.c         0x00000000   Number         0  malloca.o ABSOLUTE
    ../clib/microlib/malloc/malloc.c         0x00000000   Number         0  mallocr.o ABSOLUTE
    ../clib/microlib/malloc/mvars.c          0x00000000   Number         0  mvars.o ABSOLUTE
    ../clib/microlib/string/memcpy.c         0x00000000   Number         0  memcpyb.o ABSOLUTE
    ../clib/microlib/string/memcpy.c         0x00000000   Number         0  memcpya.o ABSOLUTE
    ../clib/microlib/string/memset.c         0x00000000   Number         0  memseta.o ABSOLUTE
    ../clib/microlib/string/strcpy.c         0x00000000   Number         0  strcpy.o ABSOLUTE
    ../clib/microlib/string/strlen.c         0x00000000   Number         0  strlen.o ABSOLUTE
    ../clib/microlib/string/strncpy.c        0x00000000   Number         0  strncpy.o ABSOLUTE
    ../clib/scanf.c                          0x00000000   Number         0  _strtoul.o ABSOLUTE
    ../clib/scanf.c                          0x00000000   Number         0  strtol.o ABSOLUTE
    ../clib/scanf.c                          0x00000000   Number         0  _chval.o ABSOLUTE
    ../clib/scanf.c                          0x00000000   Number         0  atoi.o ABSOLUTE
    ..\Drivers\CMSIS\Device\ST\STM32F4xx\Source\Templates\system_stm32f4xx.c 0x00000000   Number         0  system_stm32f4xx.o ABSOLUTE
    ..\Drivers\STM32F4xx_HAL_Driver\Src\stm32f4xx_hal.c 0x00000000   Number         0  stm32f4xx_hal.o ABSOLUTE
    ..\Drivers\STM32F4xx_HAL_Driver\Src\stm32f4xx_hal_adc.c 0x00000000   Number         0  stm32f4xx_hal_adc.o ABSOLUTE
    ..\Drivers\STM32F4xx_HAL_Driver\Src\stm32f4xx_hal_adc_ex.c 0x00000000   Number         0  stm32f4xx_hal_adc_ex.o ABSOLUTE
    ..\Drivers\STM32F4xx_HAL_Driver\Src\stm32f4xx_hal_cortex.c 0x00000000   Number         0  stm32f4xx_hal_cortex.o ABSOLUTE
    ..\Drivers\STM32F4xx_HAL_Driver\Src\stm32f4xx_hal_dma.c 0x00000000   Number         0  stm32f4xx_hal_dma.o ABSOLUTE
    ..\Drivers\STM32F4xx_HAL_Driver\Src\stm32f4xx_hal_dma_ex.c 0x00000000   Number         0  stm32f4xx_hal_dma_ex.o ABSOLUTE
    ..\Drivers\STM32F4xx_HAL_Driver\Src\stm32f4xx_hal_flash.c 0x00000000   Number         0  stm32f4xx_hal_flash.o ABSOLUTE
    ..\Drivers\STM32F4xx_HAL_Driver\Src\stm32f4xx_hal_flash_ex.c 0x00000000   Number         0  stm32f4xx_hal_flash_ex.o ABSOLUTE
    ..\Drivers\STM32F4xx_HAL_Driver\Src\stm32f4xx_hal_flash_ramfunc.c 0x00000000   Number         0  stm32f4xx_hal_flash_ramfunc.o ABSOLUTE
    ..\Drivers\STM32F4xx_HAL_Driver\Src\stm32f4xx_hal_gpio.c 0x00000000   Number         0  stm32f4xx_hal_gpio.o ABSOLUTE
    ..\Drivers\STM32F4xx_HAL_Driver\Src\stm32f4xx_hal_pwr.c 0x00000000   Number         0  stm32f4xx_hal_pwr.o ABSOLUTE
    ..\Drivers\STM32F4xx_HAL_Driver\Src\stm32f4xx_hal_pwr_ex.c 0x00000000   Number         0  stm32f4xx_hal_pwr_ex.o ABSOLUTE
    ..\Drivers\STM32F4xx_HAL_Driver\Src\stm32f4xx_hal_rcc.c 0x00000000   Number         0  stm32f4xx_hal_rcc.o ABSOLUTE
    ..\Drivers\STM32F4xx_HAL_Driver\Src\stm32f4xx_hal_rcc_ex.c 0x00000000   Number         0  stm32f4xx_hal_rcc_ex.o ABSOLUTE
    ..\Drivers\STM32F4xx_HAL_Driver\Src\stm32f4xx_hal_tim.c 0x00000000   Number         0  stm32f4xx_hal_tim.o ABSOLUTE
    ..\Drivers\STM32F4xx_HAL_Driver\Src\stm32f4xx_hal_tim_ex.c 0x00000000   Number         0  stm32f4xx_hal_tim_ex.o ABSOLUTE
    ..\Drivers\STM32F4xx_HAL_Driver\Src\stm32f4xx_hal_uart.c 0x00000000   Number         0  stm32f4xx_hal_uart.o ABSOLUTE
    ..\Src\eeprom.c                          0x00000000   Number         0  eeprom.o ABSOLUTE
    ..\Src\main.c                            0x00000000   Number         0  main.o ABSOLUTE
    ..\Src\stm32f4xx_hal_msp.c               0x00000000   Number         0  stm32f4xx_hal_msp.o ABSOLUTE
    ..\Src\stm32f4xx_it.c                    0x00000000   Number         0  stm32f4xx_it.o ABSOLUTE
    ..\\Drivers\\STM32F4xx_HAL_Driver\\Src\\stm32f4xx_hal_adc.c 0x00000000   Number         0  stm32f4xx_hal_adc.o ABSOLUTE
    ..\\Drivers\\STM32F4xx_HAL_Driver\\Src\\stm32f4xx_hal_adc_ex.c 0x00000000   Number         0  stm32f4xx_hal_adc_ex.o ABSOLUTE
    ..\\Src\\eeprom.c                        0x00000000   Number         0  eeprom.o ABSOLUTE
    ADC-DMA.c                                0x00000000   Number         0  adc-dma.o ABSOLUTE
    ADC-DMA.c                                0x00000000   Number         0  adc-dma.o ABSOLUTE
    DMX-IT.c                                 0x00000000   Number         0  dmx-it.o ABSOLUTE
    DMX-IT.c                                 0x00000000   Number         0  dmx-it.o ABSOLUTE
    DMX-handle.c                             0x00000000   Number         0  dmx-handle.o ABSOLUTE
    DMX-handle.c                             0x00000000   Number         0  dmx-handle.o ABSOLUTE
    User-library\\src\\DMX-Init.c            0x00000000   Number         0  dmx-init.o ABSOLUTE
    User-library\\src\\KeyPad.c              0x00000000   Number         0  keypad.o ABSOLUTE
    User-library\src\DMX-Init.c              0x00000000   Number         0  dmx-init.o ABSOLUTE
    User-library\src\KeyPad.c                0x00000000   Number         0  keypad.o ABSOLUTE
    dc.s                                     0x00000000   Number         0  dc.o ABSOLUTE
    handlers.s                               0x00000000   Number         0  handlers.o ABSOLUTE
    init.s                                   0x00000000   Number         0  init.o ABSOLUTE
    startup_stm32f407xx.s                    0x00000000   Number         0  startup_stm32f407xx.o ABSOLUTE
    RESET                                    0x08000000   Section      392  startup_stm32f407xx.o(RESET)
    .ARM.Collect$$$$00000000                 0x08000188   Section        0  entry.o(.ARM.Collect$$$$00000000)
    .ARM.Collect$$$$00000001                 0x08000188   Section        4  entry2.o(.ARM.Collect$$$$00000001)
    .ARM.Collect$$$$00000004                 0x0800018c   Section        4  entry5.o(.ARM.Collect$$$$00000004)
    .ARM.Collect$$$$00000008                 0x08000190   Section        0  entry7b.o(.ARM.Collect$$$$00000008)
    .ARM.Collect$$$$0000000A                 0x08000190   Section        0  entry8b.o(.ARM.Collect$$$$0000000A)
    .ARM.Collect$$$$0000000B                 0x08000190   Section        8  entry9a.o(.ARM.Collect$$$$0000000B)
    .ARM.Collect$$$$0000000D                 0x08000198   Section        0  entry10a.o(.ARM.Collect$$$$0000000D)
    .ARM.Collect$$$$0000000F                 0x08000198   Section        0  entry11a.o(.ARM.Collect$$$$0000000F)
    .ARM.Collect$$$$00002712                 0x08000198   Section        4  entry2.o(.ARM.Collect$$$$00002712)
    __lit__00000000                          0x08000198   Data           4  entry2.o(.ARM.Collect$$$$00002712)
    .text                                    0x0800019c   Section       36  startup_stm32f407xx.o(.text)
    $v0                                      0x0800019c   Number         0  startup_stm32f407xx.o(.text)
    .text                                    0x080001c0   Section        0  memseta.o(.text)
    .text                                    0x080001e4   Section        0  strlen.o(.text)
    .text                                    0x080001f2   Section        0  calloc.o(.text)
    .text                                    0x0800020e   Section        0  atoi.o(.text)
    .text                                    0x08000228   Section        0  strtol.o(.text)
    .text                                    0x08000298   Section       36  init.o(.text)
    .text                                    0x080002bc   Section        0  ctype_o.o(.text)
    .text                                    0x080002c4   Section        0  _strtoul.o(.text)
    .text                                    0x08000362   Section        0  _chval.o(.text)
    i.ADC_DMAConvCplt                        0x0800037e   Section        0  stm32f4xx_hal_adc.o(i.ADC_DMAConvCplt)
    ADC_DMAConvCplt                          0x0800037f   Thumb Code   110  stm32f4xx_hal_adc.o(i.ADC_DMAConvCplt)
    i.ADC_DMAError                           0x080003ec   Section        0  stm32f4xx_hal_adc.o(i.ADC_DMAError)
    ADC_DMAError                             0x080003ed   Thumb Code    26  stm32f4xx_hal_adc.o(i.ADC_DMAError)
    i.ADC_DMAHalfConvCplt                    0x08000406   Section        0  stm32f4xx_hal_adc.o(i.ADC_DMAHalfConvCplt)
    ADC_DMAHalfConvCplt                      0x08000407   Thumb Code    14  stm32f4xx_hal_adc.o(i.ADC_DMAHalfConvCplt)
    i.ADC_IRQHandler                         0x08000414   Section        0  stm32f4xx_it.o(i.ADC_IRQHandler)
    i.ADC_Init                               0x08000424   Section        0  stm32f4xx_hal_adc.o(i.ADC_Init)
    ADC_Init                                 0x08000425   Thumb Code   362  stm32f4xx_hal_adc.o(i.ADC_Init)
    i.DMA2_Stream0_IRQHandler                0x0800059c   Section        0  stm32f4xx_it.o(i.DMA2_Stream0_IRQHandler)
    i.DMA_CalcBaseAndBitshift                0x080005ac   Section        0  stm32f4xx_hal_dma.o(i.DMA_CalcBaseAndBitshift)
    DMA_CalcBaseAndBitshift                  0x080005ad   Thumb Code    34  stm32f4xx_hal_dma.o(i.DMA_CalcBaseAndBitshift)
    i.DMA_SetConfig                          0x080005d4   Section        0  stm32f4xx_hal_dma.o(i.DMA_SetConfig)
    DMA_SetConfig                            0x080005d5   Thumb Code    40  stm32f4xx_hal_dma.o(i.DMA_SetConfig)
    i.DMX_DisableUsart                       0x080005fc   Section        0  dmx-init.o(i.DMX_DisableUsart)
    i.DMX_EnableUsart                        0x08000608   Section        0  dmx-init.o(i.DMX_EnableUsart)
    i.DMX_GPIO_DeInit                        0x0800061c   Section        0  dmx-init.o(i.DMX_GPIO_DeInit)
    i.DMX_GPIO_Init                          0x08000640   Section        0  dmx-init.o(i.DMX_GPIO_Init)
    i.EE_FindValidPage                       0x08000664   Section        0  eeprom.o(i.EE_FindValidPage)
    EE_FindValidPage                         0x08000665   Thumb Code    80  eeprom.o(i.EE_FindValidPage)
    i.EE_Format                              0x080006bc   Section        0  eeprom.o(i.EE_Format)
    EE_Format                                0x080006bd   Thumb Code   102  eeprom.o(i.EE_Format)
    i.EE_Init                                0x0800072c   Section        0  eeprom.o(i.EE_Init)
    i.EE_PageTransfer                        0x080009a0   Section        0  eeprom.o(i.EE_PageTransfer)
    EE_PageTransfer                          0x080009a1   Thumb Code   240  eeprom.o(i.EE_PageTransfer)
    i.EE_ReadVariable                        0x08000aa0   Section        0  eeprom.o(i.EE_ReadVariable)
    i.EE_VerifyPageFullWriteVariable         0x08000b00   Section        0  eeprom.o(i.EE_VerifyPageFullWriteVariable)
    EE_VerifyPageFullWriteVariable           0x08000b01   Thumb Code   112  eeprom.o(i.EE_VerifyPageFullWriteVariable)
    i.EE_VerifyPageFullyErased               0x08000b78   Section        0  eeprom.o(i.EE_VerifyPageFullyErased)
    EE_VerifyPageFullyErased                 0x08000b79   Thumb Code    38  eeprom.o(i.EE_VerifyPageFullyErased)
    i.EE_WriteVariable                       0x08000ba4   Section        0  eeprom.o(i.EE_WriteVariable)
    i.Error                                  0x08000bc8   Section        0  main.o(i.Error)
    i.FLASH_Erase_Sector                     0x08000bf0   Section        0  stm32f4xx_hal_flash_ex.o(i.FLASH_Erase_Sector)
    i.FLASH_FlushCaches                      0x08000c58   Section        0  stm32f4xx_hal_flash_ex.o(i.FLASH_FlushCaches)
    i.FLASH_MassErase                        0x08000cd0   Section        0  stm32f4xx_hal_flash_ex.o(i.FLASH_MassErase)
    FLASH_MassErase                          0x08000cd1   Thumb Code    42  stm32f4xx_hal_flash_ex.o(i.FLASH_MassErase)
    i.FLASH_Program_Byte                     0x08000d00   Section        0  stm32f4xx_hal_flash.o(i.FLASH_Program_Byte)
    FLASH_Program_Byte                       0x08000d01   Thumb Code    32  stm32f4xx_hal_flash.o(i.FLASH_Program_Byte)
    i.FLASH_Program_DoubleWord               0x08000d24   Section        0  stm32f4xx_hal_flash.o(i.FLASH_Program_DoubleWord)
    FLASH_Program_DoubleWord                 0x08000d25   Thumb Code    40  stm32f4xx_hal_flash.o(i.FLASH_Program_DoubleWord)
    i.FLASH_Program_HalfWord                 0x08000d50   Section        0  stm32f4xx_hal_flash.o(i.FLASH_Program_HalfWord)
    FLASH_Program_HalfWord                   0x08000d51   Thumb Code    36  stm32f4xx_hal_flash.o(i.FLASH_Program_HalfWord)
    i.FLASH_Program_Word                     0x08000d78   Section        0  stm32f4xx_hal_flash.o(i.FLASH_Program_Word)
    FLASH_Program_Word                       0x08000d79   Thumb Code    36  stm32f4xx_hal_flash.o(i.FLASH_Program_Word)
    i.FLASH_SetErrorCode                     0x08000da0   Section        0  stm32f4xx_hal_flash.o(i.FLASH_SetErrorCode)
    FLASH_SetErrorCode                       0x08000da1   Thumb Code   172  stm32f4xx_hal_flash.o(i.FLASH_SetErrorCode)
    i.FLASH_WaitForLastOperation             0x08000e54   Section        0  stm32f4xx_hal_flash.o(i.FLASH_WaitForLastOperation)
    i.HAL_ADCEx_InjectedConvCpltCallback     0x08000ec4   Section        0  stm32f4xx_hal_adc_ex.o(i.HAL_ADCEx_InjectedConvCpltCallback)
    i.HAL_ADC_ConfigChannel                  0x08000ec8   Section        0  stm32f4xx_hal_adc.o(i.HAL_ADC_ConfigChannel)
    i.HAL_ADC_ConvCpltCallback               0x0800105c   Section        0  stm32f4xx_hal_adc.o(i.HAL_ADC_ConvCpltCallback)
    i.HAL_ADC_ConvHalfCpltCallback           0x08001060   Section        0  dmx-it.o(i.HAL_ADC_ConvHalfCpltCallback)
    i.HAL_ADC_ErrorCallback                  0x08001084   Section        0  stm32f4xx_hal_adc.o(i.HAL_ADC_ErrorCallback)
    i.HAL_ADC_IRQHandler                     0x08001086   Section        0  stm32f4xx_hal_adc.o(i.HAL_ADC_IRQHandler)
    i.HAL_ADC_Init                           0x080011fc   Section        0  stm32f4xx_hal_adc.o(i.HAL_ADC_Init)
    i.HAL_ADC_LevelOutOfWindowCallback       0x08001264   Section        0  stm32f4xx_hal_adc.o(i.HAL_ADC_LevelOutOfWindowCallback)
    i.HAL_ADC_MspInit                        0x08001268   Section        0  stm32f4xx_hal_msp.o(i.HAL_ADC_MspInit)
    i.HAL_ADC_Start_DMA                      0x0800130c   Section        0  stm32f4xx_hal_adc.o(i.HAL_ADC_Start_DMA)
    i.HAL_ADC_Start_IT                       0x08001454   Section        0  stm32f4xx_hal_adc.o(i.HAL_ADC_Start_IT)
    i.HAL_ADC_Stop_IT                        0x08001560   Section        0  stm32f4xx_hal_adc.o(i.HAL_ADC_Stop_IT)
    i.HAL_DMA_IRQHandler                     0x080015b8   Section        0  stm32f4xx_hal_dma.o(i.HAL_DMA_IRQHandler)
    i.HAL_DMA_Init                           0x08001758   Section        0  stm32f4xx_hal_dma.o(i.HAL_DMA_Init)
    i.HAL_DMA_Start_IT                       0x080017d0   Section        0  stm32f4xx_hal_dma.o(i.HAL_DMA_Start_IT)
    i.HAL_Delay                              0x0800181e   Section        0  stm32f4xx_hal.o(i.HAL_Delay)
    i.HAL_FLASHEx_Erase                      0x08001838   Section        0  stm32f4xx_hal_flash_ex.o(i.HAL_FLASHEx_Erase)
    i.HAL_FLASH_Lock                         0x080018e4   Section        0  stm32f4xx_hal_flash.o(i.HAL_FLASH_Lock)
    i.HAL_FLASH_Program                      0x080018f8   Section        0  stm32f4xx_hal_flash.o(i.HAL_FLASH_Program)
    i.HAL_FLASH_Unlock                       0x08001990   Section        0  stm32f4xx_hal_flash.o(i.HAL_FLASH_Unlock)
    i.HAL_GPIO_DeInit                        0x080019bc   Section        0  stm32f4xx_hal_gpio.o(i.HAL_GPIO_DeInit)
    i.HAL_GPIO_Init                          0x08001b1c   Section        0  stm32f4xx_hal_gpio.o(i.HAL_GPIO_Init)
    i.HAL_GPIO_ReadPin                       0x08001cdc   Section        0  stm32f4xx_hal_gpio.o(i.HAL_GPIO_ReadPin)
    i.HAL_GPIO_TogglePin                     0x08001ce6   Section        0  stm32f4xx_hal_gpio.o(i.HAL_GPIO_TogglePin)
    i.HAL_GPIO_WritePin                      0x08001cee   Section        0  stm32f4xx_hal_gpio.o(i.HAL_GPIO_WritePin)
    i.HAL_GetREVID                           0x08001cf8   Section        0  stm32f4xx_hal.o(i.HAL_GetREVID)
    i.HAL_GetTick                            0x08001d04   Section        0  stm32f4xx_hal.o(i.HAL_GetTick)
    i.HAL_IncTick                            0x08001d10   Section        0  stm32f4xx_hal.o(i.HAL_IncTick)
    i.HAL_Init                               0x08001d20   Section        0  stm32f4xx_hal.o(i.HAL_Init)
    i.HAL_InitTick                           0x08001d5c   Section        0  stm32f4xx_hal.o(i.HAL_InitTick)
    i.HAL_MspInit                            0x08001d80   Section        0  stm32f4xx_hal_msp.o(i.HAL_MspInit)
    i.HAL_NVIC_DisableIRQ                    0x08001dc4   Section        0  stm32f4xx_hal_cortex.o(i.HAL_NVIC_DisableIRQ)
    i.HAL_NVIC_EnableIRQ                     0x08001de0   Section        0  stm32f4xx_hal_cortex.o(i.HAL_NVIC_EnableIRQ)
    i.HAL_NVIC_SetPriority                   0x08001dfa   Section        0  stm32f4xx_hal_cortex.o(i.HAL_NVIC_SetPriority)
    i.HAL_NVIC_SetPriorityGrouping           0x08001e78   Section        0  stm32f4xx_hal_cortex.o(i.HAL_NVIC_SetPriorityGrouping)
    i.HAL_RCC_ClockConfig                    0x08001ea0   Section        0  stm32f4xx_hal_rcc.o(i.HAL_RCC_ClockConfig)
    i.HAL_RCC_GetHCLKFreq                    0x08002044   Section        0  stm32f4xx_hal_rcc.o(i.HAL_RCC_GetHCLKFreq)
    i.HAL_RCC_GetPCLK1Freq                   0x0800207c   Section        0  stm32f4xx_hal_rcc.o(i.HAL_RCC_GetPCLK1Freq)
    i.HAL_RCC_GetPCLK2Freq                   0x080020a8   Section        0  stm32f4xx_hal_rcc.o(i.HAL_RCC_GetPCLK2Freq)
    i.HAL_RCC_GetSysClockFreq                0x080020d4   Section        0  stm32f4xx_hal_rcc.o(i.HAL_RCC_GetSysClockFreq)
    i.HAL_RCC_OscConfig                      0x08002188   Section        0  stm32f4xx_hal_rcc.o(i.HAL_RCC_OscConfig)
    i.HAL_SYSTICK_CLKSourceConfig            0x08002524   Section        0  stm32f4xx_hal_cortex.o(i.HAL_SYSTICK_CLKSourceConfig)
    i.HAL_SYSTICK_Callback                   0x0800254c   Section        0  stm32f4xx_hal_cortex.o(i.HAL_SYSTICK_Callback)
    i.HAL_SYSTICK_Config                     0x0800254e   Section        0  stm32f4xx_hal_cortex.o(i.HAL_SYSTICK_Config)
    i.HAL_SYSTICK_IRQHandler                 0x08002582   Section        0  stm32f4xx_hal_cortex.o(i.HAL_SYSTICK_IRQHandler)
    i.HAL_TIMEx_BreakCallback                0x0800258a   Section        0  stm32f4xx_hal_tim_ex.o(i.HAL_TIMEx_BreakCallback)
    i.HAL_TIMEx_CommutationCallback          0x0800258c   Section        0  stm32f4xx_hal_tim_ex.o(i.HAL_TIMEx_CommutationCallback)
    i.HAL_TIMEx_MasterConfigSynchronization  0x0800258e   Section        0  stm32f4xx_hal_tim_ex.o(i.HAL_TIMEx_MasterConfigSynchronization)
    i.HAL_TIM_Base_Init                      0x080025f0   Section        0  stm32f4xx_hal_tim.o(i.HAL_TIM_Base_Init)
    i.HAL_TIM_Base_MspInit                   0x08002624   Section        0  stm32f4xx_hal_msp.o(i.HAL_TIM_Base_MspInit)
    i.HAL_TIM_Base_Start_IT                  0x08002654   Section        0  stm32f4xx_hal_tim.o(i.HAL_TIM_Base_Start_IT)
    i.HAL_TIM_Base_Stop_IT                   0x08002672   Section        0  stm32f4xx_hal_tim.o(i.HAL_TIM_Base_Stop_IT)
    i.HAL_TIM_ConfigClockSource              0x080026aa   Section        0  stm32f4xx_hal_tim.o(i.HAL_TIM_ConfigClockSource)
    i.HAL_TIM_IC_CaptureCallback             0x080027dc   Section        0  stm32f4xx_hal_tim.o(i.HAL_TIM_IC_CaptureCallback)
    i.HAL_TIM_IRQHandler                     0x080027de   Section        0  stm32f4xx_hal_tim.o(i.HAL_TIM_IRQHandler)
    i.HAL_TIM_OC_DelayElapsedCallback        0x08002974   Section        0  stm32f4xx_hal_tim.o(i.HAL_TIM_OC_DelayElapsedCallback)
    i.HAL_TIM_PWM_PulseFinishedCallback      0x08002976   Section        0  stm32f4xx_hal_tim.o(i.HAL_TIM_PWM_PulseFinishedCallback)
    i.HAL_TIM_PeriodElapsedCallback          0x08002978   Section        0  dmx-it.o(i.HAL_TIM_PeriodElapsedCallback)
    i.HAL_TIM_TriggerCallback                0x08002a68   Section        0  stm32f4xx_hal_tim.o(i.HAL_TIM_TriggerCallback)
    i.HAL_UART_ErrorCallback                 0x08002a6a   Section        0  stm32f4xx_hal_uart.o(i.HAL_UART_ErrorCallback)
    i.HAL_UART_IRQHandler                    0x08002a6c   Section        0  stm32f4xx_hal_uart.o(i.HAL_UART_IRQHandler)
    i.HAL_UART_Init                          0x08002ba0   Section        0  stm32f4xx_hal_uart.o(i.HAL_UART_Init)
    i.HAL_UART_MspDeInit                     0x08002c14   Section        0  stm32f4xx_hal_msp.o(i.HAL_UART_MspDeInit)
    i.HAL_UART_MspInit                       0x08002c54   Section        0  stm32f4xx_hal_msp.o(i.HAL_UART_MspInit)
    i.HAL_UART_RxCpltCallback                0x08002cd0   Section        0  stm32f4xx_hal_uart.o(i.HAL_UART_RxCpltCallback)
    i.HAL_UART_Transmit_IT                   0x08002cd2   Section        0  stm32f4xx_hal_uart.o(i.HAL_UART_Transmit_IT)
    i.HAL_UART_TxCpltCallback                0x08002d2c   Section        0  dmx-it.o(i.HAL_UART_TxCpltCallback)
    i.KeyPad_check_but                       0x08002d84   Section        0  keypad.o(i.KeyPad_check_but)
    i.KeyPad_check_col                       0x08002e00   Section        0  keypad.o(i.KeyPad_check_col)
    i.KeyPad_getKey                          0x08002e48   Section        0  keypad.o(i.KeyPad_getKey)
    i.KeyPad_get_key                         0x08002eb4   Section        0  keypad.o(i.KeyPad_get_key)
    i.KeyPad_getascii                        0x08002ef0   Section        0  keypad.o(i.KeyPad_getascii)
    i.KeyPad_init                            0x08002f50   Section        0  keypad.o(i.KeyPad_init)
    i.KeyPad_scan_row                        0x08003010   Section        0  keypad.o(i.KeyPad_scan_row)
    i.MX_ADC1_Init                           0x08003088   Section        0  dmx-init.o(i.MX_ADC1_Init)
    i.MX_DMA_Init                            0x08003164   Section        0  dmx-init.o(i.MX_DMA_Init)
    i.MX_GPIO_Init                           0x080031e8   Section        0  dmx-init.o(i.MX_GPIO_Init)
    i.MX_NVIC_Init                           0x080032a8   Section        0  dmx-init.o(i.MX_NVIC_Init)
    i.MX_TIM2_Init                           0x080032ec   Section        0  dmx-init.o(i.MX_TIM2_Init)
    i.MX_TIM3_Init                           0x08003334   Section        0  dmx-init.o(i.MX_TIM3_Init)
    i.MX_USART1_UART_Init                    0x080033a8   Section        0  dmx-init.o(i.MX_USART1_UART_Init)
    i.NVIC_GetPriorityGrouping               0x080033e0   Section        0  stm32f4xx_hal_cortex.o(i.NVIC_GetPriorityGrouping)
    NVIC_GetPriorityGrouping                 0x080033e1   Thumb Code    10  stm32f4xx_hal_cortex.o(i.NVIC_GetPriorityGrouping)
    i.NVIC_SetPriority                       0x080033f0   Section        0  stm32f4xx_hal_cortex.o(i.NVIC_SetPriority)
    NVIC_SetPriority                         0x080033f1   Thumb Code    32  stm32f4xx_hal_cortex.o(i.NVIC_SetPriority)
    i.SysTick_Handler                        0x08003418   Section        0  stm32f4xx_it.o(i.SysTick_Handler)
    i.SystemClock_Config                     0x08003424   Section        0  dmx-init.o(i.SystemClock_Config)
    i.SystemInit                             0x080034f4   Section        0  system_stm32f4xx.o(i.SystemInit)
    i.TIM2_IRQHandler                        0x08003548   Section        0  stm32f4xx_it.o(i.TIM2_IRQHandler)
    i.TIM3_IRQHandler                        0x08003558   Section        0  stm32f4xx_it.o(i.TIM3_IRQHandler)
    i.TIM_Base_SetConfig                     0x08003568   Section        0  stm32f4xx_hal_tim.o(i.TIM_Base_SetConfig)
    i.TIM_ETR_SetConfig                      0x0800364c   Section        0  stm32f4xx_hal_tim.o(i.TIM_ETR_SetConfig)
    TIM_ETR_SetConfig                        0x0800364d   Thumb Code    24  stm32f4xx_hal_tim.o(i.TIM_ETR_SetConfig)
    i.TIM_ITRx_SetConfig                     0x08003664   Section        0  stm32f4xx_hal_tim.o(i.TIM_ITRx_SetConfig)
    TIM_ITRx_SetConfig                       0x08003665   Thumb Code    20  stm32f4xx_hal_tim.o(i.TIM_ITRx_SetConfig)
    i.TIM_TI1_ConfigInputStage               0x08003678   Section        0  stm32f4xx_hal_tim.o(i.TIM_TI1_ConfigInputStage)
    TIM_TI1_ConfigInputStage                 0x08003679   Thumb Code    42  stm32f4xx_hal_tim.o(i.TIM_TI1_ConfigInputStage)
    i.TIM_TI2_ConfigInputStage               0x080036a2   Section        0  stm32f4xx_hal_tim.o(i.TIM_TI2_ConfigInputStage)
    TIM_TI2_ConfigInputStage                 0x080036a3   Thumb Code    44  stm32f4xx_hal_tim.o(i.TIM_TI2_ConfigInputStage)
    i.UART_EndTransmit_IT                    0x080036ce   Section        0  stm32f4xx_hal_uart.o(i.UART_EndTransmit_IT)
    UART_EndTransmit_IT                      0x080036cf   Thumb Code    32  stm32f4xx_hal_uart.o(i.UART_EndTransmit_IT)
    i.UART_Receive_IT                        0x080036ee   Section        0  stm32f4xx_hal_uart.o(i.UART_Receive_IT)
    UART_Receive_IT                          0x080036ef   Thumb Code   166  stm32f4xx_hal_uart.o(i.UART_Receive_IT)
    i.UART_SetConfig                         0x08003794   Section        0  stm32f4xx_hal_uart.o(i.UART_SetConfig)
    UART_SetConfig                           0x08003795   Thumb Code   864  stm32f4xx_hal_uart.o(i.UART_SetConfig)
    i.UART_Transmit_IT                       0x08003afc   Section        0  stm32f4xx_hal_uart.o(i.UART_Transmit_IT)
    UART_Transmit_IT                         0x08003afd   Thumb Code   104  stm32f4xx_hal_uart.o(i.UART_Transmit_IT)
    i.USART1_IRQHandler                      0x08003b64   Section        0  stm32f4xx_it.o(i.USART1_IRQHandler)
    i.__aeabi_errno_addr                     0x08003b74   Section        0  errno.o(i.__aeabi_errno_addr)
    i.__scatterload_copy                     0x08003b7c   Section       14  handlers.o(i.__scatterload_copy)
    i.__scatterload_null                     0x08003b8a   Section        2  handlers.o(i.__scatterload_null)
    i.__scatterload_zeroinit                 0x08003b8c   Section       14  handlers.o(i.__scatterload_zeroinit)
    i.checknum                               0x08003b9a   Section        0  keypad.o(i.checknum)
    i.dmx_add_group                          0x08003bcc   Section        0  dmx-handle.o(i.dmx_add_group)
    i.dmx_add_scanner                        0x08003c64   Section        0  dmx-handle.o(i.dmx_add_scanner)
    i.dmx_add_scene                          0x08003cd4   Section        0  dmx-handle.o(i.dmx_add_scene)
    i.dmx_add_set                            0x08003d20   Section        0  dmx-handle.o(i.dmx_add_set)
    i.dmx_auto_play                          0x08003d58   Section        0  dmx-handle.o(i.dmx_auto_play)
    i.dmx_getstring                          0x08003d9c   Section        0  dmx-handle.o(i.dmx_getstring)
    i.dmx_main                               0x08003e54   Section        0  dmx-handle.o(i.dmx_main)
    i.dmx_out_scanner                        0x08003ea4   Section        0  dmx-handle.o(i.dmx_out_scanner)
    i.dmx_out_scene                          0x08003ed4   Section        0  dmx-handle.o(i.dmx_out_scene)
    i.dmx_out_set                            0x08003f28   Section        0  dmx-handle.o(i.dmx_out_set)
    i.dmx_scan_color                         0x08003f58   Section        0  dmx-handle.o(i.dmx_scan_color)
    i.dmx_select_set                         0x08003fe8   Section        0  dmx-handle.o(i.dmx_select_set)
    i.free                                   0x08004050   Section        0  malloc.o(i.free)
    i.main                                   0x080040a0   Section        0  main.o(i.main)
    i.malloc                                 0x080041dc   Section        0  malloc.o(i.malloc)
    .constdata                               0x08004248   Section        8  stm32f4xx_hal_dma.o(.constdata)
    flagBitshiftOffset                       0x08004248   Data           8  stm32f4xx_hal_dma.o(.constdata)
    .constdata                               0x08004250   Section       16  stm32f4xx_hal_rcc.o(.constdata)
    .constdata                               0x08004260   Section      129  ctype_o.o(.constdata)
    .constdata                               0x080042e4   Section        4  ctype_o.o(.constdata)
    table                                    0x080042e4   Data           4  ctype_o.o(.constdata)
    .data                                    0x20000000   Section        4  system_stm32f4xx.o(.data)
    .data                                    0x20000004   Section       24  main.o(.data)
    .data                                    0x2000001c   Section        1  dmx-init.o(.data)
    .data                                    0x20000020   Section       22  dmx-handle.o(.data)
    out_set_cur                              0x2000002d   Data           1  dmx-handle.o(.data)
    out_scene_cur                            0x2000002e   Data           1  dmx-handle.o(.data)
    st                                       0x20000034   Data           1  dmx-handle.o(.data)
    count                                    0x20000035   Data           1  dmx-handle.o(.data)
    .data                                    0x20000036   Section        2  eeprom.o(.data)
    .data                                    0x20000038   Section        4  stm32f4xx_hal.o(.data)
    .data                                    0x2000003c   Section        4  mvars.o(.data)
    .data                                    0x20000040   Section        4  mvars.o(.data)
    .data                                    0x20000044   Section        4  errno.o(.data)
    _errno                                   0x20000044   Data           4  errno.o(.data)
    .bss                                     0x20000048   Section      388  dmx-init.o(.bss)
    .bss                                     0x200001cc   Section     9351  dmx-handle.o(.bss)
    .bss                                     0x20002654   Section       32  stm32f4xx_hal_flash.o(.bss)
    HEAP                                     0x20002678   Section      512  startup_stm32f407xx.o(HEAP)
    STACK                                    0x20002878   Section     1024  startup_stm32f407xx.o(STACK)

    Global Symbols

    Symbol Name                              Value     Ov Type        Size  Object(Section)

    BuildAttributes$$THM_ISAv4$E$P$D$K$B$S$7EM$VFPi3$EXTD16$VFPS$VFMA$PE$A:L22UL41UL21$X:L11$S22US41US21$IEEE1$IW$USESV6$~STKCKD$USESV7$~SHL$OSPACE$EBA8$MICROLIB$REQ8$PRES8$EABIv2 0x00000000   Number         0  anon$$obj.o ABSOLUTE
    __ARM_use_no_argv                        0x00000000   Number         0  main.o ABSOLUTE
    __cpp_initialize__aeabi_                  - Undefined Weak Reference
    __cxa_finalize                            - Undefined Weak Reference
    __decompress                              - Undefined Weak Reference
    _clock_init                               - Undefined Weak Reference
    _microlib_exit                            - Undefined Weak Reference
    __Vectors_Size                           0x00000188   Number         0  startup_stm32f407xx.o ABSOLUTE
    __Vectors                                0x08000000   Data           4  startup_stm32f407xx.o(RESET)
    __Vectors_End                            0x08000188   Data           0  startup_stm32f407xx.o(RESET)
    __main                                   0x08000189   Thumb Code     0  entry.o(.ARM.Collect$$$$00000000)
    _main_stk                                0x08000189   Thumb Code     0  entry2.o(.ARM.Collect$$$$00000001)
    _main_scatterload                        0x0800018d   Thumb Code     0  entry5.o(.ARM.Collect$$$$00000004)
    __main_after_scatterload                 0x08000191   Thumb Code     0  entry5.o(.ARM.Collect$$$$00000004)
    _main_clock                              0x08000191   Thumb Code     0  entry7b.o(.ARM.Collect$$$$00000008)
    _main_cpp_init                           0x08000191   Thumb Code     0  entry8b.o(.ARM.Collect$$$$0000000A)
    _main_init                               0x08000191   Thumb Code     0  entry9a.o(.ARM.Collect$$$$0000000B)
    __rt_final_cpp                           0x08000199   Thumb Code     0  entry10a.o(.ARM.Collect$$$$0000000D)
    __rt_final_exit                          0x08000199   Thumb Code     0  entry11a.o(.ARM.Collect$$$$0000000F)
    Reset_Handler                            0x0800019d   Thumb Code     8  startup_stm32f407xx.o(.text)
    NMI_Handler                              0x080001a5   Thumb Code     2  startup_stm32f407xx.o(.text)
    HardFault_Handler                        0x080001a7   Thumb Code     2  startup_stm32f407xx.o(.text)
    MemManage_Handler                        0x080001a9   Thumb Code     2  startup_stm32f407xx.o(.text)
    BusFault_Handler                         0x080001ab   Thumb Code     2  startup_stm32f407xx.o(.text)
    UsageFault_Handler                       0x080001ad   Thumb Code     2  startup_stm32f407xx.o(.text)
    SVC_Handler                              0x080001af   Thumb Code     2  startup_stm32f407xx.o(.text)
    DebugMon_Handler                         0x080001b1   Thumb Code     2  startup_stm32f407xx.o(.text)
    PendSV_Handler                           0x080001b3   Thumb Code     2  startup_stm32f407xx.o(.text)
    CAN1_RX0_IRQHandler                      0x080001b7   Thumb Code     0  startup_stm32f407xx.o(.text)
    CAN1_RX1_IRQHandler                      0x080001b7   Thumb Code     0  startup_stm32f407xx.o(.text)
    CAN1_SCE_IRQHandler                      0x080001b7   Thumb Code     0  startup_stm32f407xx.o(.text)
    CAN1_TX_IRQHandler                       0x080001b7   Thumb Code     0  startup_stm32f407xx.o(.text)
    CAN2_RX0_IRQHandler                      0x080001b7   Thumb Code     0  startup_stm32f407xx.o(.text)
    CAN2_RX1_IRQHandler                      0x080001b7   Thumb Code     0  startup_stm32f407xx.o(.text)
    CAN2_SCE_IRQHandler                      0x080001b7   Thumb Code     0  startup_stm32f407xx.o(.text)
    CAN2_TX_IRQHandler                       0x080001b7   Thumb Code     0  startup_stm32f407xx.o(.text)
    DCMI_IRQHandler                          0x080001b7   Thumb Code     0  startup_stm32f407xx.o(.text)
    DMA1_Stream0_IRQHandler                  0x080001b7   Thumb Code     0  startup_stm32f407xx.o(.text)
    DMA1_Stream1_IRQHandler                  0x080001b7   Thumb Code     0  startup_stm32f407xx.o(.text)
    DMA1_Stream2_IRQHandler                  0x080001b7   Thumb Code     0  startup_stm32f407xx.o(.text)
    DMA1_Stream3_IRQHandler                  0x080001b7   Thumb Code     0  startup_stm32f407xx.o(.text)
    DMA1_Stream4_IRQHandler                  0x080001b7   Thumb Code     0  startup_stm32f407xx.o(.text)
    DMA1_Stream5_IRQHandler                  0x080001b7   Thumb Code     0  startup_stm32f407xx.o(.text)
    DMA1_Stream6_IRQHandler                  0x080001b7   Thumb Code     0  startup_stm32f407xx.o(.text)
    DMA1_Stream7_IRQHandler                  0x080001b7   Thumb Code     0  startup_stm32f407xx.o(.text)
    DMA2_Stream1_IRQHandler                  0x080001b7   Thumb Code     0  startup_stm32f407xx.o(.text)
    DMA2_Stream2_IRQHandler                  0x080001b7   Thumb Code     0  startup_stm32f407xx.o(.text)
    DMA2_Stream3_IRQHandler                  0x080001b7   Thumb Code     0  startup_stm32f407xx.o(.text)
    DMA2_Stream4_IRQHandler                  0x080001b7   Thumb Code     0  startup_stm32f407xx.o(.text)
    DMA2_Stream5_IRQHandler                  0x080001b7   Thumb Code     0  startup_stm32f407xx.o(.text)
    DMA2_Stream6_IRQHandler                  0x080001b7   Thumb Code     0  startup_stm32f407xx.o(.text)
    DMA2_Stream7_IRQHandler                  0x080001b7   Thumb Code     0  startup_stm32f407xx.o(.text)
    ETH_IRQHandler                           0x080001b7   Thumb Code     0  startup_stm32f407xx.o(.text)
    ETH_WKUP_IRQHandler                      0x080001b7   Thumb Code     0  startup_stm32f407xx.o(.text)
    EXTI0_IRQHandler                         0x080001b7   Thumb Code     0  startup_stm32f407xx.o(.text)
    EXTI15_10_IRQHandler                     0x080001b7   Thumb Code     0  startup_stm32f407xx.o(.text)
    EXTI1_IRQHandler                         0x080001b7   Thumb Code     0  startup_stm32f407xx.o(.text)
    EXTI2_IRQHandler                         0x080001b7   Thumb Code     0  startup_stm32f407xx.o(.text)
    EXTI3_IRQHandler                         0x080001b7   Thumb Code     0  startup_stm32f407xx.o(.text)
    EXTI4_IRQHandler                         0x080001b7   Thumb Code     0  startup_stm32f407xx.o(.text)
    EXTI9_5_IRQHandler                       0x080001b7   Thumb Code     0  startup_stm32f407xx.o(.text)
    FLASH_IRQHandler                         0x080001b7   Thumb Code     0  startup_stm32f407xx.o(.text)
    FMC_IRQHandler                           0x080001b7   Thumb Code     0  startup_stm32f407xx.o(.text)
    FPU_IRQHandler                           0x080001b7   Thumb Code     0  startup_stm32f407xx.o(.text)
    HASH_RNG_IRQHandler                      0x080001b7   Thumb Code     0  startup_stm32f407xx.o(.text)
    I2C1_ER_IRQHandler                       0x080001b7   Thumb Code     0  startup_stm32f407xx.o(.text)
    I2C1_EV_IRQHandler                       0x080001b7   Thumb Code     0  startup_stm32f407xx.o(.text)
    I2C2_ER_IRQHandler                       0x080001b7   Thumb Code     0  startup_stm32f407xx.o(.text)
    I2C2_EV_IRQHandler                       0x080001b7   Thumb Code     0  startup_stm32f407xx.o(.text)
    I2C3_ER_IRQHandler                       0x080001b7   Thumb Code     0  startup_stm32f407xx.o(.text)
    I2C3_EV_IRQHandler                       0x080001b7   Thumb Code     0  startup_stm32f407xx.o(.text)
    OTG_FS_IRQHandler                        0x080001b7   Thumb Code     0  startup_stm32f407xx.o(.text)
    OTG_FS_WKUP_IRQHandler                   0x080001b7   Thumb Code     0  startup_stm32f407xx.o(.text)
    OTG_HS_EP1_IN_IRQHandler                 0x080001b7   Thumb Code     0  startup_stm32f407xx.o(.text)
    OTG_HS_EP1_OUT_IRQHandler                0x080001b7   Thumb Code     0  startup_stm32f407xx.o(.text)
    OTG_HS_IRQHandler                        0x080001b7   Thumb Code     0  startup_stm32f407xx.o(.text)
    OTG_HS_WKUP_IRQHandler                   0x080001b7   Thumb Code     0  startup_stm32f407xx.o(.text)
    PVD_IRQHandler                           0x080001b7   Thumb Code     0  startup_stm32f407xx.o(.text)
    RCC_IRQHandler                           0x080001b7   Thumb Code     0  startup_stm32f407xx.o(.text)
    RTC_Alarm_IRQHandler                     0x080001b7   Thumb Code     0  startup_stm32f407xx.o(.text)
    RTC_WKUP_IRQHandler                      0x080001b7   Thumb Code     0  startup_stm32f407xx.o(.text)
    SDIO_IRQHandler                          0x080001b7   Thumb Code     0  startup_stm32f407xx.o(.text)
    SPI1_IRQHandler                          0x080001b7   Thumb Code     0  startup_stm32f407xx.o(.text)
    SPI2_IRQHandler                          0x080001b7   Thumb Code     0  startup_stm32f407xx.o(.text)
    SPI3_IRQHandler                          0x080001b7   Thumb Code     0  startup_stm32f407xx.o(.text)
    TAMP_STAMP_IRQHandler                    0x080001b7   Thumb Code     0  startup_stm32f407xx.o(.text)
    TIM1_BRK_TIM9_IRQHandler                 0x080001b7   Thumb Code     0  startup_stm32f407xx.o(.text)
    TIM1_CC_IRQHandler                       0x080001b7   Thumb Code     0  startup_stm32f407xx.o(.text)
    TIM1_TRG_COM_TIM11_IRQHandler            0x080001b7   Thumb Code     0  startup_stm32f407xx.o(.text)
    TIM1_UP_TIM10_IRQHandler                 0x080001b7   Thumb Code     0  startup_stm32f407xx.o(.text)
    TIM4_IRQHandler                          0x080001b7   Thumb Code     0  startup_stm32f407xx.o(.text)
    TIM5_IRQHandler                          0x080001b7   Thumb Code     0  startup_stm32f407xx.o(.text)
    TIM6_DAC_IRQHandler                      0x080001b7   Thumb Code     0  startup_stm32f407xx.o(.text)
    TIM7_IRQHandler                          0x080001b7   Thumb Code     0  startup_stm32f407xx.o(.text)
    TIM8_BRK_TIM12_IRQHandler                0x080001b7   Thumb Code     0  startup_stm32f407xx.o(.text)
    TIM8_CC_IRQHandler                       0x080001b7   Thumb Code     0  startup_stm32f407xx.o(.text)
    TIM8_TRG_COM_TIM14_IRQHandler            0x080001b7   Thumb Code     0  startup_stm32f407xx.o(.text)
    TIM8_UP_TIM13_IRQHandler                 0x080001b7   Thumb Code     0  startup_stm32f407xx.o(.text)
    UART4_IRQHandler                         0x080001b7   Thumb Code     0  startup_stm32f407xx.o(.text)
    UART5_IRQHandler                         0x080001b7   Thumb Code     0  startup_stm32f407xx.o(.text)
    USART2_IRQHandler                        0x080001b7   Thumb Code     0  startup_stm32f407xx.o(.text)
    USART3_IRQHandler                        0x080001b7   Thumb Code     0  startup_stm32f407xx.o(.text)
    USART6_IRQHandler                        0x080001b7   Thumb Code     0  startup_stm32f407xx.o(.text)
    WWDG_IRQHandler                          0x080001b7   Thumb Code     0  startup_stm32f407xx.o(.text)
    __aeabi_memset                           0x080001c1   Thumb Code    14  memseta.o(.text)
    __aeabi_memset4                          0x080001c1   Thumb Code     0  memseta.o(.text)
    __aeabi_memset8                          0x080001c1   Thumb Code     0  memseta.o(.text)
    __aeabi_memclr                           0x080001cf   Thumb Code     4  memseta.o(.text)
    __aeabi_memclr4                          0x080001cf   Thumb Code     0  memseta.o(.text)
    __aeabi_memclr8                          0x080001cf   Thumb Code     0  memseta.o(.text)
    _memset$wrapper                          0x080001d3   Thumb Code    18  memseta.o(.text)
    strlen                                   0x080001e5   Thumb Code    14  strlen.o(.text)
    calloc                                   0x080001f3   Thumb Code    28  calloc.o(.text)
    atoi                                     0x0800020f   Thumb Code    26  atoi.o(.text)
    strtol                                   0x08000229   Thumb Code   112  strtol.o(.text)
    __scatterload                            0x08000299   Thumb Code    28  init.o(.text)
    __scatterload_rt2                        0x08000299   Thumb Code     0  init.o(.text)
    __rt_ctype_table                         0x080002bd   Thumb Code     4  ctype_o.o(.text)
    _strtoul                                 0x080002c5   Thumb Code   158  _strtoul.o(.text)
    _chval                                   0x08000363   Thumb Code    28  _chval.o(.text)
    ADC_IRQHandler                           0x08000415   Thumb Code    10  stm32f4xx_it.o(i.ADC_IRQHandler)
    DMA2_Stream0_IRQHandler                  0x0800059d   Thumb Code    10  stm32f4xx_it.o(i.DMA2_Stream0_IRQHandler)
    DMX_DisableUsart                         0x080005fd   Thumb Code    12  dmx-init.o(i.DMX_DisableUsart)
    DMX_EnableUsart                          0x08000609   Thumb Code    18  dmx-init.o(i.DMX_EnableUsart)
    DMX_GPIO_DeInit                          0x0800061d   Thumb Code    30  dmx-init.o(i.DMX_GPIO_DeInit)
    DMX_GPIO_Init                            0x08000641   Thumb Code    30  dmx-init.o(i.DMX_GPIO_Init)
    EE_Init                                  0x0800072d   Thumb Code   612  eeprom.o(i.EE_Init)
    EE_ReadVariable                          0x08000aa1   Thumb Code    92  eeprom.o(i.EE_ReadVariable)
    EE_WriteVariable                         0x08000ba5   Thumb Code    36  eeprom.o(i.EE_WriteVariable)
    Error                                    0x08000bc9   Thumb Code    34  main.o(i.Error)
    FLASH_Erase_Sector                       0x08000bf1   Thumb Code    98  stm32f4xx_hal_flash_ex.o(i.FLASH_Erase_Sector)
    FLASH_FlushCaches                        0x08000c59   Thumb Code   114  stm32f4xx_hal_flash_ex.o(i.FLASH_FlushCaches)
    FLASH_WaitForLastOperation               0x08000e55   Thumb Code   102  stm32f4xx_hal_flash.o(i.FLASH_WaitForLastOperation)
    HAL_ADCEx_InjectedConvCpltCallback       0x08000ec5   Thumb Code     2  stm32f4xx_hal_adc_ex.o(i.HAL_ADCEx_InjectedConvCpltCallback)
    HAL_ADC_ConfigChannel                    0x08000ec9   Thumb Code   386  stm32f4xx_hal_adc.o(i.HAL_ADC_ConfigChannel)
    HAL_ADC_ConvCpltCallback                 0x0800105d   Thumb Code     2  stm32f4xx_hal_adc.o(i.HAL_ADC_ConvCpltCallback)
    HAL_ADC_ConvHalfCpltCallback             0x08001061   Thumb Code    22  dmx-it.o(i.HAL_ADC_ConvHalfCpltCallback)
    HAL_ADC_ErrorCallback                    0x08001085   Thumb Code     2  stm32f4xx_hal_adc.o(i.HAL_ADC_ErrorCallback)
    HAL_ADC_IRQHandler                       0x08001087   Thumb Code   372  stm32f4xx_hal_adc.o(i.HAL_ADC_IRQHandler)
    HAL_ADC_Init                             0x080011fd   Thumb Code   100  stm32f4xx_hal_adc.o(i.HAL_ADC_Init)
    HAL_ADC_LevelOutOfWindowCallback         0x08001265   Thumb Code     2  stm32f4xx_hal_adc.o(i.HAL_ADC_LevelOutOfWindowCallback)
    HAL_ADC_MspInit                          0x08001269   Thumb Code   142  stm32f4xx_hal_msp.o(i.HAL_ADC_MspInit)
    HAL_ADC_Start_DMA                        0x0800130d   Thumb Code   300  stm32f4xx_hal_adc.o(i.HAL_ADC_Start_DMA)
    HAL_ADC_Start_IT                         0x08001455   Thumb Code   248  stm32f4xx_hal_adc.o(i.HAL_ADC_Start_IT)
    HAL_ADC_Stop_IT                          0x08001561   Thumb Code    84  stm32f4xx_hal_adc.o(i.HAL_ADC_Stop_IT)
    HAL_DMA_IRQHandler                       0x080015b9   Thumb Code   412  stm32f4xx_hal_dma.o(i.HAL_DMA_IRQHandler)
    HAL_DMA_Init                             0x08001759   Thumb Code   116  stm32f4xx_hal_dma.o(i.HAL_DMA_Init)
    HAL_DMA_Start_IT                         0x080017d1   Thumb Code    78  stm32f4xx_hal_dma.o(i.HAL_DMA_Start_IT)
    HAL_Delay                                0x0800181f   Thumb Code    26  stm32f4xx_hal.o(i.HAL_Delay)
    HAL_FLASHEx_Erase                        0x08001839   Thumb Code   164  stm32f4xx_hal_flash_ex.o(i.HAL_FLASHEx_Erase)
    HAL_FLASH_Lock                           0x080018e5   Thumb Code    16  stm32f4xx_hal_flash.o(i.HAL_FLASH_Lock)
    HAL_FLASH_Program                        0x080018f9   Thumb Code   142  stm32f4xx_hal_flash.o(i.HAL_FLASH_Program)
    HAL_FLASH_Unlock                         0x08001991   Thumb Code    32  stm32f4xx_hal_flash.o(i.HAL_FLASH_Unlock)
    HAL_GPIO_DeInit                          0x080019bd   Thumb Code   306  stm32f4xx_hal_gpio.o(i.HAL_GPIO_DeInit)
    HAL_GPIO_Init                            0x08001b1d   Thumb Code   398  stm32f4xx_hal_gpio.o(i.HAL_GPIO_Init)
    HAL_GPIO_ReadPin                         0x08001cdd   Thumb Code    10  stm32f4xx_hal_gpio.o(i.HAL_GPIO_ReadPin)
    HAL_GPIO_TogglePin                       0x08001ce7   Thumb Code     8  stm32f4xx_hal_gpio.o(i.HAL_GPIO_TogglePin)
    HAL_GPIO_WritePin                        0x08001cef   Thumb Code    10  stm32f4xx_hal_gpio.o(i.HAL_GPIO_WritePin)
    HAL_GetREVID                             0x08001cf9   Thumb Code     8  stm32f4xx_hal.o(i.HAL_GetREVID)
    HAL_GetTick                              0x08001d05   Thumb Code     6  stm32f4xx_hal.o(i.HAL_GetTick)
    HAL_IncTick                              0x08001d11   Thumb Code    12  stm32f4xx_hal.o(i.HAL_IncTick)
    HAL_Init                                 0x08001d21   Thumb Code    54  stm32f4xx_hal.o(i.HAL_Init)
    HAL_InitTick                             0x08001d5d   Thumb Code    36  stm32f4xx_hal.o(i.HAL_InitTick)
    HAL_MspInit                              0x08001d81   Thumb Code    66  stm32f4xx_hal_msp.o(i.HAL_MspInit)
    HAL_NVIC_DisableIRQ                      0x08001dc5   Thumb Code    22  stm32f4xx_hal_cortex.o(i.HAL_NVIC_DisableIRQ)
    HAL_NVIC_EnableIRQ                       0x08001de1   Thumb Code    26  stm32f4xx_hal_cortex.o(i.HAL_NVIC_EnableIRQ)
    HAL_NVIC_SetPriority                     0x08001dfb   Thumb Code   124  stm32f4xx_hal_cortex.o(i.HAL_NVIC_SetPriority)
    HAL_NVIC_SetPriorityGrouping             0x08001e79   Thumb Code    32  stm32f4xx_hal_cortex.o(i.HAL_NVIC_SetPriorityGrouping)
    HAL_RCC_ClockConfig                      0x08001ea1   Thumb Code   412  stm32f4xx_hal_rcc.o(i.HAL_RCC_ClockConfig)
    HAL_RCC_GetHCLKFreq                      0x08002045   Thumb Code    42  stm32f4xx_hal_rcc.o(i.HAL_RCC_GetHCLKFreq)
    HAL_RCC_GetPCLK1Freq                     0x0800207d   Thumb Code    36  stm32f4xx_hal_rcc.o(i.HAL_RCC_GetPCLK1Freq)
    HAL_RCC_GetPCLK2Freq                     0x080020a9   Thumb Code    36  stm32f4xx_hal_rcc.o(i.HAL_RCC_GetPCLK2Freq)
    HAL_RCC_GetSysClockFreq                  0x080020d5   Thumb Code   168  stm32f4xx_hal_rcc.o(i.HAL_RCC_GetSysClockFreq)
    HAL_RCC_OscConfig                        0x08002189   Thumb Code   906  stm32f4xx_hal_rcc.o(i.HAL_RCC_OscConfig)
    HAL_SYSTICK_CLKSourceConfig              0x08002525   Thumb Code    40  stm32f4xx_hal_cortex.o(i.HAL_SYSTICK_CLKSourceConfig)
    HAL_SYSTICK_Callback                     0x0800254d   Thumb Code     2  stm32f4xx_hal_cortex.o(i.HAL_SYSTICK_Callback)
    HAL_SYSTICK_Config                       0x0800254f   Thumb Code    52  stm32f4xx_hal_cortex.o(i.HAL_SYSTICK_Config)
    HAL_SYSTICK_IRQHandler                   0x08002583   Thumb Code     8  stm32f4xx_hal_cortex.o(i.HAL_SYSTICK_IRQHandler)
    HAL_TIMEx_BreakCallback                  0x0800258b   Thumb Code     2  stm32f4xx_hal_tim_ex.o(i.HAL_TIMEx_BreakCallback)
    HAL_TIMEx_CommutationCallback            0x0800258d   Thumb Code     2  stm32f4xx_hal_tim_ex.o(i.HAL_TIMEx_CommutationCallback)
    HAL_TIMEx_MasterConfigSynchronization    0x0800258f   Thumb Code    98  stm32f4xx_hal_tim_ex.o(i.HAL_TIMEx_MasterConfigSynchronization)
    HAL_TIM_Base_Init                        0x080025f1   Thumb Code    52  stm32f4xx_hal_tim.o(i.HAL_TIM_Base_Init)
    HAL_TIM_Base_MspInit                     0x08002625   Thumb Code    44  stm32f4xx_hal_msp.o(i.HAL_TIM_Base_MspInit)
    HAL_TIM_Base_Start_IT                    0x08002655   Thumb Code    30  stm32f4xx_hal_tim.o(i.HAL_TIM_Base_Start_IT)
    HAL_TIM_Base_Stop_IT                     0x08002673   Thumb Code    56  stm32f4xx_hal_tim.o(i.HAL_TIM_Base_Stop_IT)
    HAL_TIM_ConfigClockSource                0x080026ab   Thumb Code   306  stm32f4xx_hal_tim.o(i.HAL_TIM_ConfigClockSource)
    HAL_TIM_IC_CaptureCallback               0x080027dd   Thumb Code     2  stm32f4xx_hal_tim.o(i.HAL_TIM_IC_CaptureCallback)
    HAL_TIM_IRQHandler                       0x080027df   Thumb Code   406  stm32f4xx_hal_tim.o(i.HAL_TIM_IRQHandler)
    HAL_TIM_OC_DelayElapsedCallback          0x08002975   Thumb Code     2  stm32f4xx_hal_tim.o(i.HAL_TIM_OC_DelayElapsedCallback)
    HAL_TIM_PWM_PulseFinishedCallback        0x08002977   Thumb Code     2  stm32f4xx_hal_tim.o(i.HAL_TIM_PWM_PulseFinishedCallback)
    HAL_TIM_PeriodElapsedCallback            0x08002979   Thumb Code   214  dmx-it.o(i.HAL_TIM_PeriodElapsedCallback)
    HAL_TIM_TriggerCallback                  0x08002a69   Thumb Code     2  stm32f4xx_hal_tim.o(i.HAL_TIM_TriggerCallback)
    HAL_UART_ErrorCallback                   0x08002a6b   Thumb Code     2  stm32f4xx_hal_uart.o(i.HAL_UART_ErrorCallback)
    HAL_UART_IRQHandler                      0x08002a6d   Thumb Code   308  stm32f4xx_hal_uart.o(i.HAL_UART_IRQHandler)
    HAL_UART_Init                            0x08002ba1   Thumb Code   114  stm32f4xx_hal_uart.o(i.HAL_UART_Init)
    HAL_UART_MspDeInit                       0x08002c15   Thumb Code    48  stm32f4xx_hal_msp.o(i.HAL_UART_MspDeInit)
    HAL_UART_MspInit                         0x08002c55   Thumb Code   106  stm32f4xx_hal_msp.o(i.HAL_UART_MspInit)
    HAL_UART_RxCpltCallback                  0x08002cd1   Thumb Code     2  stm32f4xx_hal_uart.o(i.HAL_UART_RxCpltCallback)
    HAL_UART_Transmit_IT                     0x08002cd3   Thumb Code    88  stm32f4xx_hal_uart.o(i.HAL_UART_Transmit_IT)
    HAL_UART_TxCpltCallback                  0x08002d2d   Thumb Code    70  dmx-it.o(i.HAL_UART_TxCpltCallback)
    KeyPad_check_but                         0x08002d85   Thumb Code   116  keypad.o(i.KeyPad_check_but)
    KeyPad_check_col                         0x08002e01   Thumb Code    68  keypad.o(i.KeyPad_check_col)
    KeyPad_getKey                            0x08002e49   Thumb Code   108  keypad.o(i.KeyPad_getKey)
    KeyPad_get_key                           0x08002eb5   Thumb Code    60  keypad.o(i.KeyPad_get_key)
    KeyPad_getascii                          0x08002ef1   Thumb Code    96  keypad.o(i.KeyPad_getascii)
    KeyPad_init                              0x08002f51   Thumb Code   182  keypad.o(i.KeyPad_init)
    KeyPad_scan_row                          0x08003011   Thumb Code   110  keypad.o(i.KeyPad_scan_row)
    MX_ADC1_Init                             0x08003089   Thumb Code   198  dmx-init.o(i.MX_ADC1_Init)
    MX_DMA_Init                              0x08003165   Thumb Code   116  dmx-init.o(i.MX_DMA_Init)
    MX_GPIO_Init                             0x080031e9   Thumb Code   184  dmx-init.o(i.MX_GPIO_Init)
    MX_NVIC_Init                             0x080032a9   Thumb Code    68  dmx-init.o(i.MX_NVIC_Init)
    MX_TIM2_Init                             0x080032ed   Thumb Code    66  dmx-init.o(i.MX_TIM2_Init)
    MX_TIM3_Init                             0x08003335   Thumb Code   102  dmx-init.o(i.MX_TIM3_Init)
    MX_USART1_UART_Init                      0x080033a9   Thumb Code    44  dmx-init.o(i.MX_USART1_UART_Init)
    SysTick_Handler                          0x08003419   Thumb Code    12  stm32f4xx_it.o(i.SysTick_Handler)
    SystemClock_Config                       0x08003425   Thumb Code   196  dmx-init.o(i.SystemClock_Config)
    SystemInit                               0x080034f5   Thumb Code    66  system_stm32f4xx.o(i.SystemInit)
    TIM2_IRQHandler                          0x08003549   Thumb Code    10  stm32f4xx_it.o(i.TIM2_IRQHandler)
    TIM3_IRQHandler                          0x08003559   Thumb Code    10  stm32f4xx_it.o(i.TIM3_IRQHandler)
    TIM_Base_SetConfig                       0x08003569   Thumb Code   184  stm32f4xx_hal_tim.o(i.TIM_Base_SetConfig)
    USART1_IRQHandler                        0x08003b65   Thumb Code    10  stm32f4xx_it.o(i.USART1_IRQHandler)
    __aeabi_errno_addr                       0x08003b75   Thumb Code     4  errno.o(i.__aeabi_errno_addr)
    __rt_errno_addr                          0x08003b75   Thumb Code     0  errno.o(i.__aeabi_errno_addr)
    __scatterload_copy                       0x08003b7d   Thumb Code    14  handlers.o(i.__scatterload_copy)
    __scatterload_null                       0x08003b8b   Thumb Code     2  handlers.o(i.__scatterload_null)
    __scatterload_zeroinit                   0x08003b8d   Thumb Code    14  handlers.o(i.__scatterload_zeroinit)
    checknum                                 0x08003b9b   Thumb Code    50  keypad.o(i.checknum)
    dmx_add_group                            0x08003bcd   Thumb Code   130  dmx-handle.o(i.dmx_add_group)
    dmx_add_scanner                          0x08003c65   Thumb Code   106  dmx-handle.o(i.dmx_add_scanner)
    dmx_add_scene                            0x08003cd5   Thumb Code    72  dmx-handle.o(i.dmx_add_scene)
    dmx_add_set                              0x08003d21   Thumb Code    56  dmx-handle.o(i.dmx_add_set)
    dmx_auto_play                            0x08003d59   Thumb Code    52  dmx-handle.o(i.dmx_auto_play)
    dmx_getstring                            0x08003d9d   Thumb Code   180  dmx-handle.o(i.dmx_getstring)
    dmx_main                                 0x08003e55   Thumb Code    62  dmx-handle.o(i.dmx_main)
    dmx_out_scanner                          0x08003ea5   Thumb Code    42  dmx-handle.o(i.dmx_out_scanner)
    dmx_out_scene                            0x08003ed5   Thumb Code    70  dmx-handle.o(i.dmx_out_scene)
    dmx_out_set                              0x08003f29   Thumb Code    44  dmx-handle.o(i.dmx_out_set)
    dmx_scan_color                           0x08003f59   Thumb Code   138  dmx-handle.o(i.dmx_scan_color)
    dmx_select_set                           0x08003fe9   Thumb Code    88  dmx-handle.o(i.dmx_select_set)
    free                                     0x08004051   Thumb Code    76  malloc.o(i.free)
    main                                     0x080040a1   Thumb Code   276  main.o(i.main)
    malloc                                   0x080041dd   Thumb Code    92  malloc.o(i.malloc)
    APBAHBPrescTable                         0x08004250   Data          16  stm32f4xx_hal_rcc.o(.constdata)
    __ctype_table                            0x08004260   Data         129  ctype_o.o(.constdata)
    Region$$Table$$Base                      0x080042e8   Number         0  anon$$obj.o(Region$$Table)
    Region$$Table$$Limit                     0x08004308   Number         0  anon$$obj.o(Region$$Table)
    SystemCoreClock                          0x20000000   Data           4  system_stm32f4xx.o(.data)
    VirtAddVarTab                            0x20000004   Data           6  main.o(.data)
    VarDataTab                               0x2000000a   Data           6  main.o(.data)
    VarValue                                 0x20000010   Data           2  main.o(.data)
    VarDataTmp                               0x20000012   Data           2  main.o(.data)
    key                                      0x20000014   Data           4  main.o(.data)
    t                                        0x20000018   Data           2  main.o(.data)
    t1                                       0x2000001a   Data           2  main.o(.data)
    dmxSendState                             0x2000001c   Data           1  dmx-init.o(.data)
    v_state                                  0x20000020   Data           1  dmx-handle.o(.data)
    element_arr_scanner                      0x20000021   Data           1  dmx-handle.o(.data)
    element_arr_scene                        0x20000022   Data           1  dmx-handle.o(.data)
    set_len                                  0x20000023   Data           1  dmx-handle.o(.data)
    scene_cur                                0x20000024   Data           4  dmx-handle.o(.data)
    arr_cur                                  0x20000028   Data           4  dmx-handle.o(.data)
    len_cur                                  0x2000002c   Data           1  dmx-handle.o(.data)
    scene_current                            0x20000030   Data           4  dmx-handle.o(.data)
    DataVar                                  0x20000036   Data           2  eeprom.o(.data)
    uwTick                                   0x20000038   Data           4  stm32f4xx_hal.o(.data)
    __microlib_freelist                      0x2000003c   Data           4  mvars.o(.data)
    __microlib_freelist_initialised          0x20000040   Data           4  mvars.o(.data)
    hadc1                                    0x20000048   Data          72  dmx-init.o(.bss)
    hdma_adc1                                0x20000090   Data          88  dmx-init.o(.bss)
    htim2                                    0x200000e8   Data          60  dmx-init.o(.bss)
    htim3                                    0x20000124   Data          60  dmx-init.o(.bss)
    huart1                                   0x20000160   Data          64  dmx-init.o(.bss)
    dmxData                                  0x200001a0   Data          21  dmx-init.o(.bss)
    adcbuf                                   0x200001b8   Data          20  dmx-init.o(.bss)
    v_display_buffer                         0x200001cc   Data          34  dmx-handle.o(.bss)
    set                                      0x200001ee   Data        7765  dmx-handle.o(.bss)
    scene_select                             0x20002043   Data        1552  dmx-handle.o(.bss)
    pFlash                                   0x20002654   Data          32  stm32f4xx_hal_flash.o(.bss)
    __heap_base                              0x20002678   Data           0  startup_stm32f407xx.o(HEAP)
    __heap_limit                             0x20002878   Data           0  startup_stm32f407xx.o(HEAP)
    __initial_sp                             0x20002c78   Data           0  startup_stm32f407xx.o(STACK)



==============================================================================

Memory Map of the image

  Image Entry point : 0x08000189

  Load Region LR_IROM1 (Base: 0x08000000, Size: 0x00004350, Max: 0x00100000, ABSOLUTE)

    Execution Region ER_IROM1 (Exec base: 0x08000000, Load base: 0x08000000, Size: 0x00004308, Max: 0x00100000, ABSOLUTE)

    Exec Addr    Load Addr    Size         Type   Attr      Idx    E Section Name        Object

    0x08000000   0x08000000   0x00000188   Data   RO          723    RESET               startup_stm32f407xx.o
    0x08000188   0x08000188   0x00000000   Code   RO         3146  * .ARM.Collect$$$$00000000  mc_w.l(entry.o)
    0x08000188   0x08000188   0x00000004   Code   RO         3189    .ARM.Collect$$$$00000001  mc_w.l(entry2.o)
    0x0800018c   0x0800018c   0x00000004   Code   RO         3192    .ARM.Collect$$$$00000004  mc_w.l(entry5.o)
    0x08000190   0x08000190   0x00000000   Code   RO         3194    .ARM.Collect$$$$00000008  mc_w.l(entry7b.o)
    0x08000190   0x08000190   0x00000000   Code   RO         3196    .ARM.Collect$$$$0000000A  mc_w.l(entry8b.o)
    0x08000190   0x08000190   0x00000008   Code   RO         3197    .ARM.Collect$$$$0000000B  mc_w.l(entry9a.o)
    0x08000198   0x08000198   0x00000000   Code   RO         3199    .ARM.Collect$$$$0000000D  mc_w.l(entry10a.o)
    0x08000198   0x08000198   0x00000000   Code   RO         3201    .ARM.Collect$$$$0000000F  mc_w.l(entry11a.o)
    0x08000198   0x08000198   0x00000004   Code   RO         3190    .ARM.Collect$$$$00002712  mc_w.l(entry2.o)
    0x0800019c   0x0800019c   0x00000024   Code   RO          724    .text               startup_stm32f407xx.o
    0x080001c0   0x080001c0   0x00000024   Code   RO         3149    .text               mc_w.l(memseta.o)
    0x080001e4   0x080001e4   0x0000000e   Code   RO         3153    .text               mc_w.l(strlen.o)
    0x080001f2   0x080001f2   0x0000001c   Code   RO         3185    .text               mc_w.l(calloc.o)
    0x0800020e   0x0800020e   0x0000001a   Code   RO         3187    .text               mc_w.l(atoi.o)
    0x08000228   0x08000228   0x00000070   Code   RO         3216    .text               mc_w.l(strtol.o)
    0x08000298   0x08000298   0x00000024   Code   RO         3218    .text               mc_w.l(init.o)
    0x080002bc   0x080002bc   0x00000008   Code   RO         3220    .text               mc_w.l(ctype_o.o)
    0x080002c4   0x080002c4   0x0000009e   Code   RO         3248    .text               mc_w.l(_strtoul.o)
    0x08000362   0x08000362   0x0000001c   Code   RO         3250    .text               mc_w.l(_chval.o)
    0x0800037e   0x0800037e   0x0000006e   Code   RO         2874    i.ADC_DMAConvCplt   stm32f4xx_hal_adc.o
    0x080003ec   0x080003ec   0x0000001a   Code   RO         2875    i.ADC_DMAError      stm32f4xx_hal_adc.o
    0x08000406   0x08000406   0x0000000e   Code   RO         2876    i.ADC_DMAHalfConvCplt  stm32f4xx_hal_adc.o
    0x08000414   0x08000414   0x00000010   Code   RO          204    i.ADC_IRQHandler    stm32f4xx_it.o
    0x08000424   0x08000424   0x00000178   Code   RO         2877    i.ADC_Init          stm32f4xx_hal_adc.o
    0x0800059c   0x0800059c   0x00000010   Code   RO          205    i.DMA2_Stream0_IRQHandler  stm32f4xx_it.o
    0x080005ac   0x080005ac   0x00000028   Code   RO         1257    i.DMA_CalcBaseAndBitshift  stm32f4xx_hal_dma.o
    0x080005d4   0x080005d4   0x00000028   Code   RO         1258    i.DMA_SetConfig     stm32f4xx_hal_dma.o
    0x080005fc   0x080005fc   0x0000000c   Code   RO          314    i.DMX_DisableUsart  dmx-init.o
    0x08000608   0x08000608   0x00000012   Code   RO          315    i.DMX_EnableUsart   dmx-init.o
    0x0800061a   0x0800061a   0x00000002   PAD
    0x0800061c   0x0800061c   0x00000024   Code   RO          316    i.DMX_GPIO_DeInit   dmx-init.o
    0x08000640   0x08000640   0x00000024   Code   RO          317    i.DMX_GPIO_Init     dmx-init.o
    0x08000664   0x08000664   0x00000058   Code   RO          659    i.EE_FindValidPage  eeprom.o
    0x080006bc   0x080006bc   0x00000070   Code   RO          660    i.EE_Format         eeprom.o
    0x0800072c   0x0800072c   0x00000274   Code   RO          661    i.EE_Init           eeprom.o
    0x080009a0   0x080009a0   0x00000100   Code   RO          662    i.EE_PageTransfer   eeprom.o
    0x08000aa0   0x08000aa0   0x00000060   Code   RO          663    i.EE_ReadVariable   eeprom.o
    0x08000b00   0x08000b00   0x00000078   Code   RO          664    i.EE_VerifyPageFullWriteVariable  eeprom.o
    0x08000b78   0x08000b78   0x0000002c   Code   RO          665    i.EE_VerifyPageFullyErased  eeprom.o
    0x08000ba4   0x08000ba4   0x00000024   Code   RO          666    i.EE_WriteVariable  eeprom.o
    0x08000bc8   0x08000bc8   0x00000028   Code   RO          262    i.Error             main.o
    0x08000bf0   0x08000bf0   0x00000068   Code   RO         1445    i.FLASH_Erase_Sector  stm32f4xx_hal_flash_ex.o
    0x08000c58   0x08000c58   0x00000078   Code   RO         1446    i.FLASH_FlushCaches  stm32f4xx_hal_flash_ex.o
    0x08000cd0   0x08000cd0   0x00000030   Code   RO         1447    i.FLASH_MassErase   stm32f4xx_hal_flash_ex.o
    0x08000d00   0x08000d00   0x00000024   Code   RO         1139    i.FLASH_Program_Byte  stm32f4xx_hal_flash.o
    0x08000d24   0x08000d24   0x0000002c   Code   RO         1140    i.FLASH_Program_DoubleWord  stm32f4xx_hal_flash.o
    0x08000d50   0x08000d50   0x00000028   Code   RO         1141    i.FLASH_Program_HalfWord  stm32f4xx_hal_flash.o
    0x08000d78   0x08000d78   0x00000028   Code   RO         1142    i.FLASH_Program_Word  stm32f4xx_hal_flash.o
    0x08000da0   0x08000da0   0x000000b4   Code   RO         1143    i.FLASH_SetErrorCode  stm32f4xx_hal_flash.o
    0x08000e54   0x08000e54   0x00000070   Code   RO         1144    i.FLASH_WaitForLastOperation  stm32f4xx_hal_flash.o
    0x08000ec4   0x08000ec4   0x00000002   Code   RO         3048    i.HAL_ADCEx_InjectedConvCpltCallback  stm32f4xx_hal_adc_ex.o
    0x08000ec6   0x08000ec6   0x00000002   PAD
    0x08000ec8   0x08000ec8   0x00000194   Code   RO         2879    i.HAL_ADC_ConfigChannel  stm32f4xx_hal_adc.o
    0x0800105c   0x0800105c   0x00000002   Code   RO         2880    i.HAL_ADC_ConvCpltCallback  stm32f4xx_hal_adc.o
    0x0800105e   0x0800105e   0x00000002   PAD
    0x08001060   0x08001060   0x00000024   Code   RO          622    i.HAL_ADC_ConvHalfCpltCallback  dmx-it.o
    0x08001084   0x08001084   0x00000002   Code   RO         2883    i.HAL_ADC_ErrorCallback  stm32f4xx_hal_adc.o
    0x08001086   0x08001086   0x00000174   Code   RO         2887    i.HAL_ADC_IRQHandler  stm32f4xx_hal_adc.o
    0x080011fa   0x080011fa   0x00000002   PAD
    0x080011fc   0x080011fc   0x00000068   Code   RO         2888    i.HAL_ADC_Init      stm32f4xx_hal_adc.o
    0x08001264   0x08001264   0x00000002   Code   RO         2889    i.HAL_ADC_LevelOutOfWindowCallback  stm32f4xx_hal_adc.o
    0x08001266   0x08001266   0x00000002   PAD
    0x08001268   0x08001268   0x000000a4   Code   RO          140    i.HAL_ADC_MspInit   stm32f4xx_hal_msp.o
    0x0800130c   0x0800130c   0x00000148   Code   RO         2895    i.HAL_ADC_Start_DMA  stm32f4xx_hal_adc.o
    0x08001454   0x08001454   0x0000010c   Code   RO         2896    i.HAL_ADC_Start_IT  stm32f4xx_hal_adc.o
    0x08001560   0x08001560   0x00000058   Code   RO         2899    i.HAL_ADC_Stop_IT   stm32f4xx_hal_adc.o
    0x080015b8   0x080015b8   0x000001a0   Code   RO         1263    i.HAL_DMA_IRQHandler  stm32f4xx_hal_dma.o
    0x08001758   0x08001758   0x00000078   Code   RO         1264    i.HAL_DMA_Init      stm32f4xx_hal_dma.o
    0x080017d0   0x080017d0   0x0000004e   Code   RO         1267    i.HAL_DMA_Start_IT  stm32f4xx_hal_dma.o
    0x0800181e   0x0800181e   0x0000001a   Code   RO         2492    i.HAL_Delay         stm32f4xx_hal.o
    0x08001838   0x08001838   0x000000ac   Code   RO         1457    i.HAL_FLASHEx_Erase  stm32f4xx_hal_flash_ex.o
    0x080018e4   0x080018e4   0x00000014   Code   RO         1148    i.HAL_FLASH_Lock    stm32f4xx_hal_flash.o
    0x080018f8   0x080018f8   0x00000098   Code   RO         1153    i.HAL_FLASH_Program  stm32f4xx_hal_flash.o
    0x08001990   0x08001990   0x0000002c   Code   RO         1155    i.HAL_FLASH_Unlock  stm32f4xx_hal_flash.o
    0x080019bc   0x080019bc   0x00000160   Code   RO         2419    i.HAL_GPIO_DeInit   stm32f4xx_hal_gpio.o
    0x08001b1c   0x08001b1c   0x000001c0   Code   RO         2422    i.HAL_GPIO_Init     stm32f4xx_hal_gpio.o
    0x08001cdc   0x08001cdc   0x0000000a   Code   RO         2424    i.HAL_GPIO_ReadPin  stm32f4xx_hal_gpio.o
    0x08001ce6   0x08001ce6   0x00000008   Code   RO         2425    i.HAL_GPIO_TogglePin  stm32f4xx_hal_gpio.o
    0x08001cee   0x08001cee   0x0000000a   Code   RO         2426    i.HAL_GPIO_WritePin  stm32f4xx_hal_gpio.o
    0x08001cf8   0x08001cf8   0x0000000c   Code   RO         2497    i.HAL_GetREVID      stm32f4xx_hal.o
    0x08001d04   0x08001d04   0x0000000c   Code   RO         2498    i.HAL_GetTick       stm32f4xx_hal.o
    0x08001d10   0x08001d10   0x00000010   Code   RO         2499    i.HAL_IncTick       stm32f4xx_hal.o
    0x08001d20   0x08001d20   0x0000003c   Code   RO         2500    i.HAL_Init          stm32f4xx_hal.o
    0x08001d5c   0x08001d5c   0x00000024   Code   RO         2501    i.HAL_InitTick      stm32f4xx_hal.o
    0x08001d80   0x08001d80   0x00000042   Code   RO          141    i.HAL_MspInit       stm32f4xx_hal_msp.o
    0x08001dc2   0x08001dc2   0x00000002   PAD
    0x08001dc4   0x08001dc4   0x0000001c   Code   RO         1013    i.HAL_NVIC_DisableIRQ  stm32f4xx_hal_cortex.o
    0x08001de0   0x08001de0   0x0000001a   Code   RO         1014    i.HAL_NVIC_EnableIRQ  stm32f4xx_hal_cortex.o
    0x08001dfa   0x08001dfa   0x0000007c   Code   RO         1020    i.HAL_NVIC_SetPriority  stm32f4xx_hal_cortex.o
    0x08001e76   0x08001e76   0x00000002   PAD
    0x08001e78   0x08001e78   0x00000028   Code   RO         1021    i.HAL_NVIC_SetPriorityGrouping  stm32f4xx_hal_cortex.o
    0x08001ea0   0x08001ea0   0x000001a4   Code   RO         1341    i.HAL_RCC_ClockConfig  stm32f4xx_hal_rcc.o
    0x08002044   0x08002044   0x00000038   Code   RO         1346    i.HAL_RCC_GetHCLKFreq  stm32f4xx_hal_rcc.o
    0x0800207c   0x0800207c   0x0000002c   Code   RO         1348    i.HAL_RCC_GetPCLK1Freq  stm32f4xx_hal_rcc.o
    0x080020a8   0x080020a8   0x0000002c   Code   RO         1349    i.HAL_RCC_GetPCLK2Freq  stm32f4xx_hal_rcc.o
    0x080020d4   0x080020d4   0x000000b4   Code   RO         1350    i.HAL_RCC_GetSysClockFreq  stm32f4xx_hal_rcc.o
    0x08002188   0x08002188   0x0000039c   Code   RO         1353    i.HAL_RCC_OscConfig  stm32f4xx_hal_rcc.o
    0x08002524   0x08002524   0x00000028   Code   RO         1023    i.HAL_SYSTICK_CLKSourceConfig  stm32f4xx_hal_cortex.o
    0x0800254c   0x0800254c   0x00000002   Code   RO         1024    i.HAL_SYSTICK_Callback  stm32f4xx_hal_cortex.o
    0x0800254e   0x0800254e   0x00000034   Code   RO         1025    i.HAL_SYSTICK_Config  stm32f4xx_hal_cortex.o
    0x08002582   0x08002582   0x00000008   Code   RO         1026    i.HAL_SYSTICK_IRQHandler  stm32f4xx_hal_cortex.o
    0x0800258a   0x0800258a   0x00000002   Code   RO          731    i.HAL_TIMEx_BreakCallback  stm32f4xx_hal_tim_ex.o
    0x0800258c   0x0800258c   0x00000002   Code   RO          732    i.HAL_TIMEx_CommutationCallback  stm32f4xx_hal_tim_ex.o
    0x0800258e   0x0800258e   0x00000062   Code   RO          748    i.HAL_TIMEx_MasterConfigSynchronization  stm32f4xx_hal_tim_ex.o
    0x080025f0   0x080025f0   0x00000034   Code   RO         1660    i.HAL_TIM_Base_Init  stm32f4xx_hal_tim.o
    0x08002624   0x08002624   0x00000030   Code   RO          143    i.HAL_TIM_Base_MspInit  stm32f4xx_hal_msp.o
    0x08002654   0x08002654   0x0000001e   Code   RO         1665    i.HAL_TIM_Base_Start_IT  stm32f4xx_hal_tim.o
    0x08002672   0x08002672   0x00000038   Code   RO         1668    i.HAL_TIM_Base_Stop_IT  stm32f4xx_hal_tim.o
    0x080026aa   0x080026aa   0x00000132   Code   RO         1669    i.HAL_TIM_ConfigClockSource  stm32f4xx_hal_tim.o
    0x080027dc   0x080027dc   0x00000002   Code   RO         1689    i.HAL_TIM_IC_CaptureCallback  stm32f4xx_hal_tim.o
    0x080027de   0x080027de   0x00000196   Code   RO         1702    i.HAL_TIM_IRQHandler  stm32f4xx_hal_tim.o
    0x08002974   0x08002974   0x00000002   Code   RO         1705    i.HAL_TIM_OC_DelayElapsedCallback  stm32f4xx_hal_tim.o
    0x08002976   0x08002976   0x00000002   Code   RO         1732    i.HAL_TIM_PWM_PulseFinishedCallback  stm32f4xx_hal_tim.o
    0x08002978   0x08002978   0x000000f0   Code   RO          623    i.HAL_TIM_PeriodElapsedCallback  dmx-it.o
    0x08002a68   0x08002a68   0x00000002   Code   RO         1743    i.HAL_TIM_TriggerCallback  stm32f4xx_hal_tim.o
    0x08002a6a   0x08002a6a   0x00000002   Code   RO         2644    i.HAL_UART_ErrorCallback  stm32f4xx_hal_uart.o
    0x08002a6c   0x08002a6c   0x00000134   Code   RO         2647    i.HAL_UART_IRQHandler  stm32f4xx_hal_uart.o
    0x08002ba0   0x08002ba0   0x00000072   Code   RO         2648    i.HAL_UART_Init     stm32f4xx_hal_uart.o
    0x08002c12   0x08002c12   0x00000002   PAD
    0x08002c14   0x08002c14   0x00000040   Code   RO          144    i.HAL_UART_MspDeInit  stm32f4xx_hal_msp.o
    0x08002c54   0x08002c54   0x0000007c   Code   RO          145    i.HAL_UART_MspInit  stm32f4xx_hal_msp.o
    0x08002cd0   0x08002cd0   0x00000002   Code   RO         2654    i.HAL_UART_RxCpltCallback  stm32f4xx_hal_uart.o
    0x08002cd2   0x08002cd2   0x00000058   Code   RO         2658    i.HAL_UART_Transmit_IT  stm32f4xx_hal_uart.o
    0x08002d2a   0x08002d2a   0x00000002   PAD
    0x08002d2c   0x08002d2c   0x00000058   Code   RO          624    i.HAL_UART_TxCpltCallback  dmx-it.o
    0x08002d84   0x08002d84   0x0000007c   Code   RO          420    i.KeyPad_check_but  keypad.o
    0x08002e00   0x08002e00   0x00000048   Code   RO          421    i.KeyPad_check_col  keypad.o
    0x08002e48   0x08002e48   0x0000006c   Code   RO          422    i.KeyPad_getKey     keypad.o
    0x08002eb4   0x08002eb4   0x0000003c   Code   RO          423    i.KeyPad_get_key    keypad.o
    0x08002ef0   0x08002ef0   0x00000060   Code   RO          424    i.KeyPad_getascii   keypad.o
    0x08002f50   0x08002f50   0x000000c0   Code   RO          425    i.KeyPad_init       keypad.o
    0x08003010   0x08003010   0x00000078   Code   RO          426    i.KeyPad_scan_row   keypad.o
    0x08003088   0x08003088   0x000000dc   Code   RO          318    i.MX_ADC1_Init      dmx-init.o
    0x08003164   0x08003164   0x00000084   Code   RO          319    i.MX_DMA_Init       dmx-init.o
    0x080031e8   0x080031e8   0x000000c0   Code   RO          320    i.MX_GPIO_Init      dmx-init.o
    0x080032a8   0x080032a8   0x00000044   Code   RO          321    i.MX_NVIC_Init      dmx-init.o
    0x080032ec   0x080032ec   0x00000048   Code   RO          322    i.MX_TIM2_Init      dmx-init.o
    0x08003334   0x08003334   0x00000074   Code   RO          323    i.MX_TIM3_Init      dmx-init.o
    0x080033a8   0x080033a8   0x00000038   Code   RO          324    i.MX_USART1_UART_Init  dmx-init.o
    0x080033e0   0x080033e0   0x00000010   Code   RO         1027    i.NVIC_GetPriorityGrouping  stm32f4xx_hal_cortex.o
    0x080033f0   0x080033f0   0x00000028   Code   RO         1028    i.NVIC_SetPriority  stm32f4xx_hal_cortex.o
    0x08003418   0x08003418   0x0000000c   Code   RO          206    i.SysTick_Handler   stm32f4xx_it.o
    0x08003424   0x08003424   0x000000d0   Code   RO          325    i.SystemClock_Config  dmx-init.o
    0x080034f4   0x080034f4   0x00000054   Code   RO            5    i.SystemInit        system_stm32f4xx.o
    0x08003548   0x08003548   0x00000010   Code   RO          207    i.TIM2_IRQHandler   stm32f4xx_it.o
    0x08003558   0x08003558   0x00000010   Code   RO          208    i.TIM3_IRQHandler   stm32f4xx_it.o
    0x08003568   0x08003568   0x000000e4   Code   RO         1744    i.TIM_Base_SetConfig  stm32f4xx_hal_tim.o
    0x0800364c   0x0800364c   0x00000018   Code   RO         1751    i.TIM_ETR_SetConfig  stm32f4xx_hal_tim.o
    0x08003664   0x08003664   0x00000014   Code   RO         1752    i.TIM_ITRx_SetConfig  stm32f4xx_hal_tim.o
    0x08003678   0x08003678   0x0000002a   Code   RO         1758    i.TIM_TI1_ConfigInputStage  stm32f4xx_hal_tim.o
    0x080036a2   0x080036a2   0x0000002c   Code   RO         1760    i.TIM_TI2_ConfigInputStage  stm32f4xx_hal_tim.o
    0x080036ce   0x080036ce   0x00000020   Code   RO         2666    i.UART_EndTransmit_IT  stm32f4xx_hal_uart.o
    0x080036ee   0x080036ee   0x000000a6   Code   RO         2667    i.UART_Receive_IT   stm32f4xx_hal_uart.o
    0x08003794   0x08003794   0x00000368   Code   RO         2668    i.UART_SetConfig    stm32f4xx_hal_uart.o
    0x08003afc   0x08003afc   0x00000068   Code   RO         2669    i.UART_Transmit_IT  stm32f4xx_hal_uart.o
    0x08003b64   0x08003b64   0x00000010   Code   RO          209    i.USART1_IRQHandler  stm32f4xx_it.o
    0x08003b74   0x08003b74   0x00000008   Code   RO         3209    i.__aeabi_errno_addr  mc_w.l(errno.o)
    0x08003b7c   0x08003b7c   0x0000000e   Code   RO         3254    i.__scatterload_copy  mc_w.l(handlers.o)
    0x08003b8a   0x08003b8a   0x00000002   Code   RO         3255    i.__scatterload_null  mc_w.l(handlers.o)
    0x08003b8c   0x08003b8c   0x0000000e   Code   RO         3256    i.__scatterload_zeroinit  mc_w.l(handlers.o)
    0x08003b9a   0x08003b9a   0x00000032   Code   RO          427    i.checknum          keypad.o
    0x08003bcc   0x08003bcc   0x00000098   Code   RO          507    i.dmx_add_group     dmx-handle.o
    0x08003c64   0x08003c64   0x00000070   Code   RO          508    i.dmx_add_scanner   dmx-handle.o
    0x08003cd4   0x08003cd4   0x0000004c   Code   RO          509    i.dmx_add_scene     dmx-handle.o
    0x08003d20   0x08003d20   0x00000038   Code   RO          510    i.dmx_add_set       dmx-handle.o
    0x08003d58   0x08003d58   0x00000044   Code   RO          511    i.dmx_auto_play     dmx-handle.o
    0x08003d9c   0x08003d9c   0x000000b8   Code   RO          512    i.dmx_getstring     dmx-handle.o
    0x08003e54   0x08003e54   0x00000050   Code   RO          513    i.dmx_main          dmx-handle.o
    0x08003ea4   0x08003ea4   0x00000030   Code   RO          514    i.dmx_out_scanner   dmx-handle.o
    0x08003ed4   0x08003ed4   0x00000054   Code   RO          515    i.dmx_out_scene     dmx-handle.o
    0x08003f28   0x08003f28   0x00000030   Code   RO          516    i.dmx_out_set       dmx-handle.o
    0x08003f58   0x08003f58   0x00000090   Code   RO          517    i.dmx_scan_color    dmx-handle.o
    0x08003fe8   0x08003fe8   0x00000068   Code   RO          518    i.dmx_select_set    dmx-handle.o
    0x08004050   0x08004050   0x00000050   Code   RO         3157    i.free              mc_w.l(malloc.o)
    0x080040a0   0x080040a0   0x0000013c   Code   RO          263    i.main              main.o
    0x080041dc   0x080041dc   0x0000006c   Code   RO         3158    i.malloc            mc_w.l(malloc.o)
    0x08004248   0x08004248   0x00000008   Data   RO         1268    .constdata          stm32f4xx_hal_dma.o
    0x08004250   0x08004250   0x00000010   Data   RO         1354    .constdata          stm32f4xx_hal_rcc.o
    0x08004260   0x08004260   0x00000081   Data   RO         3221    .constdata          mc_w.l(ctype_o.o)
    0x080042e1   0x080042e1   0x00000003   PAD
    0x080042e4   0x080042e4   0x00000004   Data   RO         3222    .constdata          mc_w.l(ctype_o.o)
    0x080042e8   0x080042e8   0x00000020   Data   RO         3252    Region$$Table       anon$$obj.o


    Execution Region RW_IRAM1 (Exec base: 0x20000000, Load base: 0x08004308, Size: 0x00002c78, Max: 0x00020000, ABSOLUTE)

    Exec Addr    Load Addr    Size         Type   Attr      Idx    E Section Name        Object

    0x20000000   0x08004308   0x00000004   Data   RW            7    .data               system_stm32f4xx.o
    0x20000004   0x0800430c   0x00000018   Data   RW          264    .data               main.o
    0x2000001c   0x08004324   0x00000001   Data   RW          329    .data               dmx-init.o
    0x2000001d   0x08004325   0x00000003   PAD
    0x20000020   0x08004328   0x00000016   Data   RW          521    .data               dmx-handle.o
    0x20000036   0x0800433e   0x00000002   Data   RW          667    .data               eeprom.o
    0x20000038   0x08004340   0x00000004   Data   RW         2506    .data               stm32f4xx_hal.o
    0x2000003c   0x08004344   0x00000004   Data   RW         3207    .data               mc_w.l(mvars.o)
    0x20000040   0x08004348   0x00000004   Data   RW         3208    .data               mc_w.l(mvars.o)
    0x20000044   0x0800434c   0x00000004   Data   RW         3212    .data               mc_w.l(errno.o)
    0x20000048        -       0x00000184   Zero   RW          328    .bss                dmx-init.o
    0x200001cc        -       0x00002487   Zero   RW          520    .bss                dmx-handle.o
    0x20002653   0x08004350   0x00000001   PAD
    0x20002654        -       0x00000020   Zero   RW         1156    .bss                stm32f4xx_hal_flash.o
    0x20002674   0x08004350   0x00000004   PAD
    0x20002678        -       0x00000200   Zero   RW          722    HEAP                startup_stm32f407xx.o
    0x20002878        -       0x00000400   Zero   RW          721    STACK               startup_stm32f407xx.o


==============================================================================

Image component sizes


      Code (inc. data)   RO Data    RW Data    ZI Data      Debug   Object Name

      1156        116          0         22       9351       9539   dmx-handle.o
      1166        102          0          1        388       8408   dmx-init.o
       364         58          0          0          0       2500   dmx-it.o
      1380         68          0          2          0       7597   eeprom.o
       822         50          0          0          0       5260   keypad.o
       356         46          0         24          0       2299   main.o
        36          8        392          0       1536        820   startup_stm32f407xx.o
       162         20          0          4          0       4874   stm32f4xx_hal.o
      2096         88          0          0          0       9811   stm32f4xx_hal_adc.o
         2          0          0          0          0       1037   stm32f4xx_hal_adc_ex.o
       376         28          0          0          0      33491   stm32f4xx_hal_cortex.o
       694         14          8          0          0       4623   stm32f4xx_hal_dma.o
       668         60          0          0         32       6158   stm32f4xx_hal_flash.o
       444         26          0          0          0       3354   stm32f4xx_hal_flash_ex.o
       828         96          0          0          0       4862   stm32f4xx_hal_gpio.o
       466         60          0          0          0       3559   stm32f4xx_hal_msp.o
      1668         68         16          0          0       5847   stm32f4xx_hal_rcc.o
      1216         44          0          0          0      10358   stm32f4xx_hal_tim.o
       102          0          0          0          0       2406   stm32f4xx_hal_tim_ex.o
      1688          8          0          0          0       6952   stm32f4xx_hal_uart.o
        92         30          0          0          0       3017   stm32f4xx_it.o
        84         18          0          4          0     402329   system_stm32f4xx.o

    ----------------------------------------------------------------------
     15884       1008        448         60      11312     539101   Object Totals
         0          0         32          0          0          0   (incl. Generated)
        18          0          0          3          5          0   (incl. Padding)

    ----------------------------------------------------------------------

      Code (inc. data)   RO Data    RW Data    ZI Data      Debug   Library Member Name

        28          0          0          0          0         68   _chval.o
       158          0          0          0          0         92   _strtoul.o
        26          0          0          0          0         80   atoi.o
        28          0          0          0          0         76   calloc.o
         8          4        133          0          0         68   ctype_o.o
         0          0          0          0          0          0   entry.o
         0          0          0          0          0          0   entry10a.o
         0          0          0          0          0          0   entry11a.o
         8          4          0          0          0          0   entry2.o
         4          0          0          0          0          0   entry5.o
         0          0          0          0          0          0   entry7b.o
         0          0          0          0          0          0   entry8b.o
         8          4          0          0          0          0   entry9a.o
         8          4          0          4          0         68   errno.o
        30          0          0          0          0          0   handlers.o
        36          8          0          0          0         68   init.o
       188         20          0          0          0        160   malloc.o
        36          0          0          0          0        108   memseta.o
         0          0          0          8          0          0   mvars.o
        14          0          0          0          0         68   strlen.o
       112          0          0          0          0         88   strtol.o

    ----------------------------------------------------------------------
       692         44        136         12          0        944   Library Totals
         0          0          3          0          0          0   (incl. Padding)

    ----------------------------------------------------------------------

      Code (inc. data)   RO Data    RW Data    ZI Data      Debug   Library Name

       692         44        133         12          0        944   mc_w.l

    ----------------------------------------------------------------------
       692         44        136         12          0        944   Library Totals

    ----------------------------------------------------------------------

==============================================================================


      Code (inc. data)   RO Data    RW Data    ZI Data      Debug   

     16576       1052        584         72      11312     526485   Grand Totals
     16576       1052        584         72      11312     526485   ELF Image Totals
     16576       1052        584         72          0          0   ROM Totals

==============================================================================

    Total RO  Size (Code + RO Data)                17160 (  16.76kB)
    Total RW  Size (RW Data + ZI Data)             11384 (  11.12kB)
    Total ROM Size (Code + RO Data + RW Data)      17232 (  16.83kB)

==============================================================================

