Component: ARM Compiler 5.06 update 5 (build 528) Tool: armlink [4d35e2]

==============================================================================

Section Cross References

    system_stm32f4xx.o(i.SystemCoreClockUpdate) refers to system_stm32f4xx.o(.data) for SystemCoreClock
    system_stm32f4xx.o(i.SystemCoreClockUpdate) refers to system_stm32f4xx.o(.constdata) for AHBPrescTable
    stm32f4xx_hal_msp.o(i.HAL_ADC_MspDeInit) refers to stm32f4xx_hal_gpio.o(i.HAL_GPIO_DeInit) for HAL_GPIO_DeInit
    stm32f4xx_hal_msp.o(i.HAL_ADC_MspDeInit) refers to stm32f4xx_hal_dma.o(i.HAL_DMA_DeInit) for HAL_DMA_DeInit
    stm32f4xx_hal_msp.o(i.HAL_ADC_MspDeInit) refers to stm32f4xx_hal_cortex.o(i.HAL_NVIC_DisableIRQ) for HAL_NVIC_DisableIRQ
    stm32f4xx_hal_msp.o(i.HAL_ADC_MspInit) refers to stm32f4xx_hal_gpio.o(i.HAL_GPIO_Init) for HAL_GPIO_Init
    stm32f4xx_hal_msp.o(i.HAL_ADC_MspInit) refers to stm32f4xx_hal_dma.o(i.HAL_DMA_Init) for HAL_DMA_Init
    stm32f4xx_hal_msp.o(i.HAL_ADC_MspInit) refers to stm32f4xx_hal_cortex.o(i.HAL_NVIC_SetPriority) for HAL_NVIC_SetPriority
    stm32f4xx_hal_msp.o(i.HAL_ADC_MspInit) refers to stm32f4xx_hal_cortex.o(i.HAL_NVIC_EnableIRQ) for HAL_NVIC_EnableIRQ
    stm32f4xx_hal_msp.o(i.HAL_ADC_MspInit) refers to main.o(.bss) for hdma_adc1
    stm32f4xx_hal_msp.o(i.HAL_MspInit) refers to stm32f4xx_hal_cortex.o(i.HAL_NVIC_SetPriorityGrouping) for HAL_NVIC_SetPriorityGrouping
    stm32f4xx_hal_msp.o(i.HAL_MspInit) refers to stm32f4xx_hal_cortex.o(i.HAL_NVIC_SetPriority) for HAL_NVIC_SetPriority
    stm32f4xx_hal_msp.o(i.HAL_TIM_Base_MspDeInit) refers to stm32f4xx_hal_cortex.o(i.HAL_NVIC_DisableIRQ) for HAL_NVIC_DisableIRQ
    stm32f4xx_hal_msp.o(i.HAL_UART_MspDeInit) refers to stm32f4xx_hal_gpio.o(i.HAL_GPIO_DeInit) for HAL_GPIO_DeInit
    stm32f4xx_hal_msp.o(i.HAL_UART_MspDeInit) refers to stm32f4xx_hal_cortex.o(i.HAL_NVIC_DisableIRQ) for HAL_NVIC_DisableIRQ
    stm32f4xx_hal_msp.o(i.HAL_UART_MspInit) refers to stm32f4xx_hal_gpio.o(i.HAL_GPIO_Init) for HAL_GPIO_Init
    stm32f4xx_it.o(i.ADC_IRQHandler) refers to stm32f4xx_hal_adc.o(i.HAL_ADC_IRQHandler) for HAL_ADC_IRQHandler
    stm32f4xx_it.o(i.ADC_IRQHandler) refers to main.o(.bss) for hadc1
    stm32f4xx_it.o(i.DMA2_Stream0_IRQHandler) refers to stm32f4xx_hal_dma.o(i.HAL_DMA_IRQHandler) for HAL_DMA_IRQHandler
    stm32f4xx_it.o(i.DMA2_Stream0_IRQHandler) refers to main.o(.bss) for hdma_adc1
    stm32f4xx_it.o(i.SysTick_Handler) refers to stm32f4xx_hal.o(i.HAL_IncTick) for HAL_IncTick
    stm32f4xx_it.o(i.SysTick_Handler) refers to stm32f4xx_hal_cortex.o(i.HAL_SYSTICK_IRQHandler) for HAL_SYSTICK_IRQHandler
    stm32f4xx_it.o(i.TIM2_IRQHandler) refers to stm32f4xx_hal_tim.o(i.HAL_TIM_IRQHandler) for HAL_TIM_IRQHandler
    stm32f4xx_it.o(i.TIM2_IRQHandler) refers to main.o(.bss) for htim2
    stm32f4xx_it.o(i.TIM3_IRQHandler) refers to stm32f4xx_hal_tim.o(i.HAL_TIM_IRQHandler) for HAL_TIM_IRQHandler
    stm32f4xx_it.o(i.TIM3_IRQHandler) refers to main.o(.bss) for htim3
    stm32f4xx_it.o(i.USART1_IRQHandler) refers to stm32f4xx_hal_uart.o(i.HAL_UART_IRQHandler) for HAL_UART_IRQHandler
    stm32f4xx_it.o(i.USART1_IRQHandler) refers to main.o(.bss) for huart1
    main.o(i.Error) refers to main.o(.data) for t1
    main.o(i.main) refers to stm32f4xx_hal.o(i.HAL_Init) for HAL_Init
    main.o(i.main) refers to dmx-init.o(i.SystemClock_Config) for SystemClock_Config
    main.o(i.main) refers to dmx-init.o(i.MX_GPIO_Init) for MX_GPIO_Init
    main.o(i.main) refers to dmx-init.o(i.MX_ADC1_Init) for MX_ADC1_Init
    main.o(i.main) refers to dmx-init.o(i.MX_DMA_Init) for MX_DMA_Init
    main.o(i.main) refers to dmx-init.o(i.MX_USART1_UART_Init) for MX_USART1_UART_Init
    main.o(i.main) refers to dmx-init.o(i.MX_TIM2_Init) for MX_TIM2_Init
    main.o(i.main) refers to dmx-init.o(i.MX_TIM3_Init) for MX_TIM3_Init
    main.o(i.main) refers to dmx-init.o(i.MX_NVIC_Init) for MX_NVIC_Init
    main.o(i.main) refers to stm32f4xx_hal_gpio.o(i.HAL_GPIO_WritePin) for HAL_GPIO_WritePin
    main.o(i.main) refers to keypad.o(i.KeyPad_init) for KeyPad_init
    main.o(i.main) refers to stm32f4xx_hal_adc.o(i.HAL_ADC_Start_DMA) for HAL_ADC_Start_DMA
    main.o(i.main) refers to dmx-handle.o(i.dmx_main) for dmx_main
    main.o(i.main) refers to stm32f4xx_hal.o(i.HAL_Delay) for HAL_Delay
    main.o(i.main) refers to main.o(.data) for dmxSendState
    main.o(i.main) refers to main.o(.bss) for adcbuf
    dmx-init.o(i.DMX_DisableUsart) refers to stm32f4xx_hal_msp.o(i.HAL_UART_MspDeInit) for HAL_UART_MspDeInit
    dmx-init.o(i.DMX_EnableUsart) refers to stm32f4xx_hal_msp.o(i.HAL_UART_MspInit) for HAL_UART_MspInit
    dmx-init.o(i.DMX_EnableUsart) refers to stm32f4xx_hal_cortex.o(i.HAL_NVIC_EnableIRQ) for HAL_NVIC_EnableIRQ
    dmx-init.o(i.DMX_GPIO_DeInit) refers to stm32f4xx_hal_gpio.o(i.HAL_GPIO_Init) for HAL_GPIO_Init
    dmx-init.o(i.DMX_GPIO_Init) refers to stm32f4xx_hal_gpio.o(i.HAL_GPIO_Init) for HAL_GPIO_Init
[...]
    Removing stm32f4xx_hal_uart.o(i.HAL_LIN_Init), (142 bytes).
    Removing stm32f4xx_hal_uart.o(i.HAL_LIN_SendBreak), (62 bytes).
    Removing stm32f4xx_hal_uart.o(i.HAL_MultiProcessor_EnterMuteMode), (62 bytes).
    Removing stm32f4xx_hal_uart.o(i.HAL_MultiProcessor_ExitMuteMode), (62 bytes).
    Removing stm32f4xx_hal_uart.o(i.HAL_MultiProcessor_Init), (154 bytes).
    Removing stm32f4xx_hal_uart.o(i.HAL_UART_DMAPause), (78 bytes).
    Removing stm32f4xx_hal_uart.o(i.HAL_UART_DMAResume), (102 bytes).
    Removing stm32f4xx_hal_uart.o(i.HAL_UART_DMAStop), (62 bytes).
    Removing stm32f4xx_hal_uart.o(i.HAL_UART_DeInit), (46 bytes).
    Removing stm32f4xx_hal_uart.o(i.HAL_UART_GetError), (6 bytes).
    Removing stm32f4xx_hal_uart.o(i.HAL_UART_GetState), (20 bytes).
    Removing stm32f4xx_hal_uart.o(i.HAL_UART_MspDeInit), (2 bytes).
    Removing stm32f4xx_hal_uart.o(i.HAL_UART_MspInit), (2 bytes).
    Removing stm32f4xx_hal_uart.o(i.HAL_UART_Receive), (204 bytes).
    Removing stm32f4xx_hal_uart.o(i.HAL_UART_Receive_DMA), (136 bytes).
    Removing stm32f4xx_hal_uart.o(i.HAL_UART_Receive_IT), (112 bytes).
    Removing stm32f4xx_hal_uart.o(i.HAL_UART_RxHalfCpltCallback), (2 bytes).
    Removing stm32f4xx_hal_uart.o(i.HAL_UART_Transmit), (196 bytes).
    Removing stm32f4xx_hal_uart.o(i.HAL_UART_Transmit_DMA), (148 bytes).
    Removing stm32f4xx_hal_uart.o(i.HAL_UART_TxCpltCallback), (2 bytes).
    Removing stm32f4xx_hal_uart.o(i.HAL_UART_TxHalfCpltCallback), (2 bytes).
    Removing stm32f4xx_hal_uart.o(i.UART_DMAError), (38 bytes).
    Removing stm32f4xx_hal_uart.o(i.UART_DMAReceiveCplt), (46 bytes).
    Removing stm32f4xx_hal_uart.o(i.UART_DMARxHalfCplt), (14 bytes).
    Removing stm32f4xx_hal_uart.o(i.UART_DMATransmitCplt), (54 bytes).
    Removing stm32f4xx_hal_uart.o(i.UART_DMATxHalfCplt), (14 bytes).
    Removing stm32f4xx_hal_uart.o(i.UART_WaitOnFlagUntilTimeout), (260 bytes).
    Removing stm32f4xx_hal_adc.o(.rev16_text), (4 bytes).
    Removing stm32f4xx_hal_adc.o(.revsh_text), (4 bytes).
    Removing stm32f4xx_hal_adc.o(.rrx_text), (6 bytes).
    Removing stm32f4xx_hal_adc.o(i.HAL_ADC_AnalogWDGConfig), (136 bytes).
    Removing stm32f4xx_hal_adc.o(i.HAL_ADC_ConvHalfCpltCallback), (2 bytes).
    Removing stm32f4xx_hal_adc.o(i.HAL_ADC_DeInit), (68 bytes).
    Removing stm32f4xx_hal_adc.o(i.HAL_ADC_GetError), (6 bytes).
    Removing stm32f4xx_hal_adc.o(i.HAL_ADC_GetState), (6 bytes).
    Removing stm32f4xx_hal_adc.o(i.HAL_ADC_GetValue), (8 bytes).
    Removing stm32f4xx_hal_adc.o(i.HAL_ADC_MspDeInit), (2 bytes).
    Removing stm32f4xx_hal_adc.o(i.HAL_ADC_MspInit), (2 bytes).
    Removing stm32f4xx_hal_adc.o(i.HAL_ADC_PollForConversion), (186 bytes).
    Removing stm32f4xx_hal_adc.o(i.HAL_ADC_PollForEvent), (118 bytes).
    Removing stm32f4xx_hal_adc.o(i.HAL_ADC_Start), (252 bytes).
    Removing stm32f4xx_hal_adc.o(i.HAL_ADC_Stop), (72 bytes).
    Removing stm32f4xx_hal_adc.o(i.HAL_ADC_Stop_DMA), (108 bytes).
    Removing stm32f4xx_hal_adc_ex.o(.rev16_text), (4 bytes).
    Removing stm32f4xx_hal_adc_ex.o(.revsh_text), (4 bytes).
    Removing stm32f4xx_hal_adc_ex.o(.rrx_text), (6 bytes).
    Removing stm32f4xx_hal_adc_ex.o(i.ADC_MultiModeDMAConvCplt), (110 bytes).
    Removing stm32f4xx_hal_adc_ex.o(i.ADC_MultiModeDMAError), (26 bytes).
    Removing stm32f4xx_hal_adc_ex.o(i.ADC_MultiModeDMAHalfConvCplt), (14 bytes).
    Removing stm32f4xx_hal_adc_ex.o(i.HAL_ADCEx_InjectedConfigChannel), (560 bytes).
    Removing stm32f4xx_hal_adc_ex.o(i.HAL_ADCEx_InjectedGetValue), (70 bytes).
    Removing stm32f4xx_hal_adc_ex.o(i.HAL_ADCEx_InjectedPollForConversion), (160 bytes).
    Removing stm32f4xx_hal_adc_ex.o(i.HAL_ADCEx_InjectedStart), (268 bytes).
    Removing stm32f4xx_hal_adc_ex.o(i.HAL_ADCEx_InjectedStart_IT), (280 bytes).
    Removing stm32f4xx_hal_adc_ex.o(i.HAL_ADCEx_InjectedStop), (104 bytes).
    Removing stm32f4xx_hal_adc_ex.o(i.HAL_ADCEx_InjectedStop_IT), (116 bytes).
    Removing stm32f4xx_hal_adc_ex.o(i.HAL_ADCEx_MultiModeConfigChannel), (136 bytes).
    Removing stm32f4xx_hal_adc_ex.o(i.HAL_ADCEx_MultiModeGetValue), (12 bytes).
    Removing stm32f4xx_hal_adc_ex.o(i.HAL_ADCEx_MultiModeStart_DMA), (308 bytes).
    Removing stm32f4xx_hal_adc_ex.o(i.HAL_ADCEx_MultiModeStop_DMA), (112 bytes).
    Removing stm32f4xx_hal_i2c.o(.rev16_text), (4 bytes).
    Removing stm32f4xx_hal_i2c.o(.revsh_text), (4 bytes).
    Removing stm32f4xx_hal_i2c.o(.rrx_text), (6 bytes).
    Removing stm32f4xx_hal_i2c.o(i.HAL_I2C_AddrCallback), (2 bytes).
    Removing stm32f4xx_hal_i2c.o(i.HAL_I2C_DeInit), (60 bytes).
    Removing stm32f4xx_hal_i2c.o(i.HAL_I2C_DisableListen_IT), (70 bytes).
    Removing stm32f4xx_hal_i2c.o(i.HAL_I2C_ER_IRQHandler), (336 bytes).
    Removing stm32f4xx_hal_i2c.o(i.HAL_I2C_EV_IRQHandler), (374 bytes).
    Removing stm32f4xx_hal_i2c.o(i.HAL_I2C_EnableListen_IT), (48 bytes).
    Removing stm32f4xx_hal_i2c.o(i.HAL_I2C_ErrorCallback), (2 bytes).
    Removing stm32f4xx_hal_i2c.o(i.HAL_I2C_GetError), (6 bytes).
    Removing stm32f4xx_hal_i2c.o(i.HAL_I2C_GetMode), (8 bytes).
    Removing stm32f4xx_hal_i2c.o(i.HAL_I2C_GetState), (8 bytes).
    Removing stm32f4xx_hal_i2c.o(i.HAL_I2C_Init), (296 bytes).
    Removing stm32f4xx_hal_i2c.o(i.HAL_I2C_IsDeviceReady), (408 bytes).
    Removing stm32f4xx_hal_i2c.o(i.HAL_I2C_ListenCpltCallback), (2 bytes).
    Removing stm32f4xx_hal_i2c.o(i.HAL_I2C_MasterRxCpltCallback), (2 bytes).
    Removing stm32f4xx_hal_i2c.o(i.HAL_I2C_MasterTxCpltCallback), (2 bytes).
    Removing stm32f4xx_hal_i2c.o(i.HAL_I2C_Master_Abort_IT), (118 bytes).
    Removing stm32f4xx_hal_i2c.o(i.HAL_I2C_Master_Receive), (632 bytes).
    Removing stm32f4xx_hal_i2c.o(i.HAL_I2C_Master_Receive_DMA), (364 bytes).
    Removing stm32f4xx_hal_i2c.o(i.HAL_I2C_Master_Receive_IT), (380 bytes).
    Removing stm32f4xx_hal_i2c.o(i.HAL_I2C_Master_Sequential_Receive_IT), (484 bytes).
    Removing stm32f4xx_hal_i2c.o(i.HAL_I2C_Master_Sequential_Transmit_IT), (280 bytes).
    Removing stm32f4xx_hal_i2c.o(i.HAL_I2C_Master_Transmit), (328 bytes).
    Removing stm32f4xx_hal_i2c.o(i.HAL_I2C_Master_Transmit_DMA), (356 bytes).
    Removing stm32f4xx_hal_i2c.o(i.HAL_I2C_Master_Transmit_IT), (264 bytes).
    Removing stm32f4xx_hal_i2c.o(i.HAL_I2C_MemRxCpltCallback), (2 bytes).
    Removing stm32f4xx_hal_i2c.o(i.HAL_I2C_MemTxCpltCallback), (2 bytes).
    Removing stm32f4xx_hal_i2c.o(i.HAL_I2C_Mem_Read), (624 bytes).
    Removing stm32f4xx_hal_i2c.o(i.HAL_I2C_Mem_Read_DMA), (384 bytes).
    Removing stm32f4xx_hal_i2c.o(i.HAL_I2C_Mem_Read_IT), (396 bytes).
    Removing stm32f4xx_hal_i2c.o(i.HAL_I2C_Mem_Write), (312 bytes).
    Removing stm32f4xx_hal_i2c.o(i.HAL_I2C_Mem_Write_DMA), (332 bytes).
    Removing stm32f4xx_hal_i2c.o(i.HAL_I2C_Mem_Write_IT), (256 bytes).
    Removing stm32f4xx_hal_i2c.o(i.HAL_I2C_MspDeInit), (2 bytes).
    Removing stm32f4xx_hal_i2c.o(i.HAL_I2C_MspInit), (2 bytes).
    Removing stm32f4xx_hal_i2c.o(i.HAL_I2C_SlaveRxCpltCallback), (2 bytes).
    Removing stm32f4xx_hal_i2c.o(i.HAL_I2C_SlaveTxCpltCallback), (2 bytes).
    Removing stm32f4xx_hal_i2c.o(i.HAL_I2C_Slave_Receive), (348 bytes).
    Removing stm32f4xx_hal_i2c.o(i.HAL_I2C_Slave_Receive_DMA), (236 bytes).
    Removing stm32f4xx_hal_i2c.o(i.HAL_I2C_Slave_Receive_IT), (156 bytes).
    Removing stm32f4xx_hal_i2c.o(i.HAL_I2C_Slave_Sequential_Receive_IT), (128 bytes).
    Removing stm32f4xx_hal_i2c.o(i.HAL_I2C_Slave_Sequential_Transmit_IT), (128 bytes).
    Removing stm32f4xx_hal_i2c.o(i.HAL_I2C_Slave_Transmit), (360 bytes).
    Removing stm32f4xx_hal_i2c.o(i.HAL_I2C_Slave_Transmit_DMA), (308 bytes).
    Removing stm32f4xx_hal_i2c.o(i.HAL_I2C_Slave_Transmit_IT), (156 bytes).
    Removing stm32f4xx_hal_i2c.o(i.I2C_DMAError), (50 bytes).
    Removing stm32f4xx_hal_i2c.o(i.I2C_DMAMasterReceiveCplt), (90 bytes).
    Removing stm32f4xx_hal_i2c.o(i.I2C_DMAMasterTransmitCplt), (92 bytes).
    Removing stm32f4xx_hal_i2c.o(i.I2C_DMAMemReceiveCplt), (90 bytes).
    Removing stm32f4xx_hal_i2c.o(i.I2C_DMAMemTransmitCplt), (92 bytes).
    Removing stm32f4xx_hal_i2c.o(i.I2C_DMASlaveReceiveCplt), (128 bytes).
    Removing stm32f4xx_hal_i2c.o(i.I2C_DMASlaveTransmitCplt), (98 bytes).
    Removing stm32f4xx_hal_i2c.o(i.I2C_IsAcknowledgeFailed), (52 bytes).
    Removing stm32f4xx_hal_i2c.o(i.I2C_MasterReceive_BTF), (300 bytes).
    Removing stm32f4xx_hal_i2c.o(i.I2C_MasterReceive_RXNE), (238 bytes).
    Removing stm32f4xx_hal_i2c.o(i.I2C_MasterRequestRead), (304 bytes).
    Removing stm32f4xx_hal_i2c.o(i.I2C_MasterRequestWrite), (180 bytes).
    Removing stm32f4xx_hal_i2c.o(i.I2C_MasterTransmit_BTF), (178 bytes).
    Removing stm32f4xx_hal_i2c.o(i.I2C_MasterTransmit_TXE), (42 bytes).
    Removing stm32f4xx_hal_i2c.o(i.I2C_RequestMemoryRead), (328 bytes).
    Removing stm32f4xx_hal_i2c.o(i.I2C_RequestMemoryWrite), (212 bytes).
    Removing stm32f4xx_hal_i2c.o(i.I2C_SlaveReceive_BTF), (30 bytes).
    Removing stm32f4xx_hal_i2c.o(i.I2C_SlaveReceive_RXNE), (84 bytes).
    Removing stm32f4xx_hal_i2c.o(i.I2C_SlaveTransmit_BTF), (28 bytes).
    Removing stm32f4xx_hal_i2c.o(i.I2C_SlaveTransmit_TXE), (82 bytes).
    Removing stm32f4xx_hal_i2c.o(i.I2C_Slave_ADDR), (54 bytes).
    Removing stm32f4xx_hal_i2c.o(i.I2C_Slave_AF), (180 bytes).
    Removing stm32f4xx_hal_i2c.o(i.I2C_Slave_STOPF), (140 bytes).
    Removing stm32f4xx_hal_i2c.o(i.I2C_WaitOnBTFFlagUntilTimeout), (90 bytes).
    Removing stm32f4xx_hal_i2c.o(i.I2C_WaitOnFlagUntilTimeout), (230 bytes).
    Removing stm32f4xx_hal_i2c.o(i.I2C_WaitOnMasterAddressFlagUntilTimeout), (178 bytes).
    Removing stm32f4xx_hal_i2c.o(i.I2C_WaitOnRXNEFlagUntilTimeout), (116 bytes).
    Removing stm32f4xx_hal_i2c.o(i.I2C_WaitOnSTOPFlagUntilTimeout), (88 bytes).
    Removing stm32f4xx_hal_i2c.o(i.I2C_WaitOnTXEFlagUntilTimeout), (90 bytes).

480 unused section(s) (total 40194 bytes) removed from the image.

==============================================================================

Image Symbol Table

    Local Symbols

    Symbol Name                              Value     Ov Type        Size  Object(Section)

    ../Drivers/CMSIS/Device/ST/STM32F4xx/Source/Templates/system_stm32f4xx.c 0x00000000   Number         0  system_stm32f4xx.o ABSOLUTE
    ../Drivers/STM32F4xx_HAL_Driver/Src/stm32f4xx_hal.c 0x00000000   Number         0  stm32f4xx_hal.o ABSOLUTE
    ../Drivers/STM32F4xx_HAL_Driver/Src/stm32f4xx_hal_cortex.c 0x00000000   Number         0  stm32f4xx_hal_cortex.o ABSOLUTE
    ../Drivers/STM32F4xx_HAL_Driver/Src/stm32f4xx_hal_dma.c 0x00000000   Number         0  stm32f4xx_hal_dma.o ABSOLUTE
    ../Drivers/STM32F4xx_HAL_Driver/Src/stm32f4xx_hal_dma_ex.c 0x00000000   Number         0  stm32f4xx_hal_dma_ex.o ABSOLUTE
    ../Drivers/STM32F4xx_HAL_Driver/Src/stm32f4xx_hal_flash.c 0x00000000   Number         0  stm32f4xx_hal_flash.o ABSOLUTE
    ../Drivers/STM32F4xx_HAL_Driver/Src/stm32f4xx_hal_flash_ex.c 0x00000000   Number         0  stm32f4xx_hal_flash_ex.o ABSOLUTE
    ../Drivers/STM32F4xx_HAL_Driver/Src/stm32f4xx_hal_flash_ramfunc.c 0x00000000   Number         0  stm32f4xx_hal_flash_ramfunc.o ABSOLUTE
    ../Drivers/STM32F4xx_HAL_Driver/Src/stm32f4xx_hal_gpio.c 0x00000000   Number         0  stm32f4xx_hal_gpio.o ABSOLUTE
    ../Drivers/STM32F4xx_HAL_Driver/Src/stm32f4xx_hal_pwr.c 0x00000000   Number         0  stm32f4xx_hal_pwr.o ABSOLUTE
    ../Drivers/STM32F4xx_HAL_Driver/Src/stm32f4xx_hal_pwr_ex.c 0x00000000   Number         0  stm32f4xx_hal_pwr_ex.o ABSOLUTE
    ../Drivers/STM32F4xx_HAL_Driver/Src/stm32f4xx_hal_rcc.c 0x00000000   Number         0  stm32f4xx_hal_rcc.o ABSOLUTE
    ../Drivers/STM32F4xx_HAL_Driver/Src/stm32f4xx_hal_rcc_ex.c 0x00000000   Number         0  stm32f4xx_hal_rcc_ex.o ABSOLUTE
    ../Drivers/STM32F4xx_HAL_Driver/Src/stm32f4xx_hal_tim.c 0x00000000   Number         0  stm32f4xx_hal_tim.o ABSOLUTE
    ../Drivers/STM32F4xx_HAL_Driver/Src/stm32f4xx_hal_tim_ex.c 0x00000000   Number         0  stm32f4xx_hal_tim_ex.o ABSOLUTE
    ../Drivers/STM32F4xx_HAL_Driver/Src/stm32f4xx_hal_uart.c 0x00000000   Number         0  stm32f4xx_hal_uart.o ABSOLUTE
    ../Src/main.c                            0x00000000   Number         0  main.o ABSOLUTE
    ../Src/stm32f4xx_hal_msp.c               0x00000000   Number         0  stm32f4xx_hal_msp.o ABSOLUTE
    ../Src/stm32f4xx_it.c                    0x00000000   Number         0  stm32f4xx_it.o ABSOLUTE
    ../clib/microlib/ctype/ctype.c           0x00000000   Number         0  isprint_o.o ABSOLUTE
    ../clib/microlib/ctype/ctype.c           0x00000000   Number         0  isspace_o.o ABSOLUTE
    ../clib/microlib/ctype/ctype.c           0x00000000   Number         0  islower_o.o ABSOLUTE
    ../clib/microlib/ctype/ctype.c           0x00000000   Number         0  isupper_o.o ABSOLUTE
    ../clib/microlib/ctype/ctype.c           0x00000000   Number         0  isxdigit_o.o ABSOLUTE
    ../clib/microlib/ctype/ctype.c           0x00000000   Number         0  isalnum_o.o ABSOLUTE
    ../clib/microlib/ctype/ctype.c           0x00000000   Number         0  isgraph_o.o ABSOLUTE
    ../clib/microlib/ctype/ctype.c           0x00000000   Number         0  isdigit_o.o ABSOLUTE
    ../clib/microlib/ctype/ctype.c           0x00000000   Number         0  iscntrl_o.o ABSOLUTE
    ../clib/microlib/ctype/ctype.c           0x00000000   Number         0  isblank_o.o ABSOLUTE
    ../clib/microlib/ctype/ctype.c           0x00000000   Number         0  isalpha_o.o ABSOLUTE
    ../clib/microlib/ctype/ctype.c           0x00000000   Number         0  ctype_o.o ABSOLUTE
    ../clib/microlib/ctype/ctype.c           0x00000000   Number         0  ispunct_o.o ABSOLUTE
    ../clib/microlib/errno.c                 0x00000000   Number         0  errno.o ABSOLUTE
    ../clib/microlib/init/entry.s            0x00000000   Number         0  entry.o ABSOLUTE
    ../clib/microlib/init/entry.s            0x00000000   Number         0  entry5.o ABSOLUTE
    ../clib/microlib/init/entry.s            0x00000000   Number         0  entry9b.o ABSOLUTE
    ../clib/microlib/init/entry.s            0x00000000   Number         0  entry10b.o ABSOLUTE
    ../clib/microlib/init/entry.s            0x00000000   Number         0  entry10a.o ABSOLUTE
    ../clib/microlib/init/entry.s            0x00000000   Number         0  entry9a.o ABSOLUTE
    ../clib/microlib/init/entry.s            0x00000000   Number         0  entry8b.o ABSOLUTE
    ../clib/microlib/init/entry.s            0x00000000   Number         0  entry8a.o ABSOLUTE
    ../clib/microlib/init/entry.s            0x00000000   Number         0  entry7b.o ABSOLUTE
    ../clib/microlib/init/entry.s            0x00000000   Number         0  entry7a.o ABSOLUTE
    ../clib/microlib/init/entry.s            0x00000000   Number         0  entry2.o ABSOLUTE
    ../clib/microlib/init/entry.s            0x00000000   Number         0  entry11b.o ABSOLUTE
    ../clib/microlib/init/entry.s            0x00000000   Number         0  entry11a.o ABSOLUTE
    ../clib/microlib/malloc/calloc.c         0x00000000   Number         0  calloc.o ABSOLUTE
    ../clib/microlib/malloc/malloc.c         0x00000000   Number         0  malloc.o ABSOLUTE
    ../clib/microlib/malloc/malloc.c         0x00000000   Number         0  mallocra.o ABSOLUTE
    ../clib/microlib/malloc/malloc.c         0x00000000   Number         0  mallocr.o ABSOLUTE
    ../clib/microlib/malloc/malloc.c         0x00000000   Number         0  malloca.o ABSOLUTE
    ../clib/microlib/malloc/mvars.c          0x00000000   Number         0  mvars.o ABSOLUTE
    ../clib/microlib/string/memcpy.c         0x00000000   Number         0  memcpyb.o ABSOLUTE
    ../clib/microlib/string/memcpy.c         0x00000000   Number         0  memcpya.o ABSOLUTE
    ../clib/microlib/string/memset.c         0x00000000   Number         0  memseta.o ABSOLUTE
    ../clib/microlib/string/strcpy.c         0x00000000   Number         0  strcpy.o ABSOLUTE
    ../clib/microlib/string/strlen.c         0x00000000   Number         0  strlen.o ABSOLUTE
    ../clib/microlib/string/strncpy.c        0x00000000   Number         0  strncpy.o ABSOLUTE
    ../clib/scanf.c                          0x00000000   Number         0  _chval.o ABSOLUTE
    ../clib/scanf.c                          0x00000000   Number         0  _strtoul.o ABSOLUTE
    ../clib/scanf.c                          0x00000000   Number         0  atoi.o ABSOLUTE
    ../clib/scanf.c                          0x00000000   Number         0  strtol.o ABSOLUTE
    ..\Drivers\CMSIS\Device\ST\STM32F4xx\Source\Templates\system_stm32f4xx.c 0x00000000   Number         0  system_stm32f4xx.o ABSOLUTE
    ..\Drivers\STM32F4xx_HAL_Driver\Src\stm32f4xx_hal.c 0x00000000   Number         0  stm32f4xx_hal.o ABSOLUTE
    ..\Drivers\STM32F4xx_HAL_Driver\Src\stm32f4xx_hal_adc.c 0x00000000   Number         0  stm32f4xx_hal_adc.o ABSOLUTE
    ..\Drivers\STM32F4xx_HAL_Driver\Src\stm32f4xx_hal_adc_ex.c 0x00000000   Number         0  stm32f4xx_hal_adc_ex.o ABSOLUTE
    ..\Drivers\STM32F4xx_HAL_Driver\Src\stm32f4xx_hal_cortex.c 0x00000000   Number         0  stm32f4xx_hal_cortex.o ABSOLUTE
    ..\Drivers\STM32F4xx_HAL_Driver\Src\stm32f4xx_hal_dma.c 0x00000000   Number         0  stm32f4xx_hal_dma.o ABSOLUTE
    ..\Drivers\STM32F4xx_HAL_Driver\Src\stm32f4xx_hal_dma_ex.c 0x00000000   Number         0  stm32f4xx_hal_dma_ex.o ABSOLUTE
    ..\Drivers\STM32F4xx_HAL_Driver\Src\stm32f4xx_hal_flash.c 0x00000000   Number         0  stm32f4xx_hal_flash.o ABSOLUTE
    ..\Drivers\STM32F4xx_HAL_Driver\Src\stm32f4xx_hal_flash_ex.c 0x00000000   Number         0  stm32f4xx_hal_flash_ex.o ABSOLUTE
    ..\Drivers\STM32F4xx_HAL_Driver\Src\stm32f4xx_hal_flash_ramfunc.c 0x00000000   Number         0  stm32f4xx_hal_flash_ramfunc.o ABSOLUTE
    ..\Drivers\STM32F4xx_HAL_Driver\Src\stm32f4xx_hal_gpio.c 0x00000000   Number         0  stm32f4xx_hal_gpio.o ABSOLUTE
    ..\Drivers\STM32F4xx_HAL_Driver\Src\stm32f4xx_hal_i2c.c 0x00000000   Number         0  stm32f4xx_hal_i2c.o ABSOLUTE
    ..\Drivers\STM32F4xx_HAL_Driver\Src\stm32f4xx_hal_pwr.c 0x00000000   Number         0  stm32f4xx_hal_pwr.o ABSOLUTE
    ..\Drivers\STM32F4xx_HAL_Driver\Src\stm32f4xx_hal_pwr_ex.c 0x00000000   Number         0  stm32f4xx_hal_pwr_ex.o ABSOLUTE
    ..\Drivers\STM32F4xx_HAL_Driver\Src\stm32f4xx_hal_rcc.c 0x00000000   Number         0  stm32f4xx_hal_rcc.o ABSOLUTE
    ..\Drivers\STM32F4xx_HAL_Driver\Src\stm32f4xx_hal_rcc_ex.c 0x00000000   Number         0  stm32f4xx_hal_rcc_ex.o ABSOLUTE
    ..\Drivers\STM32F4xx_HAL_Driver\Src\stm32f4xx_hal_tim.c 0x00000000   Number         0  stm32f4xx_hal_tim.o ABSOLUTE
    ..\Drivers\STM32F4xx_HAL_Driver\Src\stm32f4xx_hal_tim_ex.c 0x00000000   Number         0  stm32f4xx_hal_tim_ex.o ABSOLUTE
    ..\Drivers\STM32F4xx_HAL_Driver\Src\stm32f4xx_hal_uart.c 0x00000000   Number         0  stm32f4xx_hal_uart.o ABSOLUTE
    ..\Src\LCD.c                             0x00000000   Number         0  lcd.o ABSOLUTE
    ..\Src\eeprom.c                          0x00000000   Number         0  eeprom.o ABSOLUTE
    ..\Src\main.c                            0x00000000   Number         0  main.o ABSOLUTE
    ..\Src\stm32f4xx_hal_msp.c               0x00000000   Number         0  stm32f4xx_hal_msp.o ABSOLUTE
    ..\Src\stm32f4xx_it.c                    0x00000000   Number         0  stm32f4xx_it.o ABSOLUTE
    ..\\Drivers\\STM32F4xx_HAL_Driver\\Src\\stm32f4xx_hal_adc.c 0x00000000   Number         0  stm32f4xx_hal_adc.o ABSOLUTE
    ..\\Drivers\\STM32F4xx_HAL_Driver\\Src\\stm32f4xx_hal_adc_ex.c 0x00000000   Number         0  stm32f4xx_hal_adc_ex.o ABSOLUTE
    ..\\Drivers\\STM32F4xx_HAL_Driver\\Src\\stm32f4xx_hal_i2c.c 0x00000000   Number         0  stm32f4xx_hal_i2c.o ABSOLUTE
    ..\\Src\\LCD.c                           0x00000000   Number         0  lcd.o ABSOLUTE
    ..\\Src\\eeprom.c                        0x00000000   Number         0  eeprom.o ABSOLUTE
    ADC-DMA.c                                0x00000000   Number         0  adc-dma.o ABSOLUTE
    ADC-DMA.c                                0x00000000   Number         0  adc-dma.o ABSOLUTE
    DMX-IT.c                                 0x00000000   Number         0  dmx-it.o ABSOLUTE
    DMX-IT.c                                 0x00000000   Number         0  dmx-it.o ABSOLUTE
    DMX-handle.c                             0x00000000   Number         0  dmx-handle.o ABSOLUTE
    DMX-handle.c                             0x00000000   Number         0  dmx-handle.o ABSOLUTE
    User-library\\src\\DMX-Init.c            0x00000000   Number         0  dmx-init.o ABSOLUTE
    User-library\\src\\KeyPad.c              0x00000000   Number         0  keypad.o ABSOLUTE
    User-library\src\DMX-Init.c              0x00000000   Number         0  dmx-init.o ABSOLUTE
    User-library\src\KeyPad.c                0x00000000   Number         0  keypad.o ABSOLUTE
    dc.s                                     0x00000000   Number         0  dc.o ABSOLUTE
    handlers.s                               0x00000000   Number         0  handlers.o ABSOLUTE
    init.s                                   0x00000000   Number         0  init.o ABSOLUTE
    startup_stm32f407xx.s                    0x00000000   Number         0  startup_stm32f407xx.o ABSOLUTE
    RESET                                    0x08000000   Section      392  startup_stm32f407xx.o(RESET)
    .ARM.Collect$$$$00000000                 0x08000188   Section        0  entry.o(.ARM.Collect$$$$00000000)
    .ARM.Collect$$$$00000001                 0x08000188   Section        4  entry2.o(.ARM.Collect$$$$00000001)
    .ARM.Collect$$$$00000004                 0x0800018c   Section        4  entry5.o(.ARM.Collect$$$$00000004)
    .ARM.Collect$$$$00000008                 0x08000190   Section        0  entry7b.o(.ARM.Collect$$$$00000008)
    .ARM.Collect$$$$0000000A                 0x08000190   Section        0  entry8b.o(.ARM.Collect$$$$0000000A)
    .ARM.Collect$$$$0000000B                 0x08000190   Section        8  entry9a.o(.ARM.Collect$$$$0000000B)
    .ARM.Collect$$$$0000000D                 0x08000198   Section        0  entry10a.o(.ARM.Collect$$$$0000000D)
    .ARM.Collect$$$$0000000F                 0x08000198   Section        0  entry11a.o(.ARM.Collect$$$$0000000F)
    .ARM.Collect$$$$00002712                 0x08000198   Section        4  entry2.o(.ARM.Collect$$$$00002712)
    __lit__00000000                          0x08000198   Data           4  entry2.o(.ARM.Collect$$$$00002712)
    .text                                    0x0800019c   Section       36  startup_stm32f407xx.o(.text)
    $v0                                      0x0800019c   Number         0  startup_stm32f407xx.o(.text)
    .text                                    0x080001c0   Section        0  memseta.o(.text)
    .text                                    0x080001e4   Section        0  strlen.o(.text)
    .text                                    0x080001f2   Section        0  calloc.o(.text)
    .text                                    0x0800020e   Section        0  atoi.o(.text)
    .text                                    0x08000228   Section        0  strtol.o(.text)
    .text                                    0x08000298   Section       36  init.o(.text)
    .text                                    0x080002bc   Section        0  ctype_o.o(.text)
    .text                                    0x080002c4   Section        0  _strtoul.o(.text)
    .text                                    0x08000362   Section        0  _chval.o(.text)
    i.ADC_DMAConvCplt                        0x0800037e   Section        0  stm32f4xx_hal_adc.o(i.ADC_DMAConvCplt)
    ADC_DMAConvCplt                          0x0800037f   Thumb Code   110  stm32f4xx_hal_adc.o(i.ADC_DMAConvCplt)
    i.ADC_DMAError                           0x080003ec   Section        0  stm32f4xx_hal_adc.o(i.ADC_DMAError)
    ADC_DMAError                             0x080003ed   Thumb Code    26  stm32f4xx_hal_adc.o(i.ADC_DMAError)
    i.ADC_DMAHalfConvCplt                    0x08000406   Section        0  stm32f4xx_hal_adc.o(i.ADC_DMAHalfConvCplt)
    ADC_DMAHalfConvCplt                      0x08000407   Thumb Code    14  stm32f4xx_hal_adc.o(i.ADC_DMAHalfConvCplt)
    i.ADC_IRQHandler                         0x08000414   Section        0  stm32f4xx_it.o(i.ADC_IRQHandler)
    i.ADC_Init                               0x08000424   Section        0  stm32f4xx_hal_adc.o(i.ADC_Init)
    ADC_Init                                 0x08000425   Thumb Code   362  stm32f4xx_hal_adc.o(i.ADC_Init)
    i.DMA2_Stream0_IRQHandler                0x0800059c   Section        0  stm32f4xx_it.o(i.DMA2_Stream0_IRQHandler)
    i.DMA_CalcBaseAndBitshift                0x080005ac   Section        0  stm32f4xx_hal_dma.o(i.DMA_CalcBaseAndBitshift)
    DMA_CalcBaseAndBitshift                  0x080005ad   Thumb Code    46  stm32f4xx_hal_dma.o(i.DMA_CalcBaseAndBitshift)
    i.DMA_SetConfig                          0x080005e0   Section        0  stm32f4xx_hal_dma.o(i.DMA_SetConfig)
    DMA_SetConfig                            0x080005e1   Thumb Code    44  stm32f4xx_hal_dma.o(i.DMA_SetConfig)
    i.DMX_DisableUsart                       0x0800060c   Section        0  dmx-init.o(i.DMX_DisableUsart)
    i.DMX_EnableUsart                        0x08000618   Section        0  dmx-init.o(i.DMX_EnableUsart)
    i.DMX_GPIO_DeInit                        0x0800062c   Section        0  dmx-init.o(i.DMX_GPIO_DeInit)
    i.DMX_GPIO_Init                          0x0800064c   Section        0  dmx-init.o(i.DMX_GPIO_Init)
    i.HAL_ADCEx_InjectedConvCpltCallback     0x0800066c   Section        0  stm32f4xx_hal_adc_ex.o(i.HAL_ADCEx_InjectedConvCpltCallback)
    i.HAL_ADC_ConfigChannel                  0x08000670   Section        0  stm32f4xx_hal_adc.o(i.HAL_ADC_ConfigChannel)
    i.HAL_ADC_ConvCpltCallback               0x08000804   Section        0  stm32f4xx_hal_adc.o(i.HAL_ADC_ConvCpltCallback)
    i.HAL_ADC_ConvHalfCpltCallback           0x08000808   Section        0  dmx-it.o(i.HAL_ADC_ConvHalfCpltCallback)
    i.HAL_ADC_ErrorCallback                  0x0800082c   Section        0  stm32f4xx_hal_adc.o(i.HAL_ADC_ErrorCallback)
    i.HAL_ADC_IRQHandler                     0x0800082e   Section        0  stm32f4xx_hal_adc.o(i.HAL_ADC_IRQHandler)
    i.HAL_ADC_Init                           0x080009a4   Section        0  stm32f4xx_hal_adc.o(i.HAL_ADC_Init)
    i.HAL_ADC_LevelOutOfWindowCallback       0x08000a0c   Section        0  stm32f4xx_hal_adc.o(i.HAL_ADC_LevelOutOfWindowCallback)
    i.HAL_ADC_MspInit                        0x08000a10   Section        0  stm32f4xx_hal_msp.o(i.HAL_ADC_MspInit)
    i.HAL_ADC_Start_DMA                      0x08000ab4   Section        0  stm32f4xx_hal_adc.o(i.HAL_ADC_Start_DMA)
    i.HAL_ADC_Start_IT                       0x08000bfc   Section        0  stm32f4xx_hal_adc.o(i.HAL_ADC_Start_IT)
    i.HAL_ADC_Stop_IT                        0x08000d08   Section        0  stm32f4xx_hal_adc.o(i.HAL_ADC_Stop_IT)
    i.HAL_DMA_IRQHandler                     0x08000d60   Section        0  stm32f4xx_hal_dma.o(i.HAL_DMA_IRQHandler)
    i.HAL_DMA_Init                           0x08000f78   Section        0  stm32f4xx_hal_dma.o(i.HAL_DMA_Init)
    i.HAL_DMA_Start_IT                       0x08000ffc   Section        0  stm32f4xx_hal_dma.o(i.HAL_DMA_Start_IT)
    i.HAL_Delay                              0x08001066   Section        0  stm32f4xx_hal.o(i.HAL_Delay)
    i.HAL_GPIO_DeInit                        0x08001080   Section        0  stm32f4xx_hal_gpio.o(i.HAL_GPIO_DeInit)
    i.HAL_GPIO_Init                          0x080011f4   Section        0  stm32f4xx_hal_gpio.o(i.HAL_GPIO_Init)
    i.HAL_GPIO_ReadPin                       0x08001400   Section        0  stm32f4xx_hal_gpio.o(i.HAL_GPIO_ReadPin)
    i.HAL_GPIO_TogglePin                     0x08001410   Section        0  stm32f4xx_hal_gpio.o(i.HAL_GPIO_TogglePin)
    i.HAL_GPIO_WritePin                      0x08001418   Section        0  stm32f4xx_hal_gpio.o(i.HAL_GPIO_WritePin)
    i.HAL_GetREVID                           0x08001424   Section        0  stm32f4xx_hal.o(i.HAL_GetREVID)
    i.HAL_GetTick                            0x08001430   Section        0  stm32f4xx_hal.o(i.HAL_GetTick)
    i.HAL_IncTick                            0x0800143c   Section        0  stm32f4xx_hal.o(i.HAL_IncTick)
    i.HAL_Init                               0x0800144c   Section        0  stm32f4xx_hal.o(i.HAL_Init)
    i.HAL_InitTick                           0x08001488   Section        0  stm32f4xx_hal.o(i.HAL_InitTick)
    i.HAL_MspInit                            0x080014ac   Section        0  stm32f4xx_hal_msp.o(i.HAL_MspInit)
    i.HAL_NVIC_DisableIRQ                    0x080014f0   Section        0  stm32f4xx_hal_cortex.o(i.HAL_NVIC_DisableIRQ)
    i.HAL_NVIC_EnableIRQ                     0x0800150c   Section        0  stm32f4xx_hal_cortex.o(i.HAL_NVIC_EnableIRQ)
    i.HAL_NVIC_SetPriority                   0x08001526   Section        0  stm32f4xx_hal_cortex.o(i.HAL_NVIC_SetPriority)
    i.HAL_NVIC_SetPriorityGrouping           0x080015a4   Section        0  stm32f4xx_hal_cortex.o(i.HAL_NVIC_SetPriorityGrouping)
    i.HAL_RCC_ClockConfig                    0x080015cc   Section        0  stm32f4xx_hal_rcc.o(i.HAL_RCC_ClockConfig)
    i.HAL_RCC_GetHCLKFreq                    0x08001770   Section        0  stm32f4xx_hal_rcc.o(i.HAL_RCC_GetHCLKFreq)
    i.HAL_RCC_GetPCLK1Freq                   0x080017a8   Section        0  stm32f4xx_hal_rcc.o(i.HAL_RCC_GetPCLK1Freq)
    i.HAL_RCC_GetPCLK2Freq                   0x080017d4   Section        0  stm32f4xx_hal_rcc.o(i.HAL_RCC_GetPCLK2Freq)
    i.HAL_RCC_GetSysClockFreq                0x08001800   Section        0  stm32f4xx_hal_rcc.o(i.HAL_RCC_GetSysClockFreq)
    i.HAL_RCC_OscConfig                      0x080018b4   Section        0  stm32f4xx_hal_rcc.o(i.HAL_RCC_OscConfig)
    i.HAL_SYSTICK_CLKSourceConfig            0x08001c50   Section        0  stm32f4xx_hal_cortex.o(i.HAL_SYSTICK_CLKSourceConfig)
    i.HAL_SYSTICK_Callback                   0x08001c78   Section        0  stm32f4xx_hal_cortex.o(i.HAL_SYSTICK_Callback)
    i.HAL_SYSTICK_Config                     0x08001c7a   Section        0  stm32f4xx_hal_cortex.o(i.HAL_SYSTICK_Config)
    i.HAL_SYSTICK_IRQHandler                 0x08001cae   Section        0  stm32f4xx_hal_cortex.o(i.HAL_SYSTICK_IRQHandler)
    i.HAL_TIMEx_BreakCallback                0x08001cb6   Section        0  stm32f4xx_hal_tim_ex.o(i.HAL_TIMEx_BreakCallback)
    i.HAL_TIMEx_CommutationCallback          0x08001cb8   Section        0  stm32f4xx_hal_tim_ex.o(i.HAL_TIMEx_CommutationCallback)
    i.HAL_TIMEx_MasterConfigSynchronization  0x08001cba   Section        0  stm32f4xx_hal_tim_ex.o(i.HAL_TIMEx_MasterConfigSynchronization)
    i.HAL_TIM_Base_Init                      0x08001d1c   Section        0  stm32f4xx_hal_tim.o(i.HAL_TIM_Base_Init)
    i.HAL_TIM_Base_MspInit                   0x08001d50   Section        0  stm32f4xx_hal_msp.o(i.HAL_TIM_Base_MspInit)
    i.HAL_TIM_Base_Start_IT                  0x08001d80   Section        0  stm32f4xx_hal_tim.o(i.HAL_TIM_Base_Start_IT)
    i.HAL_TIM_Base_Stop_IT                   0x08001d9e   Section        0  stm32f4xx_hal_tim.o(i.HAL_TIM_Base_Stop_IT)
    i.HAL_TIM_ConfigClockSource              0x08001dd6   Section        0  stm32f4xx_hal_tim.o(i.HAL_TIM_ConfigClockSource)
    i.HAL_TIM_IC_CaptureCallback             0x08001f08   Section        0  stm32f4xx_hal_tim.o(i.HAL_TIM_IC_CaptureCallback)
    i.HAL_TIM_IRQHandler                     0x08001f0a   Section        0  stm32f4xx_hal_tim.o(i.HAL_TIM_IRQHandler)
    i.HAL_TIM_OC_DelayElapsedCallback        0x080020a0   Section        0  stm32f4xx_hal_tim.o(i.HAL_TIM_OC_DelayElapsedCallback)
    i.HAL_TIM_PWM_PulseFinishedCallback      0x080020a2   Section        0  stm32f4xx_hal_tim.o(i.HAL_TIM_PWM_PulseFinishedCallback)
    i.HAL_TIM_PeriodElapsedCallback          0x080020a4   Section        0  dmx-it.o(i.HAL_TIM_PeriodElapsedCallback)
    i.HAL_TIM_TriggerCallback                0x08002194   Section        0  stm32f4xx_hal_tim.o(i.HAL_TIM_TriggerCallback)
    i.HAL_UART_ErrorCallback                 0x08002196   Section        0  stm32f4xx_hal_uart.o(i.HAL_UART_ErrorCallback)
    i.HAL_UART_IRQHandler                    0x08002198   Section        0  stm32f4xx_hal_uart.o(i.HAL_UART_IRQHandler)
    i.HAL_UART_Init                          0x080022cc   Section        0  stm32f4xx_hal_uart.o(i.HAL_UART_Init)
    i.HAL_UART_MspDeInit                     0x08002340   Section        0  stm32f4xx_hal_msp.o(i.HAL_UART_MspDeInit)
    i.HAL_UART_MspInit                       0x08002380   Section        0  stm32f4xx_hal_msp.o(i.HAL_UART_MspInit)
    i.HAL_UART_RxCpltCallback                0x080023fc   Section        0  stm32f4xx_hal_uart.o(i.HAL_UART_RxCpltCallback)
    i.HAL_UART_Transmit_IT                   0x080023fe   Section        0  stm32f4xx_hal_uart.o(i.HAL_UART_Transmit_IT)
    i.HAL_UART_TxCpltCallback                0x08002458   Section        0  dmx-it.o(i.HAL_UART_TxCpltCallback)
    i.KeyPad_check_but                       0x080024b4   Section        0  keypad.o(i.KeyPad_check_but)
    i.KeyPad_check_col                       0x08002530   Section        0  keypad.o(i.KeyPad_check_col)
    i.KeyPad_getKey                          0x0800257c   Section        0  keypad.o(i.KeyPad_getKey)
    i.KeyPad_get_key                         0x080025e8   Section        0  keypad.o(i.KeyPad_get_key)
    i.KeyPad_getascii                        0x08002624   Section        0  keypad.o(i.KeyPad_getascii)
    i.KeyPad_init                            0x08002684   Section        0  keypad.o(i.KeyPad_init)
    i.KeyPad_scan_row                        0x08002740   Section        0  keypad.o(i.KeyPad_scan_row)
    i.MX_ADC1_Init                           0x080027b0   Section        0  dmx-init.o(i.MX_ADC1_Init)
    i.MX_DMA_Init                            0x080028e0   Section        0  dmx-init.o(i.MX_DMA_Init)
    i.MX_GPIO_Init                           0x08002964   Section        0  dmx-init.o(i.MX_GPIO_Init)
    i.MX_NVIC_Init                           0x08002a24   Section        0  dmx-init.o(i.MX_NVIC_Init)
    i.MX_TIM2_Init                           0x08002a68   Section        0  dmx-init.o(i.MX_TIM2_Init)
    i.MX_TIM3_Init                           0x08002ab0   Section        0  dmx-init.o(i.MX_TIM3_Init)
    i.MX_USART1_UART_Init                    0x08002b24   Section        0  dmx-init.o(i.MX_USART1_UART_Init)
    i.NVIC_GetPriorityGrouping               0x08002b5c   Section        0  stm32f4xx_hal_cortex.o(i.NVIC_GetPriorityGrouping)
    NVIC_GetPriorityGrouping                 0x08002b5d   Thumb Code    10  stm32f4xx_hal_cortex.o(i.NVIC_GetPriorityGrouping)
    i.NVIC_SetPriority                       0x08002b6c   Section        0  stm32f4xx_hal_cortex.o(i.NVIC_SetPriority)
    NVIC_SetPriority                         0x08002b6d   Thumb Code    32  stm32f4xx_hal_cortex.o(i.NVIC_SetPriority)
    i.SysTick_Handler                        0x08002b94   Section        0  stm32f4xx_it.o(i.SysTick_Handler)
    i.SystemClock_Config                     0x08002ba0   Section        0  dmx-init.o(i.SystemClock_Config)
    i.SystemInit                             0x08002c70   Section        0  system_stm32f4xx.o(i.SystemInit)
    i.TIM2_IRQHandler                        0x08002cd4   Section        0  stm32f4xx_it.o(i.TIM2_IRQHandler)
    i.TIM3_IRQHandler                        0x08002ce4   Section        0  stm32f4xx_it.o(i.TIM3_IRQHandler)
    i.TIM_Base_SetConfig                     0x08002cf4   Section        0  stm32f4xx_hal_tim.o(i.TIM_Base_SetConfig)
    i.TIM_ETR_SetConfig                      0x08002dd8   Section        0  stm32f4xx_hal_tim.o(i.TIM_ETR_SetConfig)
    TIM_ETR_SetConfig                        0x08002dd9   Thumb Code    24  stm32f4xx_hal_tim.o(i.TIM_ETR_SetConfig)
    i.TIM_ITRx_SetConfig                     0x08002df0   Section        0  stm32f4xx_hal_tim.o(i.TIM_ITRx_SetConfig)
    TIM_ITRx_SetConfig                       0x08002df1   Thumb Code    20  stm32f4xx_hal_tim.o(i.TIM_ITRx_SetConfig)
    i.TIM_TI1_ConfigInputStage               0x08002e04   Section        0  stm32f4xx_hal_tim.o(i.TIM_TI1_ConfigInputStage)
    TIM_TI1_ConfigInputStage                 0x08002e05   Thumb Code    42  stm32f4xx_hal_tim.o(i.TIM_TI1_ConfigInputStage)
    i.TIM_TI2_ConfigInputStage               0x08002e2e   Section        0  stm32f4xx_hal_tim.o(i.TIM_TI2_ConfigInputStage)
    TIM_TI2_ConfigInputStage                 0x08002e2f   Thumb Code    44  stm32f4xx_hal_tim.o(i.TIM_TI2_ConfigInputStage)
    i.UART_EndTransmit_IT                    0x08002e5a   Section        0  stm32f4xx_hal_uart.o(i.UART_EndTransmit_IT)
    UART_EndTransmit_IT                      0x08002e5b   Thumb Code    32  stm32f4xx_hal_uart.o(i.UART_EndTransmit_IT)
    i.UART_Receive_IT                        0x08002e7a   Section        0  stm32f4xx_hal_uart.o(i.UART_Receive_IT)
    UART_Receive_IT                          0x08002e7b   Thumb Code   166  stm32f4xx_hal_uart.o(i.UART_Receive_IT)
    i.UART_SetConfig                         0x08002f20   Section        0  stm32f4xx_hal_uart.o(i.UART_SetConfig)
    UART_SetConfig                           0x08002f21   Thumb Code   864  stm32f4xx_hal_uart.o(i.UART_SetConfig)
    i.UART_Transmit_IT                       0x08003288   Section        0  stm32f4xx_hal_uart.o(i.UART_Transmit_IT)
    UART_Transmit_IT                         0x08003289   Thumb Code   104  stm32f4xx_hal_uart.o(i.UART_Transmit_IT)
    i.USART1_IRQHandler                      0x080032f0   Section        0  stm32f4xx_it.o(i.USART1_IRQHandler)
    i.__aeabi_errno_addr                     0x08003300   Section        0  errno.o(i.__aeabi_errno_addr)
    i.__scatterload_copy                     0x08003308   Section       14  handlers.o(i.__scatterload_copy)
    i.__scatterload_null                     0x08003316   Section        2  handlers.o(i.__scatterload_null)
    i.__scatterload_zeroinit                 0x08003318   Section       14  handlers.o(i.__scatterload_zeroinit)
    i.checknum                               0x08003326   Section        0  keypad.o(i.checknum)
    i.dmx_add_group                          0x08003358   Section        0  dmx-handle.o(i.dmx_add_group)
    i.dmx_add_scanner                        0x080033f0   Section        0  dmx-handle.o(i.dmx_add_scanner)
    i.dmx_add_scene                          0x08003460   Section        0  dmx-handle.o(i.dmx_add_scene)
    i.dmx_add_set                            0x080034ac   Section        0  dmx-handle.o(i.dmx_add_set)
    i.dmx_auto_play                          0x080034e4   Section        0  dmx-handle.o(i.dmx_auto_play)
    i.dmx_getstring                          0x08003528   Section        0  dmx-handle.o(i.dmx_getstring)
    i.dmx_main                               0x080035e0   Section        0  dmx-handle.o(i.dmx_main)
    i.dmx_out_scanner                        0x08003630   Section        0  dmx-handle.o(i.dmx_out_scanner)
    i.dmx_out_scene                          0x08003660   Section        0  dmx-handle.o(i.dmx_out_scene)
    i.dmx_out_set                            0x080036b4   Section        0  dmx-handle.o(i.dmx_out_set)
    i.dmx_scan_color                         0x080036e4   Section        0  dmx-handle.o(i.dmx_scan_color)
    i.dmx_select_set                         0x08003774   Section        0  dmx-handle.o(i.dmx_select_set)
    i.free                                   0x080037dc   Section        0  malloc.o(i.free)
    i.main                                   0x0800382c   Section        0  main.o(i.main)
    i.malloc                                 0x080038a4   Section        0  malloc.o(i.malloc)
    .constdata                               0x08003910   Section        8  stm32f4xx_hal_dma.o(.constdata)
    flagBitshiftOffset                       0x08003910   Data           8  stm32f4xx_hal_dma.o(.constdata)
    .constdata                               0x08003918   Section       16  stm32f4xx_hal_rcc.o(.constdata)
    .constdata                               0x08003928   Section      129  ctype_o.o(.constdata)
    .constdata                               0x080039ac   Section        4  ctype_o.o(.constdata)
    table                                    0x080039ac   Data           4  ctype_o.o(.constdata)
    .data                                    0x20000000   Section        4  system_stm32f4xx.o(.data)
    .data                                    0x20000004   Section       28  main.o(.data)
    .data                                    0x20000020   Section       22  dmx-handle.o(.data)
    out_set_cur                              0x2000002d   Data           1  dmx-handle.o(.data)
    out_scene_cur                            0x2000002e   Data           1  dmx-handle.o(.data)
    st                                       0x20000034   Data           1  dmx-handle.o(.data)
    count                                    0x20000035   Data           1  dmx-handle.o(.data)
    .data                                    0x20000038   Section        4  stm32f4xx_hal.o(.data)
    .data                                    0x2000003c   Section        4  mvars.o(.data)
    .data                                    0x20000040   Section        4  mvars.o(.data)
    .data                                    0x20000044   Section        4  errno.o(.data)
    _errno                                   0x20000044   Data           4  errno.o(.data)
    .bss                                     0x20000048   Section      364  main.o(.bss)
    .bss                                     0x200001b4   Section       21  dmx-init.o(.bss)
    .bss                                     0x200001c9   Section     9351  dmx-handle.o(.bss)
    HEAP                                     0x20002650   Section      512  startup_stm32f407xx.o(HEAP)
    STACK                                    0x20002850   Section     1024  startup_stm32f407xx.o(STACK)

    Global Symbols

    Symbol Name                              Value     Ov Type        Size  Object(Section)

    BuildAttributes$$THM_ISAv4$E$P$D$K$B$S$7EM$VFPi3$EXTD16$VFPS$VFMA$PE$A:L22UL41UL21$X:L11$S22US41US21$IEEE1$IW$USESV6$~STKCKD$USESV7$~SHL$OSPACE$EBA8$MICROLIB$REQ8$PRES8$EABIv2 0x00000000   Number         0  anon$$obj.o ABSOLUTE
    __ARM_use_no_argv                        0x00000000   Number         0  main.o ABSOLUTE
    __cpp_initialize__aeabi_                  - Undefined Weak Reference
    __cxa_finalize                            - Undefined Weak Reference
    __decompress                              - Undefined Weak Reference
    _clock_init                               - Undefined Weak Reference
    _microlib_exit                            - Undefined Weak Reference
    __Vectors_Size                           0x00000188   Number         0  startup_stm32f407xx.o ABSOLUTE
    __Vectors                                0x08000000   Data           4  startup_stm32f407xx.o(RESET)
    __Vectors_End                            0x08000188   Data           0  startup_stm32f407xx.o(RESET)
    __main                                   0x08000189   Thumb Code     0  entry.o(.ARM.Collect$$$$00000000)
    _main_stk                                0x08000189   Thumb Code     0  entry2.o(.ARM.Collect$$$$00000001)
    _main_scatterload                        0x0800018d   Thumb Code     0  entry5.o(.ARM.Collect$$$$00000004)
    __main_after_scatterload                 0x08000191   Thumb Code     0  entry5.o(.ARM.Collect$$$$00000004)
    _main_clock                              0x08000191   Thumb Code     0  entry7b.o(.ARM.Collect$$$$00000008)
    _main_cpp_init                           0x08000191   Thumb Code     0  entry8b.o(.ARM.Collect$$$$0000000A)
    _main_init                               0x08000191   Thumb Code     0  entry9a.o(.ARM.Collect$$$$0000000B)
    __rt_final_cpp                           0x08000199   Thumb Code     0  entry10a.o(.ARM.Collect$$$$0000000D)
    __rt_final_exit                          0x08000199   Thumb Code     0  entry11a.o(.ARM.Collect$$$$0000000F)
    Reset_Handler                            0x0800019d   Thumb Code     8  startup_stm32f407xx.o(.text)
    NMI_Handler                              0x080001a5   Thumb Code     2  startup_stm32f407xx.o(.text)
    HardFault_Handler                        0x080001a7   Thumb Code     2  startup_stm32f407xx.o(.text)
    MemManage_Handler                        0x080001a9   Thumb Code     2  startup_stm32f407xx.o(.text)
    BusFault_Handler                         0x080001ab   Thumb Code     2  startup_stm32f407xx.o(.text)
    UsageFault_Handler                       0x080001ad   Thumb Code     2  startup_stm32f407xx.o(.text)
    SVC_Handler                              0x080001af   Thumb Code     2  startup_stm32f407xx.o(.text)
    DebugMon_Handler                         0x080001b1   Thumb Code     2  startup_stm32f407xx.o(.text)
    PendSV_Handler                           0x080001b3   Thumb Code     2  startup_stm32f407xx.o(.text)
    CAN1_RX0_IRQHandler                      0x080001b7   Thumb Code     0  startup_stm32f407xx.o(.text)
    CAN1_RX1_IRQHandler                      0x080001b7   Thumb Code     0  startup_stm32f407xx.o(.text)
    CAN1_SCE_IRQHandler                      0x080001b7   Thumb Code     0  startup_stm32f407xx.o(.text)
    CAN1_TX_IRQHandler                       0x080001b7   Thumb Code     0  startup_stm32f407xx.o(.text)
    CAN2_RX0_IRQHandler                      0x080001b7   Thumb Code     0  startup_stm32f407xx.o(.text)
    CAN2_RX1_IRQHandler                      0x080001b7   Thumb Code     0  startup_stm32f407xx.o(.text)
    CAN2_SCE_IRQHandler                      0x080001b7   Thumb Code     0  startup_stm32f407xx.o(.text)
    CAN2_TX_IRQHandler                       0x080001b7   Thumb Code     0  startup_stm32f407xx.o(.text)
    DCMI_IRQHandler                          0x080001b7   Thumb Code     0  startup_stm32f407xx.o(.text)
    DMA1_Stream0_IRQHandler                  0x080001b7   Thumb Code     0  startup_stm32f407xx.o(.text)
    DMA1_Stream1_IRQHandler                  0x080001b7   Thumb Code     0  startup_stm32f407xx.o(.text)
    DMA1_Stream2_IRQHandler                  0x080001b7   Thumb Code     0  startup_stm32f407xx.o(.text)
    DMA1_Stream3_IRQHandler                  0x080001b7   Thumb Code     0  startup_stm32f407xx.o(.text)
    DMA1_Stream4_IRQHandler                  0x080001b7   Thumb Code     0  startup_stm32f407xx.o(.text)
    DMA1_Stream5_IRQHandler                  0x080001b7   Thumb Code     0  startup_stm32f407xx.o(.text)
    DMA1_Stream6_IRQHandler                  0x080001b7   Thumb Code     0  startup_stm32f407xx.o(.text)
    DMA1_Stream7_IRQHandler                  0x080001b7   Thumb Code     0  startup_stm32f407xx.o(.text)
    DMA2_Stream1_IRQHandler                  0x080001b7   Thumb Code     0  startup_stm32f407xx.o(.text)
    DMA2_Stream2_IRQHandler                  0x080001b7   Thumb Code     0  startup_stm32f407xx.o(.text)
    DMA2_Stream3_IRQHandler                  0x080001b7   Thumb Code     0  startup_stm32f407xx.o(.text)
    DMA2_Stream4_IRQHandler                  0x080001b7   Thumb Code     0  startup_stm32f407xx.o(.text)
    DMA2_Stream5_IRQHandler                  0x080001b7   Thumb Code     0  startup_stm32f407xx.o(.text)
    DMA2_Stream6_IRQHandler                  0x080001b7   Thumb Code     0  startup_stm32f407xx.o(.text)
    DMA2_Stream7_IRQHandler                  0x080001b7   Thumb Code     0  startup_stm32f407xx.o(.text)
    ETH_IRQHandler                           0x080001b7   Thumb Code     0  startup_stm32f407xx.o(.text)
    ETH_WKUP_IRQHandler                      0x080001b7   Thumb Code     0  startup_stm32f407xx.o(.text)
    EXTI0_IRQHandler                         0x080001b7   Thumb Code     0  startup_stm32f407xx.o(.text)
    EXTI15_10_IRQHandler                     0x080001b7   Thumb Code     0  startup_stm32f407xx.o(.text)
    EXTI1_IRQHandler                         0x080001b7   Thumb Code     0  startup_stm32f407xx.o(.text)
    EXTI2_IRQHandler                         0x080001b7   Thumb Code     0  startup_stm32f407xx.o(.text)
    EXTI3_IRQHandler                         0x080001b7   Thumb Code     0  startup_stm32f407xx.o(.text)
    EXTI4_IRQHandler                         0x080001b7   Thumb Code     0  startup_stm32f407xx.o(.text)
    EXTI9_5_IRQHandler                       0x080001b7   Thumb Code     0  startup_stm32f407xx.o(.text)
    FLASH_IRQHandler                         0x080001b7   Thumb Code     0  startup_stm32f407xx.o(.text)
    FMC_IRQHandler                           0x080001b7   Thumb Code     0  startup_stm32f407xx.o(.text)
    FPU_IRQHandler                           0x080001b7   Thumb Code     0  startup_stm32f407xx.o(.text)
    HASH_RNG_IRQHandler                      0x080001b7   Thumb Code     0  startup_stm32f407xx.o(.text)
    I2C1_ER_IRQHandler                       0x080001b7   Thumb Code     0  startup_stm32f407xx.o(.text)
    I2C1_EV_IRQHandler                       0x080001b7   Thumb Code     0  startup_stm32f407xx.o(.text)
    I2C2_ER_IRQHandler                       0x080001b7   Thumb Code     0  startup_stm32f407xx.o(.text)
    I2C2_EV_IRQHandler                       0x080001b7   Thumb Code     0  startup_stm32f407xx.o(.text)
    I2C3_ER_IRQHandler                       0x080001b7   Thumb Code     0  startup_stm32f407xx.o(.text)
    I2C3_EV_IRQHandler                       0x080001b7   Thumb Code     0  startup_stm32f407xx.o(.text)
    OTG_FS_IRQHandler                        0x080001b7   Thumb Code     0  startup_stm32f407xx.o(.text)
    OTG_FS_WKUP_IRQHandler                   0x080001b7   Thumb Code     0  startup_stm32f407xx.o(.text)
    OTG_HS_EP1_IN_IRQHandler                 0x080001b7   Thumb Code     0  startup_stm32f407xx.o(.text)
    OTG_HS_EP1_OUT_IRQHandler                0x080001b7   Thumb Code     0  startup_stm32f407xx.o(.text)
    OTG_HS_IRQHandler                        0x080001b7   Thumb Code     0  startup_stm32f407xx.o(.text)
    OTG_HS_WKUP_IRQHandler                   0x080001b7   Thumb Code     0  startup_stm32f407xx.o(.text)
    PVD_IRQHandler                           0x080001b7   Thumb Code     0  startup_stm32f407xx.o(.text)
    RCC_IRQHandler                           0x080001b7   Thumb Code     0  startup_stm32f407xx.o(.text)
    RTC_Alarm_IRQHandler                     0x080001b7   Thumb Code     0  startup_stm32f407xx.o(.text)
    RTC_WKUP_IRQHandler                      0x080001b7   Thumb Code     0  startup_stm32f407xx.o(.text)
    SDIO_IRQHandler                          0x080001b7   Thumb Code     0  startup_stm32f407xx.o(.text)
    SPI1_IRQHandler                          0x080001b7   Thumb Code     0  startup_stm32f407xx.o(.text)
    SPI2_IRQHandler                          0x080001b7   Thumb Code     0  startup_stm32f407xx.o(.text)
    SPI3_IRQHandler                          0x080001b7   Thumb Code     0  startup_stm32f407xx.o(.text)
    TAMP_STAMP_IRQHandler                    0x080001b7   Thumb Code     0  startup_stm32f407xx.o(.text)
    TIM1_BRK_TIM9_IRQHandler                 0x080001b7   Thumb Code     0  startup_stm32f407xx.o(.text)
    TIM1_CC_IRQHandler                       0x080001b7   Thumb Code     0  startup_stm32f407xx.o(.text)
    TIM1_TRG_COM_TIM11_IRQHandler            0x080001b7   Thumb Code     0  startup_stm32f407xx.o(.text)
    TIM1_UP_TIM10_IRQHandler                 0x080001b7   Thumb Code     0  startup_stm32f407xx.o(.text)
    TIM4_IRQHandler                          0x080001b7   Thumb Code     0  startup_stm32f407xx.o(.text)
    TIM5_IRQHandler                          0x080001b7   Thumb Code     0  startup_stm32f407xx.o(.text)
    TIM6_DAC_IRQHandler                      0x080001b7   Thumb Code     0  startup_stm32f407xx.o(.text)
    TIM7_IRQHandler                          0x080001b7   Thumb Code     0  startup_stm32f407xx.o(.text)
    TIM8_BRK_TIM12_IRQHandler                0x080001b7   Thumb Code     0  startup_stm32f407xx.o(.text)
    TIM8_CC_IRQHandler                       0x080001b7   Thumb Code     0  startup_stm32f407xx.o(.text)
    TIM8_TRG_COM_TIM14_IRQHandler            0x080001b7   Thumb Code     0  startup_stm32f407xx.o(.text)
    TIM8_UP_TIM13_IRQHandler                 0x080001b7   Thumb Code     0  startup_stm32f407xx.o(.text)
    UART4_IRQHandler                         0x080001b7   Thumb Code     0  startup_stm32f407xx.o(.text)
    UART5_IRQHandler                         0x080001b7   Thumb Code     0  startup_stm32f407xx.o(.text)
    USART2_IRQHandler                        0x080001b7   Thumb Code     0  startup_stm32f407xx.o(.text)
    USART3_IRQHandler                        0x080001b7   Thumb Code     0  startup_stm32f407xx.o(.text)
    USART6_IRQHandler                        0x080001b7   Thumb Code     0  startup_stm32f407xx.o(.text)
    WWDG_IRQHandler                          0x080001b7   Thumb Code     0  startup_stm32f407xx.o(.text)
    __aeabi_memset                           0x080001c1   Thumb Code    14  memseta.o(.text)
    __aeabi_memset4                          0x080001c1   Thumb Code     0  memseta.o(.text)
    __aeabi_memset8                          0x080001c1   Thumb Code     0  memseta.o(.text)
    __aeabi_memclr                           0x080001cf   Thumb Code     4  memseta.o(.text)
    __aeabi_memclr4                          0x080001cf   Thumb Code     0  memseta.o(.text)
    __aeabi_memclr8                          0x080001cf   Thumb Code     0  memseta.o(.text)
    _memset$wrapper                          0x080001d3   Thumb Code    18  memseta.o(.text)
    strlen                                   0x080001e5   Thumb Code    14  strlen.o(.text)
    calloc                                   0x080001f3   Thumb Code    28  calloc.o(.text)
    atoi                                     0x0800020f   Thumb Code    26  atoi.o(.text)
    strtol                                   0x08000229   Thumb Code   112  strtol.o(.text)
    __scatterload                            0x08000299   Thumb Code    28  init.o(.text)
    __scatterload_rt2                        0x08000299   Thumb Code     0  init.o(.text)
    __rt_ctype_table                         0x080002bd   Thumb Code     4  ctype_o.o(.text)
    _strtoul                                 0x080002c5   Thumb Code   158  _strtoul.o(.text)
    _chval                                   0x08000363   Thumb Code    28  _chval.o(.text)
    ADC_IRQHandler                           0x08000415   Thumb Code    10  stm32f4xx_it.o(i.ADC_IRQHandler)
    DMA2_Stream0_IRQHandler                  0x0800059d   Thumb Code    10  stm32f4xx_it.o(i.DMA2_Stream0_IRQHandler)
    DMX_DisableUsart                         0x0800060d   Thumb Code    12  dmx-init.o(i.DMX_DisableUsart)
    DMX_EnableUsart                          0x08000619   Thumb Code    18  dmx-init.o(i.DMX_EnableUsart)
    DMX_GPIO_DeInit                          0x0800062d   Thumb Code    28  dmx-init.o(i.DMX_GPIO_DeInit)
    DMX_GPIO_Init                            0x0800064d   Thumb Code    28  dmx-init.o(i.DMX_GPIO_Init)
    HAL_ADCEx_InjectedConvCpltCallback       0x0800066d   Thumb Code     2  stm32f4xx_hal_adc_ex.o(i.HAL_ADCEx_InjectedConvCpltCallback)
    HAL_ADC_ConfigChannel                    0x08000671   Thumb Code   386  stm32f4xx_hal_adc.o(i.HAL_ADC_ConfigChannel)
    HAL_ADC_ConvCpltCallback                 0x08000805   Thumb Code     2  stm32f4xx_hal_adc.o(i.HAL_ADC_ConvCpltCallback)
    HAL_ADC_ConvHalfCpltCallback             0x08000809   Thumb Code    22  dmx-it.o(i.HAL_ADC_ConvHalfCpltCallback)
    HAL_ADC_ErrorCallback                    0x0800082d   Thumb Code     2  stm32f4xx_hal_adc.o(i.HAL_ADC_ErrorCallback)
    HAL_ADC_IRQHandler                       0x0800082f   Thumb Code   372  stm32f4xx_hal_adc.o(i.HAL_ADC_IRQHandler)
    HAL_ADC_Init                             0x080009a5   Thumb Code   100  stm32f4xx_hal_adc.o(i.HAL_ADC_Init)
    HAL_ADC_LevelOutOfWindowCallback         0x08000a0d   Thumb Code     2  stm32f4xx_hal_adc.o(i.HAL_ADC_LevelOutOfWindowCallback)
    HAL_ADC_MspInit                          0x08000a11   Thumb Code   142  stm32f4xx_hal_msp.o(i.HAL_ADC_MspInit)
    HAL_ADC_Start_DMA                        0x08000ab5   Thumb Code   300  stm32f4xx_hal_adc.o(i.HAL_ADC_Start_DMA)
    HAL_ADC_Start_IT                         0x08000bfd   Thumb Code   248  stm32f4xx_hal_adc.o(i.HAL_ADC_Start_IT)
    HAL_ADC_Stop_IT                          0x08000d09   Thumb Code    84  stm32f4xx_hal_adc.o(i.HAL_ADC_Stop_IT)
    HAL_DMA_IRQHandler                       0x08000d61   Thumb Code   530  stm32f4xx_hal_dma.o(i.HAL_DMA_IRQHandler)
    HAL_DMA_Init                             0x08000f79   Thumb Code   128  stm32f4xx_hal_dma.o(i.HAL_DMA_Init)
    HAL_DMA_Start_IT                         0x08000ffd   Thumb Code   106  stm32f4xx_hal_dma.o(i.HAL_DMA_Start_IT)
    HAL_Delay                                0x08001067   Thumb Code    26  stm32f4xx_hal.o(i.HAL_Delay)
    HAL_GPIO_DeInit                          0x08001081   Thumb Code   326  stm32f4xx_hal_gpio.o(i.HAL_GPIO_DeInit)
    HAL_GPIO_Init                            0x080011f5   Thumb Code   476  stm32f4xx_hal_gpio.o(i.HAL_GPIO_Init)
    HAL_GPIO_ReadPin                         0x08001401   Thumb Code    16  stm32f4xx_hal_gpio.o(i.HAL_GPIO_ReadPin)
    HAL_GPIO_TogglePin                       0x08001411   Thumb Code     8  stm32f4xx_hal_gpio.o(i.HAL_GPIO_TogglePin)
    HAL_GPIO_WritePin                        0x08001419   Thumb Code    12  stm32f4xx_hal_gpio.o(i.HAL_GPIO_WritePin)
    HAL_GetREVID                             0x08001425   Thumb Code     8  stm32f4xx_hal.o(i.HAL_GetREVID)
    HAL_GetTick                              0x08001431   Thumb Code     6  stm32f4xx_hal.o(i.HAL_GetTick)
    HAL_IncTick                              0x0800143d   Thumb Code    12  stm32f4xx_hal.o(i.HAL_IncTick)
    HAL_Init                                 0x0800144d   Thumb Code    54  stm32f4xx_hal.o(i.HAL_Init)
    HAL_InitTick                             0x08001489   Thumb Code    36  stm32f4xx_hal.o(i.HAL_InitTick)
    HAL_MspInit                              0x080014ad   Thumb Code    66  stm32f4xx_hal_msp.o(i.HAL_MspInit)
    HAL_NVIC_DisableIRQ                      0x080014f1   Thumb Code    22  stm32f4xx_hal_cortex.o(i.HAL_NVIC_DisableIRQ)
    HAL_NVIC_EnableIRQ                       0x0800150d   Thumb Code    26  stm32f4xx_hal_cortex.o(i.HAL_NVIC_EnableIRQ)
    HAL_NVIC_SetPriority                     0x08001527   Thumb Code   124  stm32f4xx_hal_cortex.o(i.HAL_NVIC_SetPriority)
    HAL_NVIC_SetPriorityGrouping             0x080015a5   Thumb Code    32  stm32f4xx_hal_cortex.o(i.HAL_NVIC_SetPriorityGrouping)
    HAL_RCC_ClockConfig                      0x080015cd   Thumb Code   412  stm32f4xx_hal_rcc.o(i.HAL_RCC_ClockConfig)
    HAL_RCC_GetHCLKFreq                      0x08001771   Thumb Code    42  stm32f4xx_hal_rcc.o(i.HAL_RCC_GetHCLKFreq)
    HAL_RCC_GetPCLK1Freq                     0x080017a9   Thumb Code    36  stm32f4xx_hal_rcc.o(i.HAL_RCC_GetPCLK1Freq)
    HAL_RCC_GetPCLK2Freq                     0x080017d5   Thumb Code    36  stm32f4xx_hal_rcc.o(i.HAL_RCC_GetPCLK2Freq)
    HAL_RCC_GetSysClockFreq                  0x08001801   Thumb Code   168  stm32f4xx_hal_rcc.o(i.HAL_RCC_GetSysClockFreq)
    HAL_RCC_OscConfig                        0x080018b5   Thumb Code   906  stm32f4xx_hal_rcc.o(i.HAL_RCC_OscConfig)
    HAL_SYSTICK_CLKSourceConfig              0x08001c51   Thumb Code    40  stm32f4xx_hal_cortex.o(i.HAL_SYSTICK_CLKSourceConfig)
    HAL_SYSTICK_Callback                     0x08001c79   Thumb Code     2  stm32f4xx_hal_cortex.o(i.HAL_SYSTICK_Callback)
    HAL_SYSTICK_Config                       0x08001c7b   Thumb Code    52  stm32f4xx_hal_cortex.o(i.HAL_SYSTICK_Config)
    HAL_SYSTICK_IRQHandler                   0x08001caf   Thumb Code     8  stm32f4xx_hal_cortex.o(i.HAL_SYSTICK_IRQHandler)
    HAL_TIMEx_BreakCallback                  0x08001cb7   Thumb Code     2  stm32f4xx_hal_tim_ex.o(i.HAL_TIMEx_BreakCallback)
    HAL_TIMEx_CommutationCallback            0x08001cb9   Thumb Code     2  stm32f4xx_hal_tim_ex.o(i.HAL_TIMEx_CommutationCallback)
    HAL_TIMEx_MasterConfigSynchronization    0x08001cbb   Thumb Code    98  stm32f4xx_hal_tim_ex.o(i.HAL_TIMEx_MasterConfigSynchronization)
    HAL_TIM_Base_Init                        0x08001d1d   Thumb Code    52  stm32f4xx_hal_tim.o(i.HAL_TIM_Base_Init)
    HAL_TIM_Base_MspInit                     0x08001d51   Thumb Code    44  stm32f4xx_hal_msp.o(i.HAL_TIM_Base_MspInit)
    HAL_TIM_Base_Start_IT                    0x08001d81   Thumb Code    30  stm32f4xx_hal_tim.o(i.HAL_TIM_Base_Start_IT)
    HAL_TIM_Base_Stop_IT                     0x08001d9f   Thumb Code    56  stm32f4xx_hal_tim.o(i.HAL_TIM_Base_Stop_IT)
    HAL_TIM_ConfigClockSource                0x08001dd7   Thumb Code   306  stm32f4xx_hal_tim.o(i.HAL_TIM_ConfigClockSource)
    HAL_TIM_IC_CaptureCallback               0x08001f09   Thumb Code     2  stm32f4xx_hal_tim.o(i.HAL_TIM_IC_CaptureCallback)
    HAL_TIM_IRQHandler                       0x08001f0b   Thumb Code   406  stm32f4xx_hal_tim.o(i.HAL_TIM_IRQHandler)
    HAL_TIM_OC_DelayElapsedCallback          0x080020a1   Thumb Code     2  stm32f4xx_hal_tim.o(i.HAL_TIM_OC_DelayElapsedCallback)
    HAL_TIM_PWM_PulseFinishedCallback        0x080020a3   Thumb Code     2  stm32f4xx_hal_tim.o(i.HAL_TIM_PWM_PulseFinishedCallback)
    HAL_TIM_PeriodElapsedCallback            0x080020a5   Thumb Code   212  dmx-it.o(i.HAL_TIM_PeriodElapsedCallback)
    HAL_TIM_TriggerCallback                  0x08002195   Thumb Code     2  stm32f4xx_hal_tim.o(i.HAL_TIM_TriggerCallback)
    HAL_UART_ErrorCallback                   0x08002197   Thumb Code     2  stm32f4xx_hal_uart.o(i.HAL_UART_ErrorCallback)
    HAL_UART_IRQHandler                      0x08002199   Thumb Code   308  stm32f4xx_hal_uart.o(i.HAL_UART_IRQHandler)
    HAL_UART_Init                            0x080022cd   Thumb Code   114  stm32f4xx_hal_uart.o(i.HAL_UART_Init)
    HAL_UART_MspDeInit                       0x08002341   Thumb Code    48  stm32f4xx_hal_msp.o(i.HAL_UART_MspDeInit)
    HAL_UART_MspInit                         0x08002381   Thumb Code   106  stm32f4xx_hal_msp.o(i.HAL_UART_MspInit)
    HAL_UART_RxCpltCallback                  0x080023fd   Thumb Code     2  stm32f4xx_hal_uart.o(i.HAL_UART_RxCpltCallback)
    HAL_UART_Transmit_IT                     0x080023ff   Thumb Code    88  stm32f4xx_hal_uart.o(i.HAL_UART_Transmit_IT)
    HAL_UART_TxCpltCallback                  0x08002459   Thumb Code    70  dmx-it.o(i.HAL_UART_TxCpltCallback)
    KeyPad_check_but                         0x080024b5   Thumb Code   114  keypad.o(i.KeyPad_check_but)
    KeyPad_check_col                         0x08002531   Thumb Code    68  keypad.o(i.KeyPad_check_col)
    KeyPad_getKey                            0x0800257d   Thumb Code   108  keypad.o(i.KeyPad_getKey)
    KeyPad_get_key                           0x080025e9   Thumb Code    60  keypad.o(i.KeyPad_get_key)
    KeyPad_getascii                          0x08002625   Thumb Code    96  keypad.o(i.KeyPad_getascii)
    KeyPad_init                              0x08002685   Thumb Code   180  keypad.o(i.KeyPad_init)
    KeyPad_scan_row                          0x08002741   Thumb Code   108  keypad.o(i.KeyPad_scan_row)
    MX_ADC1_Init                             0x080027b1   Thumb Code   278  dmx-init.o(i.MX_ADC1_Init)
    MX_DMA_Init                              0x080028e1   Thumb Code   116  dmx-init.o(i.MX_DMA_Init)
    MX_GPIO_Init                             0x08002965   Thumb Code   184  dmx-init.o(i.MX_GPIO_Init)
    MX_NVIC_Init                             0x08002a25   Thumb Code    68  dmx-init.o(i.MX_NVIC_Init)
    MX_TIM2_Init                             0x08002a69   Thumb Code    66  dmx-init.o(i.MX_TIM2_Init)
    MX_TIM3_Init                             0x08002ab1   Thumb Code   102  dmx-init.o(i.MX_TIM3_Init)
    MX_USART1_UART_Init                      0x08002b25   Thumb Code    44  dmx-init.o(i.MX_USART1_UART_Init)
    SysTick_Handler                          0x08002b95   Thumb Code    12  stm32f4xx_it.o(i.SysTick_Handler)
    SystemClock_Config                       0x08002ba1   Thumb Code   196  dmx-init.o(i.SystemClock_Config)
    SystemInit                               0x08002c71   Thumb Code    82  system_stm32f4xx.o(i.SystemInit)
    TIM2_IRQHandler                          0x08002cd5   Thumb Code    10  stm32f4xx_it.o(i.TIM2_IRQHandler)
    TIM3_IRQHandler                          0x08002ce5   Thumb Code    10  stm32f4xx_it.o(i.TIM3_IRQHandler)
    TIM_Base_SetConfig                       0x08002cf5   Thumb Code   184  stm32f4xx_hal_tim.o(i.TIM_Base_SetConfig)
    USART1_IRQHandler                        0x080032f1   Thumb Code    10  stm32f4xx_it.o(i.USART1_IRQHandler)
    __aeabi_errno_addr                       0x08003301   Thumb Code     4  errno.o(i.__aeabi_errno_addr)
    __rt_errno_addr                          0x08003301   Thumb Code     0  errno.o(i.__aeabi_errno_addr)
    __scatterload_copy                       0x08003309   Thumb Code    14  handlers.o(i.__scatterload_copy)
    __scatterload_null                       0x08003317   Thumb Code     2  handlers.o(i.__scatterload_null)
    __scatterload_zeroinit                   0x08003319   Thumb Code    14  handlers.o(i.__scatterload_zeroinit)
    checknum                                 0x08003327   Thumb Code    50  keypad.o(i.checknum)
    dmx_add_group                            0x08003359   Thumb Code   130  dmx-handle.o(i.dmx_add_group)
    dmx_add_scanner                          0x080033f1   Thumb Code   106  dmx-handle.o(i.dmx_add_scanner)
    dmx_add_scene                            0x08003461   Thumb Code    72  dmx-handle.o(i.dmx_add_scene)
    dmx_add_set                              0x080034ad   Thumb Code    56  dmx-handle.o(i.dmx_add_set)
    dmx_auto_play                            0x080034e5   Thumb Code    52  dmx-handle.o(i.dmx_auto_play)
    dmx_getstring                            0x08003529   Thumb Code   180  dmx-handle.o(i.dmx_getstring)
    dmx_main                                 0x080035e1   Thumb Code    62  dmx-handle.o(i.dmx_main)
    dmx_out_scanner                          0x08003631   Thumb Code    42  dmx-handle.o(i.dmx_out_scanner)
    dmx_out_scene                            0x08003661   Thumb Code    70  dmx-handle.o(i.dmx_out_scene)
    dmx_out_set                              0x080036b5   Thumb Code    44  dmx-handle.o(i.dmx_out_set)
    dmx_scan_color                           0x080036e5   Thumb Code   138  dmx-handle.o(i.dmx_scan_color)
    dmx_select_set                           0x08003775   Thumb Code    88  dmx-handle.o(i.dmx_select_set)
    free                                     0x080037dd   Thumb Code    76  malloc.o(i.free)
    main                                     0x0800382d   Thumb Code   100  main.o(i.main)
    malloc                                   0x080038a5   Thumb Code    92  malloc.o(i.malloc)
    APBAHBPrescTable                         0x08003918   Data          16  stm32f4xx_hal_rcc.o(.constdata)
    __ctype_table                            0x08003928   Data         129  ctype_o.o(.constdata)
    Region$$Table$$Base                      0x080039b0   Number         0  anon$$obj.o(Region$$Table)
    Region$$Table$$Limit                     0x080039d0   Number         0  anon$$obj.o(Region$$Table)
    SystemCoreClock                          0x20000000   Data           4  system_stm32f4xx.o(.data)
    VirtAddVarTab                            0x20000004   Data           6  main.o(.data)
    VarDataTab                               0x2000000a   Data           6  main.o(.data)
    VarValue                                 0x20000010   Data           2  main.o(.data)
    VarDataTmp                               0x20000012   Data           2  main.o(.data)
    dmxSendState                             0x20000014   Data           1  main.o(.data)
    key                                      0x20000018   Data           4  main.o(.data)
    t                                        0x2000001c   Data           2  main.o(.data)
    t1                                       0x2000001e   Data           2  main.o(.data)
    v_state                                  0x20000020   Data           1  dmx-handle.o(.data)
    element_arr_scanner                      0x20000021   Data           1  dmx-handle.o(.data)
    element_arr_scene                        0x20000022   Data           1  dmx-handle.o(.data)
    set_len                                  0x20000023   Data           1  dmx-handle.o(.data)
    scene_cur                                0x20000024   Data           4  dmx-handle.o(.data)
    arr_cur                                  0x20000028   Data           4  dmx-handle.o(.data)
    len_cur                                  0x2000002c   Data           1  dmx-handle.o(.data)
    scene_current                            0x20000030   Data           4  dmx-handle.o(.data)
    uwTick                                   0x20000038   Data           4  stm32f4xx_hal.o(.data)
    __microlib_freelist                      0x2000003c   Data           4  mvars.o(.data)
    __microlib_freelist_initialised          0x20000040   Data           4  mvars.o(.data)
    htim2                                    0x20000048   Data          60  main.o(.bss)
    htim3                                    0x20000084   Data          60  main.o(.bss)
    huart1                                   0x200000c0   Data          64  main.o(.bss)
    hdma_adc1                                0x20000100   Data          88  main.o(.bss)
    hadc1                                    0x20000158   Data          72  main.o(.bss)
    adcbuf                                   0x200001a0   Data          20  main.o(.bss)
    dmxData                                  0x200001b4   Data          21  dmx-init.o(.bss)
    v_display_buffer                         0x200001c9   Data          34  dmx-handle.o(.bss)
    set                                      0x200001eb   Data        7765  dmx-handle.o(.bss)
    scene_select                             0x20002040   Data        1552  dmx-handle.o(.bss)
    __heap_base                              0x20002650   Data           0  startup_stm32f407xx.o(HEAP)
    __heap_limit                             0x20002850   Data           0  startup_stm32f407xx.o(HEAP)
    __initial_sp                             0x20002c50   Data           0  startup_stm32f407xx.o(STACK)



==============================================================================

Memory Map of the image

  Image Entry point : 0x08000189

  Load Region LR_IROM1 (Base: 0x08000000, Size: 0x00003a18, Max: 0x00100000, ABSOLUTE)

    Execution Region ER_IROM1 (Exec base: 0x08000000, Load base: 0x08000000, Size: 0x000039d0, Max: 0x00100000, ABSOLUTE)

    Exec Addr    Load Addr    Size         Type   Attr      Idx    E Section Name        Object

    0x08000000   0x08000000   0x00000188   Data   RO          821    RESET               startup_stm32f407xx.o
    0x08000188   0x08000188   0x00000000   Code   RO         3671  * .ARM.Collect$$$$00000000  mc_w.l(entry.o)
    0x08000188   0x08000188   0x00000004   Code   RO         3714    .ARM.Collect$$$$00000001  mc_w.l(entry2.o)
    0x0800018c   0x0800018c   0x00000004   Code   RO         3717    .ARM.Collect$$$$00000004  mc_w.l(entry5.o)
    0x08000190   0x08000190   0x00000000   Code   RO         3719    .ARM.Collect$$$$00000008  mc_w.l(entry7b.o)
    0x08000190   0x08000190   0x00000000   Code   RO         3721    .ARM.Collect$$$$0000000A  mc_w.l(entry8b.o)
    0x08000190   0x08000190   0x00000008   Code   RO         3722    .ARM.Collect$$$$0000000B  mc_w.l(entry9a.o)
    0x08000198   0x08000198   0x00000000   Code   RO         3724    .ARM.Collect$$$$0000000D  mc_w.l(entry10a.o)
    0x08000198   0x08000198   0x00000000   Code   RO         3726    .ARM.Collect$$$$0000000F  mc_w.l(entry11a.o)
    0x08000198   0x08000198   0x00000004   Code   RO         3715    .ARM.Collect$$$$00002712  mc_w.l(entry2.o)
    0x0800019c   0x0800019c   0x00000024   Code   RO          822    .text               startup_stm32f407xx.o
    0x080001c0   0x080001c0   0x00000024   Code   RO         3674    .text               mc_w.l(memseta.o)
    0x080001e4   0x080001e4   0x0000000e   Code   RO         3678    .text               mc_w.l(strlen.o)
    0x080001f2   0x080001f2   0x0000001c   Code   RO         3710    .text               mc_w.l(calloc.o)
    0x0800020e   0x0800020e   0x0000001a   Code   RO         3712    .text               mc_w.l(atoi.o)
    0x08000228   0x08000228   0x00000070   Code   RO         3741    .text               mc_w.l(strtol.o)
    0x08000298   0x08000298   0x00000024   Code   RO         3743    .text               mc_w.l(init.o)
    0x080002bc   0x080002bc   0x00000008   Code   RO         3745    .text               mc_w.l(ctype_o.o)
    0x080002c4   0x080002c4   0x0000009e   Code   RO         3773    .text               mc_w.l(_strtoul.o)
    0x08000362   0x08000362   0x0000001c   Code   RO         3775    .text               mc_w.l(_chval.o)
    0x0800037e   0x0800037e   0x0000006e   Code   RO         2972    i.ADC_DMAConvCplt   stm32f4xx_hal_adc.o
    0x080003ec   0x080003ec   0x0000001a   Code   RO         2973    i.ADC_DMAError      stm32f4xx_hal_adc.o
    0x08000406   0x08000406   0x0000000e   Code   RO         2974    i.ADC_DMAHalfConvCplt  stm32f4xx_hal_adc.o
    0x08000414   0x08000414   0x00000010   Code   RO          210    i.ADC_IRQHandler    stm32f4xx_it.o
    0x08000424   0x08000424   0x00000178   Code   RO         2975    i.ADC_Init          stm32f4xx_hal_adc.o
    0x0800059c   0x0800059c   0x00000010   Code   RO          211    i.DMA2_Stream0_IRQHandler  stm32f4xx_it.o
    0x080005ac   0x080005ac   0x00000034   Code   RO         1355    i.DMA_CalcBaseAndBitshift  stm32f4xx_hal_dma.o
    0x080005e0   0x080005e0   0x0000002c   Code   RO         1356    i.DMA_SetConfig     stm32f4xx_hal_dma.o
    0x0800060c   0x0800060c   0x0000000c   Code   RO          320    i.DMX_DisableUsart  dmx-init.o
    0x08000618   0x08000618   0x00000012   Code   RO          321    i.DMX_EnableUsart   dmx-init.o
    0x0800062a   0x0800062a   0x00000002   PAD
    0x0800062c   0x0800062c   0x00000020   Code   RO          322    i.DMX_GPIO_DeInit   dmx-init.o
    0x0800064c   0x0800064c   0x00000020   Code   RO          323    i.DMX_GPIO_Init     dmx-init.o
    0x0800066c   0x0800066c   0x00000002   Code   RO         3146    i.HAL_ADCEx_InjectedConvCpltCallback  stm32f4xx_hal_adc_ex.o
    0x0800066e   0x0800066e   0x00000002   PAD
    0x08000670   0x08000670   0x00000194   Code   RO         2977    i.HAL_ADC_ConfigChannel  stm32f4xx_hal_adc.o
    0x08000804   0x08000804   0x00000002   Code   RO         2978    i.HAL_ADC_ConvCpltCallback  stm32f4xx_hal_adc.o
    0x08000806   0x08000806   0x00000002   PAD
    0x08000808   0x08000808   0x00000024   Code   RO          628    i.HAL_ADC_ConvHalfCpltCallback  dmx-it.o
    0x0800082c   0x0800082c   0x00000002   Code   RO         2981    i.HAL_ADC_ErrorCallback  stm32f4xx_hal_adc.o
    0x0800082e   0x0800082e   0x00000174   Code   RO         2985    i.HAL_ADC_IRQHandler  stm32f4xx_hal_adc.o
    0x080009a2   0x080009a2   0x00000002   PAD
    0x080009a4   0x080009a4   0x00000068   Code   RO         2986    i.HAL_ADC_Init      stm32f4xx_hal_adc.o
    0x08000a0c   0x08000a0c   0x00000002   Code   RO         2987    i.HAL_ADC_LevelOutOfWindowCallback  stm32f4xx_hal_adc.o
    0x08000a0e   0x08000a0e   0x00000002   PAD
    0x08000a10   0x08000a10   0x000000a4   Code   RO          146    i.HAL_ADC_MspInit   stm32f4xx_hal_msp.o
    0x08000ab4   0x08000ab4   0x00000148   Code   RO         2993    i.HAL_ADC_Start_DMA  stm32f4xx_hal_adc.o
    0x08000bfc   0x08000bfc   0x0000010c   Code   RO         2994    i.HAL_ADC_Start_IT  stm32f4xx_hal_adc.o
    0x08000d08   0x08000d08   0x00000058   Code   RO         2997    i.HAL_ADC_Stop_IT   stm32f4xx_hal_adc.o
    0x08000d60   0x08000d60   0x00000218   Code   RO         1361    i.HAL_DMA_IRQHandler  stm32f4xx_hal_dma.o
    0x08000f78   0x08000f78   0x00000084   Code   RO         1362    i.HAL_DMA_Init      stm32f4xx_hal_dma.o
    0x08000ffc   0x08000ffc   0x0000006a   Code   RO         1365    i.HAL_DMA_Start_IT  stm32f4xx_hal_dma.o
    0x08001066   0x08001066   0x0000001a   Code   RO         2590    i.HAL_Delay         stm32f4xx_hal.o
    0x08001080   0x08001080   0x00000174   Code   RO         2517    i.HAL_GPIO_DeInit   stm32f4xx_hal_gpio.o
    0x080011f4   0x080011f4   0x0000020c   Code   RO         2520    i.HAL_GPIO_Init     stm32f4xx_hal_gpio.o
    0x08001400   0x08001400   0x00000010   Code   RO         2522    i.HAL_GPIO_ReadPin  stm32f4xx_hal_gpio.o
    0x08001410   0x08001410   0x00000008   Code   RO         2523    i.HAL_GPIO_TogglePin  stm32f4xx_hal_gpio.o
    0x08001418   0x08001418   0x0000000c   Code   RO         2524    i.HAL_GPIO_WritePin  stm32f4xx_hal_gpio.o
    0x08001424   0x08001424   0x0000000c   Code   RO         2595    i.HAL_GetREVID      stm32f4xx_hal.o
    0x08001430   0x08001430   0x0000000c   Code   RO         2596    i.HAL_GetTick       stm32f4xx_hal.o
    0x0800143c   0x0800143c   0x00000010   Code   RO         2597    i.HAL_IncTick       stm32f4xx_hal.o
    0x0800144c   0x0800144c   0x0000003c   Code   RO         2598    i.HAL_Init          stm32f4xx_hal.o
    0x08001488   0x08001488   0x00000024   Code   RO         2599    i.HAL_InitTick      stm32f4xx_hal.o
    0x080014ac   0x080014ac   0x00000042   Code   RO          147    i.HAL_MspInit       stm32f4xx_hal_msp.o
    0x080014ee   0x080014ee   0x00000002   PAD
    0x080014f0   0x080014f0   0x0000001c   Code   RO         1111    i.HAL_NVIC_DisableIRQ  stm32f4xx_hal_cortex.o
    0x0800150c   0x0800150c   0x0000001a   Code   RO         1112    i.HAL_NVIC_EnableIRQ  stm32f4xx_hal_cortex.o
    0x08001526   0x08001526   0x0000007c   Code   RO         1118    i.HAL_NVIC_SetPriority  stm32f4xx_hal_cortex.o
    0x080015a2   0x080015a2   0x00000002   PAD
    0x080015a4   0x080015a4   0x00000028   Code   RO         1119    i.HAL_NVIC_SetPriorityGrouping  stm32f4xx_hal_cortex.o
    0x080015cc   0x080015cc   0x000001a4   Code   RO         1439    i.HAL_RCC_ClockConfig  stm32f4xx_hal_rcc.o
    0x08001770   0x08001770   0x00000038   Code   RO         1444    i.HAL_RCC_GetHCLKFreq  stm32f4xx_hal_rcc.o
    0x080017a8   0x080017a8   0x0000002c   Code   RO         1446    i.HAL_RCC_GetPCLK1Freq  stm32f4xx_hal_rcc.o
    0x080017d4   0x080017d4   0x0000002c   Code   RO         1447    i.HAL_RCC_GetPCLK2Freq  stm32f4xx_hal_rcc.o
    0x08001800   0x08001800   0x000000b4   Code   RO         1448    i.HAL_RCC_GetSysClockFreq  stm32f4xx_hal_rcc.o
    0x080018b4   0x080018b4   0x0000039c   Code   RO         1451    i.HAL_RCC_OscConfig  stm32f4xx_hal_rcc.o
    0x08001c50   0x08001c50   0x00000028   Code   RO         1121    i.HAL_SYSTICK_CLKSourceConfig  stm32f4xx_hal_cortex.o
    0x08001c78   0x08001c78   0x00000002   Code   RO         1122    i.HAL_SYSTICK_Callback  stm32f4xx_hal_cortex.o
    0x08001c7a   0x08001c7a   0x00000034   Code   RO         1123    i.HAL_SYSTICK_Config  stm32f4xx_hal_cortex.o
    0x08001cae   0x08001cae   0x00000008   Code   RO         1124    i.HAL_SYSTICK_IRQHandler  stm32f4xx_hal_cortex.o
    0x08001cb6   0x08001cb6   0x00000002   Code   RO          829    i.HAL_TIMEx_BreakCallback  stm32f4xx_hal_tim_ex.o
    0x08001cb8   0x08001cb8   0x00000002   Code   RO          830    i.HAL_TIMEx_CommutationCallback  stm32f4xx_hal_tim_ex.o
    0x08001cba   0x08001cba   0x00000062   Code   RO          846    i.HAL_TIMEx_MasterConfigSynchronization  stm32f4xx_hal_tim_ex.o
    0x08001d1c   0x08001d1c   0x00000034   Code   RO         1758    i.HAL_TIM_Base_Init  stm32f4xx_hal_tim.o
    0x08001d50   0x08001d50   0x00000030   Code   RO          149    i.HAL_TIM_Base_MspInit  stm32f4xx_hal_msp.o
    0x08001d80   0x08001d80   0x0000001e   Code   RO         1763    i.HAL_TIM_Base_Start_IT  stm32f4xx_hal_tim.o
    0x08001d9e   0x08001d9e   0x00000038   Code   RO         1766    i.HAL_TIM_Base_Stop_IT  stm32f4xx_hal_tim.o
    0x08001dd6   0x08001dd6   0x00000132   Code   RO         1767    i.HAL_TIM_ConfigClockSource  stm32f4xx_hal_tim.o
    0x08001f08   0x08001f08   0x00000002   Code   RO         1787    i.HAL_TIM_IC_CaptureCallback  stm32f4xx_hal_tim.o
    0x08001f0a   0x08001f0a   0x00000196   Code   RO         1800    i.HAL_TIM_IRQHandler  stm32f4xx_hal_tim.o
    0x080020a0   0x080020a0   0x00000002   Code   RO         1803    i.HAL_TIM_OC_DelayElapsedCallback  stm32f4xx_hal_tim.o
    0x080020a2   0x080020a2   0x00000002   Code   RO         1830    i.HAL_TIM_PWM_PulseFinishedCallback  stm32f4xx_hal_tim.o
    0x080020a4   0x080020a4   0x000000f0   Code   RO          629    i.HAL_TIM_PeriodElapsedCallback  dmx-it.o
    0x08002194   0x08002194   0x00000002   Code   RO         1841    i.HAL_TIM_TriggerCallback  stm32f4xx_hal_tim.o
    0x08002196   0x08002196   0x00000002   Code   RO         2742    i.HAL_UART_ErrorCallback  stm32f4xx_hal_uart.o
    0x08002198   0x08002198   0x00000134   Code   RO         2745    i.HAL_UART_IRQHandler  stm32f4xx_hal_uart.o
    0x080022cc   0x080022cc   0x00000072   Code   RO         2746    i.HAL_UART_Init     stm32f4xx_hal_uart.o
    0x0800233e   0x0800233e   0x00000002   PAD
    0x08002340   0x08002340   0x00000040   Code   RO          150    i.HAL_UART_MspDeInit  stm32f4xx_hal_msp.o
    0x08002380   0x08002380   0x0000007c   Code   RO          151    i.HAL_UART_MspInit  stm32f4xx_hal_msp.o
    0x080023fc   0x080023fc   0x00000002   Code   RO         2752    i.HAL_UART_RxCpltCallback  stm32f4xx_hal_uart.o
    0x080023fe   0x080023fe   0x00000058   Code   RO         2756    i.HAL_UART_Transmit_IT  stm32f4xx_hal_uart.o
    0x08002456   0x08002456   0x00000002   PAD
    0x08002458   0x08002458   0x0000005c   Code   RO          630    i.HAL_UART_TxCpltCallback  dmx-it.o
    0x080024b4   0x080024b4   0x0000007c   Code   RO          426    i.KeyPad_check_but  keypad.o
    0x08002530   0x08002530   0x0000004c   Code   RO          427    i.KeyPad_check_col  keypad.o
    0x0800257c   0x0800257c   0x0000006c   Code   RO          428    i.KeyPad_getKey     keypad.o
    0x080025e8   0x080025e8   0x0000003c   Code   RO          429    i.KeyPad_get_key    keypad.o
    0x08002624   0x08002624   0x00000060   Code   RO          430    i.KeyPad_getascii   keypad.o
    0x08002684   0x08002684   0x000000bc   Code   RO          431    i.KeyPad_init       keypad.o
    0x08002740   0x08002740   0x00000070   Code   RO          432    i.KeyPad_scan_row   keypad.o
    0x080027b0   0x080027b0   0x00000130   Code   RO          324    i.MX_ADC1_Init      dmx-init.o
    0x080028e0   0x080028e0   0x00000084   Code   RO          325    i.MX_DMA_Init       dmx-init.o
    0x08002964   0x08002964   0x000000c0   Code   RO          326    i.MX_GPIO_Init      dmx-init.o
    0x08002a24   0x08002a24   0x00000044   Code   RO          327    i.MX_NVIC_Init      dmx-init.o
    0x08002a68   0x08002a68   0x00000048   Code   RO          328    i.MX_TIM2_Init      dmx-init.o
    0x08002ab0   0x08002ab0   0x00000074   Code   RO          329    i.MX_TIM3_Init      dmx-init.o
    0x08002b24   0x08002b24   0x00000038   Code   RO          330    i.MX_USART1_UART_Init  dmx-init.o
    0x08002b5c   0x08002b5c   0x00000010   Code   RO         1125    i.NVIC_GetPriorityGrouping  stm32f4xx_hal_cortex.o
    0x08002b6c   0x08002b6c   0x00000028   Code   RO         1126    i.NVIC_SetPriority  stm32f4xx_hal_cortex.o
    0x08002b94   0x08002b94   0x0000000c   Code   RO          212    i.SysTick_Handler   stm32f4xx_it.o
    0x08002ba0   0x08002ba0   0x000000d0   Code   RO          331    i.SystemClock_Config  dmx-init.o
    0x08002c70   0x08002c70   0x00000064   Code   RO            5    i.SystemInit        system_stm32f4xx.o
    0x08002cd4   0x08002cd4   0x00000010   Code   RO          213    i.TIM2_IRQHandler   stm32f4xx_it.o
    0x08002ce4   0x08002ce4   0x00000010   Code   RO          214    i.TIM3_IRQHandler   stm32f4xx_it.o
    0x08002cf4   0x08002cf4   0x000000e4   Code   RO         1842    i.TIM_Base_SetConfig  stm32f4xx_hal_tim.o
    0x08002dd8   0x08002dd8   0x00000018   Code   RO         1849    i.TIM_ETR_SetConfig  stm32f4xx_hal_tim.o
    0x08002df0   0x08002df0   0x00000014   Code   RO         1850    i.TIM_ITRx_SetConfig  stm32f4xx_hal_tim.o
    0x08002e04   0x08002e04   0x0000002a   Code   RO         1856    i.TIM_TI1_ConfigInputStage  stm32f4xx_hal_tim.o
    0x08002e2e   0x08002e2e   0x0000002c   Code   RO         1858    i.TIM_TI2_ConfigInputStage  stm32f4xx_hal_tim.o
    0x08002e5a   0x08002e5a   0x00000020   Code   RO         2764    i.UART_EndTransmit_IT  stm32f4xx_hal_uart.o
    0x08002e7a   0x08002e7a   0x000000a6   Code   RO         2765    i.UART_Receive_IT   stm32f4xx_hal_uart.o
    0x08002f20   0x08002f20   0x00000368   Code   RO         2766    i.UART_SetConfig    stm32f4xx_hal_uart.o
    0x08003288   0x08003288   0x00000068   Code   RO         2767    i.UART_Transmit_IT  stm32f4xx_hal_uart.o
    0x080032f0   0x080032f0   0x00000010   Code   RO          215    i.USART1_IRQHandler  stm32f4xx_it.o
    0x08003300   0x08003300   0x00000008   Code   RO         3734    i.__aeabi_errno_addr  mc_w.l(errno.o)
    0x08003308   0x08003308   0x0000000e   Code   RO         3779    i.__scatterload_copy  mc_w.l(handlers.o)
    0x08003316   0x08003316   0x00000002   Code   RO         3780    i.__scatterload_null  mc_w.l(handlers.o)
    0x08003318   0x08003318   0x0000000e   Code   RO         3781    i.__scatterload_zeroinit  mc_w.l(handlers.o)
    0x08003326   0x08003326   0x00000032   Code   RO          433    i.checknum          keypad.o
    0x08003358   0x08003358   0x00000098   Code   RO          513    i.dmx_add_group     dmx-handle.o
    0x080033f0   0x080033f0   0x00000070   Code   RO          514    i.dmx_add_scanner   dmx-handle.o
    0x08003460   0x08003460   0x0000004c   Code   RO          515    i.dmx_add_scene     dmx-handle.o
    0x080034ac   0x080034ac   0x00000038   Code   RO          516    i.dmx_add_set       dmx-handle.o
    0x080034e4   0x080034e4   0x00000044   Code   RO          517    i.dmx_auto_play     dmx-handle.o
    0x08003528   0x08003528   0x000000b8   Code   RO          518    i.dmx_getstring     dmx-handle.o
    0x080035e0   0x080035e0   0x00000050   Code   RO          519    i.dmx_main          dmx-handle.o
    0x08003630   0x08003630   0x00000030   Code   RO          520    i.dmx_out_scanner   dmx-handle.o
    0x08003660   0x08003660   0x00000054   Code   RO          521    i.dmx_out_scene     dmx-handle.o
    0x080036b4   0x080036b4   0x00000030   Code   RO          522    i.dmx_out_set       dmx-handle.o
    0x080036e4   0x080036e4   0x00000090   Code   RO          523    i.dmx_scan_color    dmx-handle.o
    0x08003774   0x08003774   0x00000068   Code   RO          524    i.dmx_select_set    dmx-handle.o
    0x080037dc   0x080037dc   0x00000050   Code   RO         3682    i.free              mc_w.l(malloc.o)
    0x0800382c   0x0800382c   0x00000078   Code   RO          269    i.main              main.o
    0x080038a4   0x080038a4   0x0000006c   Code   RO         3683    i.malloc            mc_w.l(malloc.o)
    0x08003910   0x08003910   0x00000008   Data   RO         1366    .constdata          stm32f4xx_hal_dma.o
    0x08003918   0x08003918   0x00000010   Data   RO         1452    .constdata          stm32f4xx_hal_rcc.o
    0x08003928   0x08003928   0x00000081   Data   RO         3746    .constdata          mc_w.l(ctype_o.o)
    0x080039a9   0x080039a9   0x00000003   PAD
    0x080039ac   0x080039ac   0x00000004   Data   RO         3747    .constdata          mc_w.l(ctype_o.o)
    0x080039b0   0x080039b0   0x00000020   Data   RO         3777    Region$$Table       anon$$obj.o


    Execution Region RW_IRAM1 (Exec base: 0x20000000, Load base: 0x080039d0, Size: 0x00002c50, Max: 0x00020000, ABSOLUTE)

    Exec Addr    Load Addr    Size         Type   Attr      Idx    E Section Name        Object

    0x20000000   0x080039d0   0x00000004   Data   RW            7    .data               system_stm32f4xx.o
    0x20000004   0x080039d4   0x0000001c   Data   RW          271    .data               main.o
    0x20000020   0x080039f0   0x00000016   Data   RW          527    .data               dmx-handle.o
    0x20000036   0x08003a06   0x00000002   PAD
    0x20000038   0x08003a08   0x00000004   Data   RW         2604    .data               stm32f4xx_hal.o
    0x2000003c   0x08003a0c   0x00000004   Data   RW         3732    .data               mc_w.l(mvars.o)
    0x20000040   0x08003a10   0x00000004   Data   RW         3733    .data               mc_w.l(mvars.o)
    0x20000044   0x08003a14   0x00000004   Data   RW         3737    .data               mc_w.l(errno.o)
    0x20000048        -       0x0000016c   Zero   RW          270    .bss                main.o
    0x200001b4        -       0x00000015   Zero   RW          334    .bss                dmx-init.o
    0x200001c9        -       0x00002487   Zero   RW          526    .bss                dmx-handle.o
    0x20002650        -       0x00000200   Zero   RW          820    HEAP                startup_stm32f407xx.o
    0x20002850        -       0x00000400   Zero   RW          819    STACK               startup_stm32f407xx.o


==============================================================================

Image component sizes


      Code (inc. data)   RO Data    RW Data    ZI Data      Debug   Object Name

      1156        116          0         22       9351       9687   dmx-handle.o
      1242        102          0          0         21       8574   dmx-init.o
       368         64          0          0          0       2536   dmx-it.o
       814         48          0          0          0       5328   keypad.o
       120         20          0         28        364       1738   main.o
        36          8        392          0       1536        832   startup_stm32f407xx.o
       162         20          0          4          0       4950   stm32f4xx_hal.o
      2096         88          0          0          0       9935   stm32f4xx_hal_adc.o
         2          0          0          0          0       1057   stm32f4xx_hal_adc_ex.o
       376         28          0          0          0      33583   stm32f4xx_hal_cortex.o
       870         16          8          0          0       4579   stm32f4xx_hal_dma.o
       932         94          0          0          0       4754   stm32f4xx_hal_gpio.o
       466         60          0          0          0       3611   stm32f4xx_hal_msp.o
      1668         68         16          0          0       5923   stm32f4xx_hal_rcc.o
      1216         44          0          0          0      10490   stm32f4xx_hal_tim.o
       102          0          0          0          0       2442   stm32f4xx_hal_tim_ex.o
      1688          8          0          0          0       7048   stm32f4xx_hal_uart.o
        92         30          0          0          0       3077   stm32f4xx_it.o
       100         18          0          4          0     393809   system_stm32f4xx.o

    ----------------------------------------------------------------------
     13524        832        448         60      11272     513953   Object Totals
         0          0         32          0          0          0   (incl. Generated)
        18          0          0          2          0          0   (incl. Padding)

    ----------------------------------------------------------------------

      Code (inc. data)   RO Data    RW Data    ZI Data      Debug   Library Member Name

        28          0          0          0          0         68   _chval.o
       158          0          0          0          0         92   _strtoul.o
        26          0          0          0          0         80   atoi.o
        28          0          0          0          0         76   calloc.o
         8          4        133          0          0         68   ctype_o.o
         0          0          0          0          0          0   entry.o
         0          0          0          0          0          0   entry10a.o
         0          0          0          0          0          0   entry11a.o
         8          4          0          0          0          0   entry2.o
         4          0          0          0          0          0   entry5.o
         0          0          0          0          0          0   entry7b.o
         0          0          0          0          0          0   entry8b.o
         8          4          0          0          0          0   entry9a.o
         8          4          0          4          0         68   errno.o
        30          0          0          0          0          0   handlers.o
        36          8          0          0          0         68   init.o
       188         20          0          0          0        160   malloc.o
        36          0          0          0          0        108   memseta.o
         0          0          0          8          0          0   mvars.o
        14          0          0          0          0         68   strlen.o
       112          0          0          0          0         88   strtol.o

    ----------------------------------------------------------------------
       692         44        136         12          0        944   Library Totals
         0          0          3          0          0          0   (incl. Padding)

    ----------------------------------------------------------------------

      Code (inc. data)   RO Data    RW Data    ZI Data      Debug   Library Name

       692         44        133         12          0        944   mc_w.l

    ----------------------------------------------------------------------
       692         44        136         12          0        944   Library Totals

    ----------------------------------------------------------------------

==============================================================================


      Code (inc. data)   RO Data    RW Data    ZI Data      Debug   

     14216        876        584         72      11272     503237   Grand Totals
     14216        876        584         72      11272     503237   ELF Image Totals
     14216        876        584         72          0          0   ROM Totals

==============================================================================

    Total RO  Size (Code + RO Data)                14800 (  14.45kB)
    Total RW  Size (RW Data + ZI Data)             11344 (  11.08kB)
    Total ROM Size (Code + RO Data + RW Data)      14872 (  14.52kB)

==============================================================================

