###############################################################################
#
# IAR ELF Linker V3.10.1.201 for STM8                     12/Nov/2018  19:29:39
# Copyright 2010-2017 IAR Systems AB.
#
#    Output file  =  
#        C:\Users\nhocc\Desktop\anything\khoa-luan-tot-nghiep\DMX_RECEIVE\stm8\Debug\Exe\stm8.out
#    Map file     =  
#        C:\Users\nhocc\Desktop\anything\khoa-luan-tot-nghiep\DMX_RECEIVE\stm8\Debug\List\stm8.map
#    Command line =  
#        -f C:\Users\nhocc\AppData\Local\Temp\EW3F29.tmp
#        (C:\Users\nhocc\Desktop\anything\khoa-luan-tot-nghiep\DMX_RECEIVE\stm8\Debug\Obj\dmx512.o
#        C:\Users\nhocc\Desktop\anything\khoa-luan-tot-nghiep\DMX_RECEIVE\stm8\Debug\Obj\main.o
#        C:\Users\nhocc\Desktop\anything\khoa-luan-tot-nghiep\DMX_RECEIVE\stm8\Debug\Obj\stm8s_adc1.o
#        C:\Users\nhocc\Desktop\anything\khoa-luan-tot-nghiep\DMX_RECEIVE\stm8\Debug\Obj\stm8s_awu.o
#        C:\Users\nhocc\Desktop\anything\khoa-luan-tot-nghiep\DMX_RECEIVE\stm8\Debug\Obj\stm8s_beep.o
#        C:\Users\nhocc\Desktop\anything\khoa-luan-tot-nghiep\DMX_RECEIVE\stm8\Debug\Obj\stm8s_clk.o
#        C:\Users\nhocc\Desktop\anything\khoa-luan-tot-nghiep\DMX_RECEIVE\stm8\Debug\Obj\stm8s_exti.o
#        C:\Users\nhocc\Desktop\anything\khoa-luan-tot-nghiep\DMX_RECEIVE\stm8\Debug\Obj\stm8s_flash.o
#        C:\Users\nhocc\Desktop\anything\khoa-luan-tot-nghiep\DMX_RECEIVE\stm8\Debug\Obj\stm8s_gpio.o
#        C:\Users\nhocc\Desktop\anything\khoa-luan-tot-nghiep\DMX_RECEIVE\stm8\Debug\Obj\stm8s_i2c.o
#        C:\Users\nhocc\Desktop\anything\khoa-luan-tot-nghiep\DMX_RECEIVE\stm8\Debug\Obj\stm8s_it.o
#        C:\Users\nhocc\Desktop\anything\khoa-luan-tot-nghiep\DMX_RECEIVE\stm8\Debug\Obj\stm8s_itc.o
#        C:\Users\nhocc\Desktop\anything\khoa-luan-tot-nghiep\DMX_RECEIVE\stm8\Debug\Obj\stm8s_iwdg.o
#        C:\Users\nhocc\Desktop\anything\khoa-luan-tot-nghiep\DMX_RECEIVE\stm8\Debug\Obj\stm8s_rst.o
#        C:\Users\nhocc\Desktop\anything\khoa-luan-tot-nghiep\DMX_RECEIVE\stm8\Debug\Obj\stm8s_spi.o
#        C:\Users\nhocc\Desktop\anything\khoa-luan-tot-nghiep\DMX_RECEIVE\stm8\Debug\Obj\stm8s_tim1.o
#        C:\Users\nhocc\Desktop\anything\khoa-luan-tot-nghiep\DMX_RECEIVE\stm8\Debug\Obj\stm8s_tim2.o
#        C:\Users\nhocc\Desktop\anything\khoa-luan-tot-nghiep\DMX_RECEIVE\stm8\Debug\Obj\stm8s_tim4.o
#        C:\Users\nhocc\Desktop\anything\khoa-luan-tot-nghiep\DMX_RECEIVE\stm8\Debug\Obj\stm8s_uart1.o
#        C:\Users\nhocc\Desktop\anything\khoa-luan-tot-nghiep\DMX_RECEIVE\stm8\Debug\Obj\stm8s_wwdg.o
#        --redirect _Printf=_PrintfFullNoMb --redirect _Scanf=_ScanfFullNoMb -o
#        C:\Users\nhocc\Desktop\anything\khoa-luan-tot-nghiep\DMX_RECEIVE\stm8\Debug\Exe\stm8.out
#        --map
#        C:\Users\nhocc\Desktop\anything\khoa-luan-tot-nghiep\DMX_RECEIVE\stm8\Debug\List\stm8.map
#        --config "C:\Program Files (x86)\IAR Systems\Embedded Workbench
#        8.0_2\stm8\config\lnkstm8s103f3.icf" --config_def _CSTACK_SIZE=0x100
#        --config_def _HEAP_SIZE=0x100 --entry __iar_program_start --debug_lib)
#
###############################################################################

*******************************************************************************
*** RUNTIME MODEL ATTRIBUTES
***

__SystemLibrary            = DLib
__code_model               = small
__core                     = stm8
__data_model               = medium
__dlib_file_descriptor     = 0
__dlib_full_locale_support = 0
__rt_version               = 4


*******************************************************************************
*** PLACEMENT SUMMARY
***

"A0":  place at start of [0x000000-0x0000ff] { rw section .vregs };
"A1":  place at end of [0x000000-0x0003ff] { block CSTACK };
"P2":  place in [from 0x000000 to 0x0003ff] {
          block HEAP, rw section __DLIB_PERTHREAD, rw section .far.bss,
          rw section .far.data, rw section .far.noinit,
          rw section .far_func.textrw, rw section .huge.bss,
          rw section .huge.data, rw section .huge.noinit,
          rw section .huge_func.textrw, rw section .iar.dynexit,
          rw section .near.bss, rw section .near.data, rw section .near.noinit,
          rw section .near_func.textrw };
"A2":  place at start of [0x008000-0x009fff] { block INTVEC };
"P3":  place in [from 0x008000 to 0x009fff] {
          ro section __DLIB_PERTHREAD_init, ro section .far.data_init,
          ro section .far_func.textrw_init, ro section .huge.data_init,
          ro section .huge_func.textrw_init, ro section .iar.init_table,
          ro section .init_array, ro section .near.data_init,
          ro section .near.rodata, ro section .near_func.text,
          ro section .near_func.textrw_init, ro section .tiny.data_init,
          ro section .tiny.rodata_init };
"P4":  place in [from 0x008000 to 0x009fff] {
          ro section .far.rodata, ro section .far_func.text };
"P5":  place in [from 0x008000 to 0x009fff] {
          ro section .huge.rodata, ro section .huge_func.text };
do not initialize {
   rw section .eeprom.noinit, rw section .far.noinit, rw section .huge.noinit,
   rw section .near.noinit, rw section .tiny.noinit, rw section .vregs };
initialize by copy {
   rw section .far.bss, rw section .far.data, rw section .far_func.textrw,
   rw section .huge.bss, rw section .huge.data, rw section .huge_func.textrw,
   rw section .iar.dynexit, rw section .near.bss, rw section .near.data,
   rw section .near_func.textrw, rw section .tiny.bss, rw section .tiny.data,
   ro section .tiny.rodata };

  Section            Kind      Address    Size  Object
  -------            ----      -------    ----  ------
"A0":                                     0x10
  .vregs             uninit   0x000000    0x10  vregs.o [4]
                            - 0x000010    0x10

"P2":                                     0x28
  P2-1                        0x000010    0x28  <Init block>
    .near.data       inited   0x000010     0x2  dmx512.o [1]
    .near.data       inited   0x000012     0x1  dmx512.o [1]
    .near.data       inited   0x000013     0x1  dmx512.o [1]
    .near.data       inited   0x000014     0x1  dmx512.o [1]
    .near.data       inited   0x000015     0x2  main.o [1]
    .near.bss        inited   0x000017     0x2  dmx512.o [1]
    .near.bss        inited   0x000019     0x2  dmx512.o [1]
    .near.bss        inited   0x00001b     0x2  dmx512.o [1]
    .near.bss        inited   0x00001d     0x2  dmx512.o [1]
    .near.bss        inited   0x00001f     0x1  dmx512.o [1]
    .near.bss        inited   0x000020     0x4  dmx512.o [1]
    .near.bss        inited   0x000024     0x1  dmx512.o [1]
    .near.bss        inited   0x000025     0x2  dmx512.o [1]
    .near.bss        inited   0x000027     0x1  dmx512.o [1]
    .near.bss        inited   0x000028     0x1  dmx512.o [1]
    .near.bss        inited   0x000029     0x1  dmx512.o [1]
    .near.bss        inited   0x00002a     0x5  main.o [1]
    .near.bss        inited   0x00002f     0x1  main.o [1]
    .near.bss        inited   0x000030     0x4  main.o [1]
    .near.bss        inited   0x000034     0x2  main.o [1]
    .near.bss        inited   0x000036     0x2  stm8s_it.o [1]
                            - 0x000038    0x28

"A1":                                    0x100
  CSTACK                      0x000300   0x100  <Block>
    CSTACK           uninit   0x000300   0x100  <Block tail>
                            - 0x000400   0x100

"A2":                                     0x80
  INTVEC                      0x008000    0x80  <Block>
    .intvec          const    0x008000    0x80  interrupt.o [4]
                            - 0x008080    0x80

"P3-P5":                                0x1ce6
  .near_func.text    ro code  0x008080   0x226  stm8s_uart1.o [1]
  .near_func.text    ro code  0x0082a6   0x136  long.o [4]
  .near_func.text    ro code  0x0083dc   0x10e  stm8s_gpio.o [1]
  .near_func.text    ro code  0x0084ea    0xeb  vreg_util.o [4]
  .near_func.text    ro code  0x0085d5    0xe8  dmx512.o [1]
  .near_func.text    ro code  0x0086bd    0xe0  dmx512.o [1]
  .near_func.text    ro code  0x00879d    0xe0  main.o [1]
  .near_func.text    ro code  0x00887d    0xdb  stm8s_clk.o [1]
  .near_func.text    ro code  0x008958    0xce  dmx512.o [1]
  .near_func.text    ro code  0x008a26    0xce  stm8s_exti.o [1]
  .near_func.text    ro code  0x008af4    0xcc  stm8s_uart1.o [1]
  .near_func.text    ro code  0x008bc0    0xac  stm8s_tim2.o [1]
  .near_func.text    ro code  0x008c6c    0xac  stm8s_tim2.o [1]
  .near_func.text    ro code  0x008d18    0xac  stm8s_tim2.o [1]
  .near_func.text    ro code  0x008dc4    0xab  stm8s_uart1.o [1]
  .near_func.text    ro code  0x008e6f    0x99  dmx512.o [1]
  .near_func.text    ro code  0x008f08    0x99  stm8s_tim1.o [1]
  .near_func.text    ro code  0x008fa1    0x8b  stm8s_clk.o [1]
  .near_func.text    ro code  0x00902c    0x7b  stm8s_clk.o [1]
  .near.rodata       const    0x0090a7    0x6a  stm8s_uart1.o [1]
  .near.rodata       const    0x009111    0x69  stm8s_exti.o [1]
  .near.rodata       const    0x00917a    0x69  stm8s_gpio.o [1]
  .near.rodata       const    0x0091e3    0x69  stm8s_tim1.o [1]
  .near.rodata       const    0x00924c    0x69  stm8s_tim2.o [1]
  .near.rodata       const    0x0092b5    0x69  stm8s_tim4.o [1]
  .near.rodata       const    0x00931e    0x68  stm8s_clk.o [1]
  .near_func.text    ro code  0x009386    0x65  dmx512.o [1]
  .near_func.text    ro code  0x0093eb    0x61  dmx512.o [1]
  .near_func.text    ro code  0x00944c    0x60  stm8s_tim1.o [1]
  .near_func.text    ro code  0x0094ac    0x5d  dmx512.o [1]
  .near_func.text    ro code  0x009509    0x59  stm8s_tim2.o [1]
  .near_func.text    ro code  0x009562    0x51  stm8s_tim4.o [1]
  .near_func.text    ro code  0x0095b3    0x4e  stm8s_tim4.o [1]
  .near_func.text    ro code  0x009601    0x4c  stm8s_tim1.o [1]
  .near_func.text    ro code  0x00964d    0x47  long_util.o [4]
  .near_func.text    ro code  0x009694    0x39  dmx512.o [1]
  .near_func.text    ro code  0x0096cd    0x36  stm8s_clk.o [1]
  .near_func.text    ro code  0x009703    0x35  dmx512.o [1]
  .near_func.text    ro code  0x009738    0x35  stm8s_tim1.o [1]
  .near_func.text    ro code  0x00976d    0x35  stm8s_uart1.o [1]
  .near_func.text    ro code  0x0097a2    0x32  dmx512.o [1]
  .near_func.text    ro code  0x0097d4    0x32  short.o [4]
  .near_func.text    ro code  0x009806    0x31  dmx512.o [1]
  .near_func.text    ro code  0x009837    0x2f  stm8s_clk.o [1]
  .near_func.text    ro code  0x009866    0x2f  stm8s_clk.o [1]
  .near_func.text    ro code  0x009895    0x2f  stm8s_clk.o [1]
  .near_func.text    ro code  0x0098c4    0x2f  stm8s_tim1.o [1]
  .near_func.text    ro code  0x0098f3    0x2f  stm8s_tim1.o [1]
  .near_func.text    ro code  0x009922    0x2f  stm8s_tim2.o [1]
  .near_func.text    ro code  0x009951    0x2f  stm8s_tim2.o [1]
  .near_func.text    ro code  0x009980    0x2f  stm8s_tim2.o [1]
  .near_func.text    ro code  0x0099af    0x2f  stm8s_tim2.o [1]
  .near_func.text    ro code  0x0099de    0x2f  stm8s_tim2.o [1]
  .near_func.text    ro code  0x009a0d    0x2f  stm8s_tim4.o [1]
  .near_func.text    ro code  0x009a3c    0x2d  dmx512.o [1]
  .near_func.text    ro code  0x009a69    0x2d  stm8s_uart1.o [1]
  .near_func.text    ro code  0x009a96    0x2b  dmx512.o [1]
  .near_func.text    ro code  0x009ac1    0x28  init_small.o [4]
  Initializer bytes  const    0x009ae9    0x28  <for P2-1>
  .near_func.text    ro code  0x009b11    0x25  dc_util.o [4]
  .near_func.text    ro code  0x009b36    0x23  dmx512.o [1]
  .near_func.text    ro code  0x009b59    0x23  stm8s_it.o [1]
  .near_func.text    ro code  0x009b7c    0x23  stm8s_tim4.o [1]
  .near_func.text    ro code  0x009b9f    0x21  stm8s_tim1.o [1]
  .iar.init_table    const    0x009bc0     0xa  - Linker created -
  .near_func.text    ro code  0x009bca    0x1b  stm8s_tim1.o [1]
  .near_func.text    ro code  0x009be5    0x19  stm8s_tim4.o [1]
  .near_func.text    ro code  0x009bfe    0x16  stm8s_it.o [1]
  .near_func.text    ro code  0x009c14    0x16  stm8s_it.o [1]
  .near_func.text    ro code  0x009c2a    0x16  stm8s_it.o [1]
  .near_func.text    ro code  0x009c40    0x16  stm8s_it.o [1]
  .near_func.text    ro code  0x009c56    0x16  memset.o [4]
  .near_func.text    ro code  0x009c6c    0x15  dmx512.o [1]
  .near_func.text    ro code  0x009c81    0x14  init.o [4]
  .near_func.text    ro code  0x009c95    0x14  __dbg_xxexit.o [3]
  .near_func.text    ro code  0x009ca9    0x13  cstartup.o [4]
  .near_func.text    ro code  0x009cbc    0x10  stm8s_tim2.o [1]
  .near_func.text    ro code  0x009ccc     0xe  dmx512.o [1]
  .near_func.text    ro code  0x009cda     0xe  dmx512.o [1]
  .near_func.text    ro code  0x009ce8     0xe  stm8s_uart1.o [1]
  .near_func.text    ro code  0x009cf6     0xc  dmx512.o [1]
  .near_func.text    ro code  0x009d02     0xa  dmx512.o [1]
  .near_func.text    ro code  0x009d0c     0x9  dmx512.o [1]
  .near_func.text    ro code  0x009d15     0x9  stm8s_tim1.o [1]
  .near_func.text    ro code  0x009d1e     0x7  stm8s_gpio.o [1]
  .near_func.text    ro code  0x009d25     0x6  main.o [1]
  .near_func.text    ro code  0x009d2b     0x6  char.o [4]
  .near_func.text    ro code  0x009d31     0x5  cexit.o [4]
  .near.rodata       const    0x009d36     0x4  stm8s_clk.o [1]
  .near_func.text    ro code  0x009d3a     0x4  dmx512.o [1]
  .near_func.text    ro code  0x009d3e     0x4  stm8s_tim4.o [1]
  .near_func.text    ro code  0x009d42     0x4  stm8s_tim4.o [1]
  .near_func.text    ro code  0x009d46     0x4  stm8s_uart1.o [1]
  .near_func.text    ro code  0x009d4a     0x3  interrupt.o [4]
  .near_func.text    ro code  0x009d4d     0x3  low_level_init.o [4]
  .near_func.text    ro code  0x009d50     0x3  exit.o [4]
  .near_func.text    ro code  0x009d53     0x3  unhandled_exception.o [4]
  .near_func.text    ro code  0x009d56     0x1  stm8s_it.o [1]
  .near_func.text    ro code  0x009d57     0x1  stm8s_it.o [1]
  .near_func.text    ro code  0x009d58     0x1  stm8s_it.o [1]
  .near_func.text    ro code  0x009d59     0x1  stm8s_it.o [1]
  .near_func.text    ro code  0x009d5a     0x1  stm8s_it.o [1]
  .near_func.text    ro code  0x009d5b     0x1  stm8s_it.o [1]
  .near_func.text    ro code  0x009d5c     0x1  stm8s_it.o [1]
  .near_func.text    ro code  0x009d5d     0x1  stm8s_it.o [1]
  .near_func.text    ro code  0x009d5e     0x1  stm8s_it.o [1]
  .near_func.text    ro code  0x009d5f     0x1  stm8s_it.o [1]
  .near_func.text    ro code  0x009d60     0x1  stm8s_it.o [1]
  .near_func.text    ro code  0x009d61     0x1  stm8s_it.o [1]
  .near_func.text    ro code  0x009d62     0x1  stm8s_it.o [1]
  .near_func.text    ro code  0x009d63     0x1  stm8s_it.o [1]
  .near_func.text    ro code  0x009d64     0x1  stm8s_it.o [1]
  .near_func.text    ro code  0x009d65     0x1  __dbg_break.o [3]
                            - 0x009d66  0x1ce6


*******************************************************************************
*** INIT TABLE
***

          Address   Size
          -------   ----
Copy (__iar_copy_init2)
    1 source range, total size 0x28:
          0x009ae9  0x28
    1 destination range, total size 0x28:
          0x000010  0x28



*******************************************************************************
*** MODULE SUMMARY
***

    Module                 ro code  ro data  rw data
    ------                 -------  -------  -------
C:\Users\nhocc\Desktop\anything\khoa-luan-tot-nghiep\DMX_RECEIVE\stm8\Debug\Obj: [1]
    dmx512.o                 1 522       24       24
    main.o                     230       14       14
    stm8s_clk.o                676      108
    stm8s_exti.o               206      105
    stm8s_gpio.o               277      105
    stm8s_it.o                 138        2        2
    stm8s_tim1.o               541      105
    stm8s_tim2.o               856      105
    stm8s_tim4.o               274      105
    stm8s_uart1.o            1 041      106
    ------------------------------------------------
    Total:                   5 761      779       40

command line: [2]
    ------------------------------------------------
    Total:

dbgstm8smd.a: [3]
    __dbg_break.o                1
    __dbg_xxexit.o              20
    ------------------------------------------------
    Total:                      21

dlstm8smn.a: [4]
    cexit.o                      5
    char.o                       6
    cstartup.o                  19
    dc_util.o                   37
    exit.o                       3
    init.o                      20
    init_small.o                40
    interrupt.o                  3      128
    long.o                     310
    long_util.o                 71
    low_level_init.o             3
    memset.o                    22
    short.o                     50
    unhandled_exception.o        3
    vreg_util.o                235
    vregs.o                                       16
    ------------------------------------------------
    Total:                     827      128       16

    Linker created                       10      256
----------------------------------------------------
    Grand Total:             6 609      917      312


*******************************************************************************
*** ENTRY LIST
***

Entry                    Address   Size  Type      Object
-----                    -------   ----  ----      ------
.iar.init_table$$Base   0x009bc0          --   Gb  - Linker created -
.iar.init_table$$Limit  0x009bca          --   Gb  - Linker created -
?b0                     0x000000         Data  Gb  vregs.o [4]
?b1                     0x000001         Data  Gb  vregs.o [4]
?b10                    0x00000a         Data  Gb  vregs.o [4]
?b11                    0x00000b         Data  Gb  vregs.o [4]
?b12                    0x00000c         Data  Gb  vregs.o [4]
?b13                    0x00000d         Data  Gb  vregs.o [4]
?b14                    0x00000e         Data  Gb  vregs.o [4]
?b15                    0x00000f         Data  Gb  vregs.o [4]
?b2                     0x000002         Data  Gb  vregs.o [4]
?b3                     0x000003         Data  Gb  vregs.o [4]
?b4                     0x000004         Data  Gb  vregs.o [4]
?b5                     0x000005         Data  Gb  vregs.o [4]
?b6                     0x000006         Data  Gb  vregs.o [4]
?b7                     0x000007         Data  Gb  vregs.o [4]
?b8                     0x000008         Data  Gb  vregs.o [4]
?b9                     0x000009         Data  Gb  vregs.o [4]
?dc32_l0                0x009b11         Code  Gb  dc_util.o [4]
?dc32_l1                0x009b1e         Code  Gb  dc_util.o [4]
?dc32_px                0x009b2b         Code  Gb  dc_util.o [4]
?e0                     0x000001         Data  Gb  vregs.o [4]
?e1                     0x000005         Data  Gb  vregs.o [4]
?e2                     0x000009         Data  Gb  vregs.o [4]
?e3                     0x00000d         Data  Gb  vregs.o [4]
?epilogue_l2            0x008585         Code  Gb  vreg_util.o [4]
?epilogue_l2_l3         0x008582         Code  Gb  vreg_util.o [4]
?epilogue_l2_w6         0x008589         Code  Gb  vreg_util.o [4]
?epilogue_w4            0x008590         Code  Gb  vreg_util.o [4]
?l0                     0x000000         Data  Gb  vregs.o [4]
?l1                     0x000004         Data  Gb  vregs.o [4]
?l2                     0x000008         Data  Gb  vregs.o [4]
?l3                     0x00000c         Data  Gb  vregs.o [4]
?load32_0x_l0           0x009686         Code  Gb  long_util.o [4]
?load32_asp_l0          0x00967a         Code  Gb  long_util.o [4]
?load32_dbsp_l0         0x009675         Code  Gb  long_util.o [4]
?load32_l0_0x           0x00965d         Code  Gb  long_util.o [4]
?load32_l0_asp          0x009652         Code  Gb  long_util.o [4]
?load32_l0_dbsp         0x00964d         Code  Gb  long_util.o [4]
?load32_l0_xsp          0x009654         Code  Gb  long_util.o [4]
?load32_l1_0x           0x009669         Code  Gb  long_util.o [4]
?load32_xsp_l0          0x00967c         Code  Gb  long_util.o [4]
?mov_e0_e2              0x008597         Code  Gb  vreg_util.o [4]
?mov_e0_e3              0x0085a4         Code  Gb  vreg_util.o [4]
?mov_e1_e0              0x0085b1         Code  Gb  vreg_util.o [4]
?mov_e2_e0              0x0085be         Code  Gb  vreg_util.o [4]
?mov_e3_e0              0x0085cb         Code  Gb  vreg_util.o [4]
?mov_l0_l2              0x008594         Code  Gb  vreg_util.o [4]
?mov_l0_l3              0x0085a1         Code  Gb  vreg_util.o [4]
?mov_l1_l0              0x0085ae         Code  Gb  vreg_util.o [4]
?mov_l2_l0              0x0085bb         Code  Gb  vreg_util.o [4]
?mov_l3_l0              0x0085c8         Code  Gb  vreg_util.o [4]
?mov_w1_w5              0x00859a         Code  Gb  vreg_util.o [4]
?mov_w1_w7              0x0085a7         Code  Gb  vreg_util.o [4]
?mov_w3_w1              0x0085b4         Code  Gb  vreg_util.o [4]
?mov_w5_w1              0x0085c1         Code  Gb  vreg_util.o [4]
?mov_w7_w1              0x0085ce         Code  Gb  vreg_util.o [4]
?mul16_x_x_w0           0x0097d4         Code  Gb  short.o [4]
?mul32_l0_l0_0x         0x0082c4         Code  Gb  long.o [4]
?mul32_l0_l0_dl         0x0082c1         Code  Gb  long.o [4]
?mul32_l0_l0_l1         0x0082cd         Code  Gb  long.o [4]
?pop_l0                 0x00854e         Code  Gb  vreg_util.o [4]
?pop_l1                 0x008559         Code  Gb  vreg_util.o [4]
?pop_l2                 0x008564         Code  Gb  vreg_util.o [4]
?pop_l3                 0x00856f         Code  Gb  vreg_util.o [4]
?pop_w4                 0x008507         Code  Gb  vreg_util.o [4]
?pop_w6                 0x00850e         Code  Gb  vreg_util.o [4]
?push_l0                0x00851d         Code  Gb  vreg_util.o [4]
?push_l1                0x008522         Code  Gb  vreg_util.o [4]
?push_l2                0x008527         Code  Gb  vreg_util.o [4]
?push_l3                0x00852c         Code  Gb  vreg_util.o [4]
?push_w4                0x0084ea         Code  Gb  vreg_util.o [4]
?push_w6                0x0084ef         Code  Gb  vreg_util.o [4]
?sext32_l0_x            0x0083d1         Code  Gb  long.o [4]
?sll16_x_x_4            0x0097fc         Code  Gb  short.o [4]
?sll16_x_x_5            0x0097fb         Code  Gb  short.o [4]
?sll16_x_x_6            0x0097fa         Code  Gb  short.o [4]
?sll16_x_x_a            0x0097f2         Code  Gb  short.o [4]
?sll32_0x_0x_a          0x0083c3         Code  Gb  long.o [4]
?sll32_l0_l0_a          0x0083c0         Code  Gb  long.o [4]
?sll8_a_a_5             0x009d2c         Code  Gb  char.o [4]
?sll8_a_a_6             0x009d2b         Code  Gb  char.o [4]
?srl16_x_x_4            0x009801         Code  Gb  short.o [4]
?sub32_l0_l0_0x         0x0082a9         Code  Gb  long.o [4]
?sub32_l0_l0_l1         0x0082a6         Code  Gb  long.o [4]
?udiv32_l0_dl_l1        0x00834b         Code  Gb  long.o [4]
?udiv32_l0_l0_dl        0x008350         Code  Gb  long.o [4]
?udiv32_l0_l0_l1        0x008353         Code  Gb  long.o [4]
?umod32_l1_l0_l1        0x008353         Code  Gb  long.o [4]
?w0                     0x000000         Data  Gb  vregs.o [4]
?w1                     0x000002         Data  Gb  vregs.o [4]
?w2                     0x000004         Data  Gb  vregs.o [4]
?w3                     0x000006         Data  Gb  vregs.o [4]
?w4                     0x000008         Data  Gb  vregs.o [4]
?w5                     0x00000a         Data  Gb  vregs.o [4]
?w6                     0x00000c         Data  Gb  vregs.o [4]
?w7                     0x00000e         Data  Gb  vregs.o [4]
ADC1_IRQHandler         0x009d63    0x1  Code  Gb  stm8s_it.o [1]
AWU_IRQHandler          0x009d58    0x1  Code  Gb  stm8s_it.o [1]
CHANNEL                 0x000010    0x2  Data  Lc  dmx512.o [1]
CHANNEL                 0x000015    0x2  Data  Lc  main.o [1]
CLK_DeInit              0x0096cd   0x36  Code  Gb  stm8s_clk.o [1]
CLK_GetClockFreq        0x00902c   0x7b  Code  Gb  stm8s_clk.o [1]
CLK_HSECmd              0x009837   0x2f  Code  Gb  stm8s_clk.o [1]
CLK_HSICmd              0x009866   0x2f  Code  Gb  stm8s_clk.o [1]
CLK_IRQHandler          0x009d59    0x1  Code  Gb  stm8s_it.o [1]
CLK_LSICmd              0x009895   0x2f  Code  Gb  stm8s_clk.o [1]
CLK_PeripheralClockConfig
                        0x00887d   0xdb  Code  Gb  stm8s_clk.o [1]
CLK_SYSCLKConfig        0x008fa1   0x8b  Code  Gb  stm8s_clk.o [1]
CSTACK$$Base            0x000300          --   Gb  - Linker created -
CSTACK$$Limit           0x000400          --   Gb  - Linker created -
EEPROM_EEC_IRQHandler   0x009d64    0x1  Code  Gb  stm8s_it.o [1]
EXTI_PORTA_IRQHandler   0x009d5a    0x1  Code  Gb  stm8s_it.o [1]
EXTI_PORTB_IRQHandler   0x009bfe   0x16  Code  Gb  stm8s_it.o [1]
EXTI_PORTC_IRQHandler   0x009c14   0x16  Code  Gb  stm8s_it.o [1]
EXTI_PORTD_IRQHandler   0x009d5b    0x1  Code  Gb  stm8s_it.o [1]
EXTI_PORTE_IRQHandler   0x009d5c    0x1  Code  Gb  stm8s_it.o [1]
EXTI_SetExtIntSensitivity
                        0x008a26   0xce  Code  Gb  stm8s_exti.o [1]
GPIO_Init               0x0083dc  0x10e  Code  Gb  stm8s_gpio.o [1]
GPIO_ReadInputPin       0x009d1e    0x7  Code  Gb  stm8s_gpio.o [1]
HSIDivFactor            0x009d36    0x4  Data  Gb  stm8s_clk.o [1]
I2C_IRQHandler          0x009d62    0x1  Code  Gb  stm8s_it.o [1]
INTVEC$$Base            0x008000          --   Gb  - Linker created -
INTVEC$$Limit           0x008080          --   Gb  - Linker created -
Region$$Table$$Base     0x009bc0          --   Gb  - Linker created -
Region$$Table$$Limit    0x009bca          --   Gb  - Linker created -
SPI_IRQHandler          0x009d5d    0x1  Code  Gb  stm8s_it.o [1]
TIM1_ARRPreloadConfig   0x0098f3   0x2f  Code  Gb  stm8s_tim1.o [1]
TIM1_CAP_COM_IRQHandler
                        0x009d5e    0x1  Code  Gb  stm8s_it.o [1]
TIM1_ClearFlag          0x009738   0x35  Code  Gb  stm8s_tim1.o [1]
TIM1_ClearITPendingBit  0x009b9f   0x21  Code  Gb  stm8s_tim1.o [1]
TIM1_Cmd                0x0098c4   0x2f  Code  Gb  stm8s_tim1.o [1]
TIM1_DeInit             0x008f08   0x99  Code  Gb  stm8s_tim1.o [1]
TIM1_GetCounter         0x009bca   0x1b  Code  Gb  stm8s_tim1.o [1]
TIM1_ITConfig           0x009601   0x4c  Code  Gb  stm8s_tim1.o [1]
TIM1_SetAutoreload      0x009d15    0x9  Code  Gb  stm8s_tim1.o [1]
TIM1_TimeBaseInit       0x00944c   0x60  Code  Gb  stm8s_tim1.o [1]
TIM1_UPD_OVF_TRG_BRK_IRQHandler
                        0x009c2a   0x16  Code  Gb  stm8s_it.o [1]
TIM2_ARRPreloadConfig   0x009951   0x2f  Code  Gb  stm8s_tim2.o [1]
TIM2_CAP_COM_IRQHandler
                        0x009d60    0x1  Code  Gb  stm8s_it.o [1]
TIM2_Cmd                0x009922   0x2f  Code  Gb  stm8s_tim2.o [1]
TIM2_DeInit             0x009509   0x59  Code  Gb  stm8s_tim2.o [1]
TIM2_OC1Init            0x008bc0   0xac  Code  Gb  stm8s_tim2.o [1]
TIM2_OC1PreloadConfig   0x009980   0x2f  Code  Gb  stm8s_tim2.o [1]
TIM2_OC2Init            0x008c6c   0xac  Code  Gb  stm8s_tim2.o [1]
TIM2_OC2PreloadConfig   0x0099af   0x2f  Code  Gb  stm8s_tim2.o [1]
TIM2_OC3Init            0x008d18   0xac  Code  Gb  stm8s_tim2.o [1]
TIM2_OC3PreloadConfig   0x0099de   0x2f  Code  Gb  stm8s_tim2.o [1]
TIM2_TimeBaseInit       0x009cbc   0x10  Code  Gb  stm8s_tim2.o [1]
TIM2_UPD_OVF_BRK_IRQHandler
                        0x009d5f    0x1  Code  Gb  stm8s_it.o [1]
TIM4_ClearITPendingBit  0x009b7c   0x23  Code  Gb  stm8s_tim4.o [1]
TIM4_Cmd                0x009a0d   0x2f  Code  Gb  stm8s_tim4.o [1]
TIM4_DeInit             0x009be5   0x19  Code  Gb  stm8s_tim4.o [1]
TIM4_GetCounter         0x009d42    0x4  Code  Gb  stm8s_tim4.o [1]
TIM4_ITConfig           0x0095b3   0x4e  Code  Gb  stm8s_tim4.o [1]
TIM4_SetCounter         0x009d3e    0x4  Code  Gb  stm8s_tim4.o [1]
TIM4_TimeBaseInit       0x009562   0x51  Code  Gb  stm8s_tim4.o [1]
TIM4_UPD_OVF_IRQHandler
                        0x009b59   0x23  Code  Gb  stm8s_it.o [1]
TIM4_ovf_val            0x00001b    0x2  Data  Lc  dmx512.o [1]
TIM4_ovf_val            0x000036    0x2  Data  Lc  stm8s_it.o [1]
TLI_IRQHandler          0x009d57    0x1  Code  Gb  stm8s_it.o [1]
TRAP_IRQHandler         0x009d56    0x1  Code  Gb  stm8s_it.o [1]
UART1_ClearITPendingBit
                        0x00976d   0x35  Code  Gb  stm8s_uart1.o [1]
UART1_Cmd               0x009ce8    0xe  Code  Gb  stm8s_uart1.o [1]
UART1_DeInit            0x009a69   0x2d  Code  Gb  stm8s_uart1.o [1]
UART1_GetFlagStatus     0x008dc4   0xab  Code  Gb  stm8s_uart1.o [1]
UART1_ITConfig          0x008af4   0xcc  Code  Gb  stm8s_uart1.o [1]
UART1_Init              0x008080  0x226  Code  Gb  stm8s_uart1.o [1]
UART1_RX_IRQHandler     0x009c40   0x16  Code  Gb  stm8s_it.o [1]
UART1_ReceiveData8      0x009d46    0x4  Code  Gb  stm8s_uart1.o [1]
UART1_TX_IRQHandler     0x009d61    0x1  Code  Gb  stm8s_it.o [1]
UCLN                    0x0094ac   0x5d  Code  Gb  dmx512.o [1]
__DebugBreak            0x009d65    0x1  Code  Gb  __dbg_break.o [3]
__exit                  0x009c95   0x14  Code  Gb  __dbg_xxexit.o [3]
__iar_copy_init2        0x009ac1         Code  Gb  init_small.o [4]
__iar_data_init2        0x009c81   0x14  Code  Gb  init.o [4]
__iar_program_start     0x009ca9         Code  Gb  cstartup.o [4]
__iar_unhandled_exception
                        0x009d53         Code  Gb  unhandled_exception.o [4]
__intvec                0x008000         Data  Gb  interrupt.o [4]
__low_level_init        0x009d4d    0x3  Code  Gb  low_level_init.o [4]
_exit                   0x009d31         Code  Gb  cexit.o [4]
_interrupt_1            0x009d56         Code  Gb  stm8s_it.o [1]
_interrupt_12           0x009d5d         Code  Gb  stm8s_it.o [1]
_interrupt_13           0x009c2a         Code  Gb  stm8s_it.o [1]
_interrupt_14           0x009d5e         Code  Gb  stm8s_it.o [1]
_interrupt_15           0x009d5f         Code  Gb  stm8s_it.o [1]
_interrupt_16           0x009d60         Code  Gb  stm8s_it.o [1]
_interrupt_19           0x009d61         Code  Gb  stm8s_it.o [1]
_interrupt_2            0x009d57         Code  Gb  stm8s_it.o [1]
_interrupt_20           0x009c40         Code  Gb  stm8s_it.o [1]
_interrupt_21           0x009d62         Code  Gb  stm8s_it.o [1]
_interrupt_24           0x009d63         Code  Gb  stm8s_it.o [1]
_interrupt_25           0x009b59         Code  Gb  stm8s_it.o [1]
_interrupt_26           0x009d64         Code  Gb  stm8s_it.o [1]
_interrupt_3            0x009d58         Code  Gb  stm8s_it.o [1]
_interrupt_4            0x009d59         Code  Gb  stm8s_it.o [1]
_interrupt_5            0x009d5a         Code  Gb  stm8s_it.o [1]
_interrupt_6            0x009bfe         Code  Gb  stm8s_it.o [1]
_interrupt_7            0x009c14         Code  Gb  stm8s_it.o [1]
_interrupt_8            0x009d5b         Code  Gb  stm8s_it.o [1]
_interrupt_9            0x009d5c         Code  Gb  stm8s_it.o [1]
assert_failed           0x009d25    0x6  Code  Gb  main.o [1]
break_time              0x000020    0x4  Data  Lc  dmx512.o [1]
byte_count              0x000017    0x2  Data  Lc  dmx512.o [1]
check                   0x009d0c    0x9  Code  Gb  dmx512.o [1]
dmx512_IT_timer1        0x0093eb   0x61  Code  Gb  dmx512.o [1]
dmx512_IT_timer1::blink
                        0x000028    0x1  Data  Lc  dmx512.o [1]
dmx512_IT_timer1::fade  0x000029    0x1  Data  Lc  dmx512.o [1]
dmx512_blink            0x009a3c   0x2d  Code  Gb  dmx512.o [1]
dmx512_blink::state     0x000027    0x1  Data  Lc  dmx512.o [1]
dmx512_clear_input      0x009ccc    0xe  Code  Gb  dmx512.o [1]
dmx512_clk_config       0x009703   0x35  Code  Gb  dmx512.o [1]
dmx512_exti_disable     0x009c6c   0x15  Code  Gb  dmx512.o [1]
dmx512_exti_enable      0x009a96   0x2b  Code  Gb  dmx512.o [1]
dmx512_fade             0x0085d5   0xe8  Code  Gb  dmx512.o [1]
dmx512_fade::state_b    0x000014    0x1  Data  Lc  dmx512.o [1]
dmx512_fade::state_g    0x000013    0x1  Data  Lc  dmx512.o [1]
dmx512_fade::state_r    0x000012    0x1  Data  Lc  dmx512.o [1]
dmx512_handler_falling  0x009b36   0x23  Code  Gb  dmx512.o [1]
dmx512_handler_rising   0x008e6f   0x99  Code  Gb  dmx512.o [1]
dmx512_handler_rx_uart  0x0086bd   0xe0  Code  Gb  dmx512.o [1]
dmx512_init_gpio_sw     0x009806   0x31  Code  Gb  dmx512.o [1]
dmx512_rec_init         0x009694   0x39  Code  Gb  dmx512.o [1]
dmx512_set_and_read_channel
                        0x008958   0xce  Code  Gb  dmx512.o [1]
dmx512_set_input        0x009d3a    0x4  Code  Gb  dmx512.o [1]
dmx512_set_start_addr   0x009d02    0xa  Code  Gb  dmx512.o [1]
dmx512_tim1_init        0x0097a2   0x32  Code  Gb  dmx512.o [1]
dmx512_tim2_config      0x009386   0x65  Code  Gb  dmx512.o [1]
dmx512_uart_disable     0x009cf6    0xc  Code  Gb  dmx512.o [1]
dmx512_uart_enable      0x009cda    0xe  Code  Gb  dmx512.o [1]
dmx_timeout_val         0x00001d    0x2  Data  Lc  dmx512.o [1]
exit                    0x009d50    0x3  Code  Gb  exit.o [4]
input_data              0x00002a    0x5  Data  Gb  main.o [1]
j                       0x00002f    0x1  Data  Gb  main.o [1]
main                    0x00879d   0xe0  Code  Gb  main.o [1]
main::input_before      0x000034    0x2  Data  Lc  main.o [1]
memset                  0x009c56   0x16  Code  Gb  memset.o [4]
phase                   0x00001f    0x1  Data  Lc  dmx512.o [1]
start_addr              0x000024    0x1  Data  Lc  dmx512.o [1]
start_flag              0x000019    0x2  Data  Lc  dmx512.o [1]
test                    0x000030    0x4  Data  Gb  main.o [1]
v_UCLN                  0x000025    0x2  Data  Gb  dmx512.o [1]


[1] = C:\Users\nhocc\Desktop\anything\khoa-luan-tot-nghiep\DMX_RECEIVE\stm8\Debug\Obj
[2] = command line
[3] = dbgstm8smd.a
[4] = dlstm8smn.a

  6 609 bytes of readonly  code memory
    917 bytes of readonly  data memory
    312 bytes of readwrite data memory

Errors: none
Warnings: none
