###############################################################################
#
# IAR ELF Linker V3.10.1.201 for STM8                     05/Nov/2018  01:37:44
# Copyright 2010-2017 IAR Systems AB.
#
#    Output file  =  
#        C:\Users\nhocc\Desktop\anything\khoa-luan-tot-nghiep\DMX_RECEIVE\stm8\Debug\Exe\stm8.out
#    Map file     =  
#        C:\Users\nhocc\Desktop\anything\khoa-luan-tot-nghiep\DMX_RECEIVE\stm8\Debug\List\stm8.map
#    Command line =  
#        -f C:\Users\nhocc\AppData\Local\Temp\EW5684.tmp
#        (C:\Users\nhocc\Desktop\anything\khoa-luan-tot-nghiep\DMX_RECEIVE\stm8\Debug\Obj\dmx512.o
#        C:\Users\nhocc\Desktop\anything\khoa-luan-tot-nghiep\DMX_RECEIVE\stm8\Debug\Obj\main.o
#        C:\Users\nhocc\Desktop\anything\khoa-luan-tot-nghiep\DMX_RECEIVE\stm8\Debug\Obj\stm8s_adc1.o
#        C:\Users\nhocc\Desktop\anything\khoa-luan-tot-nghiep\DMX_RECEIVE\stm8\Debug\Obj\stm8s_awu.o
#        C:\Users\nhocc\Desktop\anything\khoa-luan-tot-nghiep\DMX_RECEIVE\stm8\Debug\Obj\stm8s_beep.o
#        C:\Users\nhocc\Desktop\anything\khoa-luan-tot-nghiep\DMX_RECEIVE\stm8\Debug\Obj\stm8s_clk.o
#        C:\Users\nhocc\Desktop\anything\khoa-luan-tot-nghiep\DMX_RECEIVE\stm8\Debug\Obj\stm8s_exti.o
#        C:\Users\nhocc\Desktop\anything\khoa-luan-tot-nghiep\DMX_RECEIVE\stm8\Debug\Obj\stm8s_flash.o
#        C:\Users\nhocc\Desktop\anything\khoa-luan-tot-nghiep\DMX_RECEIVE\stm8\Debug\Obj\stm8s_gpio.o
#        C:\Users\nhocc\Desktop\anything\khoa-luan-tot-nghiep\DMX_RECEIVE\stm8\Debug\Obj\stm8s_i2c.o
#        C:\Users\nhocc\Desktop\anything\khoa-luan-tot-nghiep\DMX_RECEIVE\stm8\Debug\Obj\stm8s_it.o
#        C:\Users\nhocc\Desktop\anything\khoa-luan-tot-nghiep\DMX_RECEIVE\stm8\Debug\Obj\stm8s_itc.o
#        C:\Users\nhocc\Desktop\anything\khoa-luan-tot-nghiep\DMX_RECEIVE\stm8\Debug\Obj\stm8s_iwdg.o
#        C:\Users\nhocc\Desktop\anything\khoa-luan-tot-nghiep\DMX_RECEIVE\stm8\Debug\Obj\stm8s_rst.o
#        C:\Users\nhocc\Desktop\anything\khoa-luan-tot-nghiep\DMX_RECEIVE\stm8\Debug\Obj\stm8s_spi.o
#        C:\Users\nhocc\Desktop\anything\khoa-luan-tot-nghiep\DMX_RECEIVE\stm8\Debug\Obj\stm8s_tim1.o
#        C:\Users\nhocc\Desktop\anything\khoa-luan-tot-nghiep\DMX_RECEIVE\stm8\Debug\Obj\stm8s_tim2.o
#        C:\Users\nhocc\Desktop\anything\khoa-luan-tot-nghiep\DMX_RECEIVE\stm8\Debug\Obj\stm8s_tim4.o
#        C:\Users\nhocc\Desktop\anything\khoa-luan-tot-nghiep\DMX_RECEIVE\stm8\Debug\Obj\stm8s_uart1.o
#        C:\Users\nhocc\Desktop\anything\khoa-luan-tot-nghiep\DMX_RECEIVE\stm8\Debug\Obj\stm8s_wwdg.o
#        --redirect _Printf=_PrintfFullNoMb --redirect _Scanf=_ScanfFullNoMb -o
#        C:\Users\nhocc\Desktop\anything\khoa-luan-tot-nghiep\DMX_RECEIVE\stm8\Debug\Exe\stm8.out
#        --map
#        C:\Users\nhocc\Desktop\anything\khoa-luan-tot-nghiep\DMX_RECEIVE\stm8\Debug\List\stm8.map
#        --config "C:\Program Files (x86)\IAR Systems\Embedded Workbench
#        8.0_2\stm8\config\lnkstm8s103f3.icf" --config_def _CSTACK_SIZE=0x100
#        --config_def _HEAP_SIZE=0x100 --entry __iar_program_start --debug_lib)
#
###############################################################################

*******************************************************************************
*** RUNTIME MODEL ATTRIBUTES
***

__SystemLibrary            = DLib
__code_model               = small
__core                     = stm8
__data_model               = medium
__dlib_file_descriptor     = 0
__dlib_full_locale_support = 0
__rt_version               = 4


*******************************************************************************
*** PLACEMENT SUMMARY
***

"A0":  place at start of [0x000000-0x0000ff] { rw section .vregs };
"A1":  place at end of [0x000000-0x0003ff] { block CSTACK };
"P2":  place in [from 0x000000 to 0x0003ff] {
          block HEAP, rw section __DLIB_PERTHREAD, rw section .far.bss,
          rw section .far.data, rw section .far.noinit,
          rw section .far_func.textrw, rw section .huge.bss,
          rw section .huge.data, rw section .huge.noinit,
          rw section .huge_func.textrw, rw section .iar.dynexit,
          rw section .near.bss, rw section .near.data, rw section .near.noinit,
          rw section .near_func.textrw };
"A2":  place at start of [0x008000-0x009fff] { block INTVEC };
"P3":  place in [from 0x008000 to 0x009fff] {
          ro section __DLIB_PERTHREAD_init, ro section .far.data_init,
          ro section .far_func.textrw_init, ro section .huge.data_init,
          ro section .huge_func.textrw_init, ro section .iar.init_table,
          ro section .init_array, ro section .near.data_init,
          ro section .near.rodata, ro section .near_func.text,
          ro section .near_func.textrw_init, ro section .tiny.data_init,
          ro section .tiny.rodata_init };
"P4":  place in [from 0x008000 to 0x009fff] {
          ro section .far.rodata, ro section .far_func.text };
"P5":  place in [from 0x008000 to 0x009fff] {
          ro section .huge.rodata, ro section .huge_func.text };
do not initialize {
   rw section .eeprom.noinit, rw section .far.noinit, rw section .huge.noinit,
   rw section .near.noinit, rw section .tiny.noinit, rw section .vregs };
initialize by copy {
   rw section .far.bss, rw section .far.data, rw section .far_func.textrw,
   rw section .huge.bss, rw section .huge.data, rw section .huge_func.textrw,
   rw section .iar.dynexit, rw section .near.bss, rw section .near.data,
   rw section .near_func.textrw, rw section .tiny.bss, rw section .tiny.data,
   ro section .tiny.rodata };

  Section            Kind      Address    Size  Object
  -------            ----      -------    ----  ------
"A0":                                     0x10
  .vregs             uninit   0x000000    0x10  vregs.o [4]
                            - 0x000010    0x10

"P2":                                     0x24
  P2-1                        0x000010    0x24  <Init block>
    .near.data       inited   0x000010     0x2  dmx512.o [1]
    .near.data       inited   0x000012     0x2  main.o [1]
    .near.bss        inited   0x000014     0x2  dmx512.o [1]
    .near.bss        inited   0x000016     0x2  dmx512.o [1]
    .near.bss        inited   0x000018     0x2  dmx512.o [1]
    .near.bss        inited   0x00001a     0x2  dmx512.o [1]
    .near.bss        inited   0x00001c     0x1  dmx512.o [1]
    .near.bss        inited   0x00001d     0x4  dmx512.o [1]
    .near.bss        inited   0x000021     0x2  dmx512.o [1]
    .near.bss        inited   0x000023     0x2  dmx512.o [1]
    .near.bss        inited   0x000025     0x1  dmx512.o [1]
    .near.bss        inited   0x000026     0x1  dmx512.o [1]
    .near.bss        inited   0x000027     0x1  dmx512.o [1]
    .near.bss        inited   0x000028     0x1  dmx512.o [1]
    .near.bss        inited   0x000029     0x5  main.o [1]
    .near.bss        inited   0x00002e     0x4  main.o [1]
    .near.bss        inited   0x000032     0x2  stm8s_it.o [1]
                            - 0x000034    0x24

"A1":                                    0x100
  CSTACK                      0x000300   0x100  <Block>
    CSTACK           uninit   0x000300   0x100  <Block tail>
                            - 0x000400   0x100

"A2":                                     0x80
  INTVEC                      0x008000    0x80  <Block>
    .intvec          const    0x008000    0x80  interrupt.o [4]
                            - 0x008080    0x80

"P3-P5":                                0x18ea
  .near_func.text    ro code  0x008080   0x1eb  stm8s_uart1.o [1]
  .near_func.text    ro code  0x00826b   0x136  long.o [4]
  .near_func.text    ro code  0x0083a1    0xde  vreg_util.o [4]
  .near_func.text    ro code  0x00847f    0xcb  dmx512.o [1]
  .near_func.text    ro code  0x00854a    0xc9  stm8s_gpio.o [1]
  .near_func.text    ro code  0x008613    0xc4  stm8s_exti.o [1]
  .near_func.text    ro code  0x0086d7    0xbd  dmx512.o [1]
  .near_func.text    ro code  0x008794    0xbc  dmx512.o [1]
  .near_func.text    ro code  0x008850    0xb5  stm8s_uart1.o [1]
  .near_func.text    ro code  0x008905    0xa2  stm8s_clk.o [1]
  .near_func.text    ro code  0x0089a7    0xa2  stm8s_tim2.o [1]
  .near_func.text    ro code  0x008a49    0xa2  stm8s_tim2.o [1]
  .near_func.text    ro code  0x008aeb    0xa2  stm8s_tim2.o [1]
  .near_func.text    ro code  0x008b8d    0x99  stm8s_tim1.o [1]
  .near_func.text    ro code  0x008c26    0x95  main.o [1]
  .near_func.text    ro code  0x008cbb    0x77  stm8s_uart1.o [1]
  .near_func.text    ro code  0x008d32    0x71  stm8s_clk.o [1]
  .near_func.text    ro code  0x008da3    0x65  dmx512.o [1]
  .near_func.text    ro code  0x008e08    0x60  dmx512.o [1]
  .near_func.text    ro code  0x008e68    0x59  stm8s_tim2.o [1]
  .near_func.text    ro code  0x008ec1    0x58  stm8s_tim1.o [1]
  .near_func.text    ro code  0x008f19    0x57  dmx512.o [1]
  .near.rodata       const    0x008f70    0x55  stm8s_uart1.o [1]
  .near.rodata       const    0x008fc5    0x54  stm8s_exti.o [1]
  .near.rodata       const    0x009019    0x54  stm8s_gpio.o [1]
  .near.rodata       const    0x00906d    0x54  stm8s_tim1.o [1]
  .near.rodata       const    0x0090c1    0x54  stm8s_tim2.o [1]
  .near.rodata       const    0x009115    0x54  stm8s_tim4.o [1]
  .near.rodata       const    0x009169    0x53  stm8s_clk.o [1]
  .near_func.text    ro code  0x0091bc    0x4c  stm8s_tim4.o [1]
  .near_func.text    ro code  0x009208    0x4b  stm8s_tim1.o [1]
  .near_func.text    ro code  0x009253    0x47  long_util.o [4]
  .near_func.text    ro code  0x00929a    0x42  stm8s_tim4.o [1]
  .near_func.text    ro code  0x0092dc    0x3f  dmx512.o [1]
  .near_func.text    ro code  0x00931b    0x3b  stm8s_clk.o [1]
  .near_func.text    ro code  0x009356    0x38  dmx512.o [1]
  .near_func.text    ro code  0x00938e    0x36  stm8s_clk.o [1]
  .near_func.text    ro code  0x0093c4    0x34  dmx512.o [1]
  .near_func.text    ro code  0x0093f8    0x32  stm8s_uart1.o [1]
  .near_func.text    ro code  0x00942a    0x32  short.o [4]
  .near_func.text    ro code  0x00945c    0x31  dmx512.o [1]
  .near_func.text    ro code  0x00948d    0x31  stm8s_tim1.o [1]
  .near_func.text    ro code  0x0094be    0x30  dmx512.o [1]
  .near_func.text    ro code  0x0094ee    0x2b  dmx512.o [1]
  .near_func.text    ro code  0x009519    0x2b  stm8s_uart1.o [1]
  .near_func.text    ro code  0x009544    0x2a  dmx512.o [1]
  .near_func.text    ro code  0x00956e    0x2a  stm8s_clk.o [1]
  .near_func.text    ro code  0x009598    0x2a  stm8s_clk.o [1]
  .near_func.text    ro code  0x0095c2    0x2a  stm8s_clk.o [1]
  .near_func.text    ro code  0x0095ec    0x2a  stm8s_tim1.o [1]
  .near_func.text    ro code  0x009616    0x2a  stm8s_tim1.o [1]
  .near_func.text    ro code  0x009640    0x2a  stm8s_tim2.o [1]
  .near_func.text    ro code  0x00966a    0x2a  stm8s_tim2.o [1]
  .near_func.text    ro code  0x009694    0x2a  stm8s_tim2.o [1]
  .near_func.text    ro code  0x0096be    0x2a  stm8s_tim2.o [1]
  .near_func.text    ro code  0x0096e8    0x2a  stm8s_tim2.o [1]
  .near_func.text    ro code  0x009712    0x2a  stm8s_tim4.o [1]
  .near_func.text    ro code  0x00973c    0x28  init_small.o [4]
  .near_func.text    ro code  0x009764    0x25  dc_util.o [4]
  Initializer bytes  const    0x009789    0x24  <for P2-1>
  .near_func.text    ro code  0x0097ad    0x23  stm8s_it.o [1]
  .near_func.text    ro code  0x0097d0    0x21  stm8s_tim4.o [1]
  .iar.init_table    const    0x0097f1     0xa  - Linker created -
  .near_func.text    ro code  0x0097fb    0x20  stm8s_tim1.o [1]
  .near_func.text    ro code  0x00981b    0x19  stm8s_tim4.o [1]
  .near_func.text    ro code  0x009834    0x16  stm8s_it.o [1]
  .near_func.text    ro code  0x00984a    0x16  stm8s_it.o [1]
  .near_func.text    ro code  0x009860    0x16  stm8s_it.o [1]
  .near_func.text    ro code  0x009876    0x16  stm8s_it.o [1]
  .near_func.text    ro code  0x00988c    0x16  memset.o [4]
  .near_func.text    ro code  0x0098a2    0x14  init.o [4]
  .near_func.text    ro code  0x0098b6    0x14  __dbg_xxexit.o [3]
  .near_func.text    ro code  0x0098ca    0x13  cstartup.o [4]
  .near_func.text    ro code  0x0098dd     0xd  dmx512.o [1]
  .near_func.text    ro code  0x0098ea     0xd  stm8s_uart1.o [1]
  .near_func.text    ro code  0x0098f7     0xc  stm8s_tim2.o [1]
  .near_func.text    ro code  0x009903     0xb  dmx512.o [1]
  .near_func.text    ro code  0x00990e     0x9  stm8s_tim1.o [1]
  .near_func.text    ro code  0x009917     0x8  dmx512.o [1]
  .near_func.text    ro code  0x00991f     0x7  dmx512.o [1]
  .near_func.text    ro code  0x009926     0x7  stm8s_gpio.o [1]
  .near_func.text    ro code  0x00992d     0x6  char.o [4]
  .near_func.text    ro code  0x009933     0x5  cexit.o [4]
  .near.rodata       const    0x009938     0x4  stm8s_clk.o [1]
  .near_func.text    ro code  0x00993c     0x4  dmx512.o [1]
  .near_func.text    ro code  0x009940     0x4  stm8s_tim4.o [1]
  .near_func.text    ro code  0x009944     0x4  stm8s_tim4.o [1]
  .near_func.text    ro code  0x009948     0x4  stm8s_uart1.o [1]
  .near_func.text    ro code  0x00994c     0x3  interrupt.o [4]
  .near_func.text    ro code  0x00994f     0x3  low_level_init.o [4]
  .near_func.text    ro code  0x009952     0x3  exit.o [4]
  .near_func.text    ro code  0x009955     0x3  unhandled_exception.o [4]
  .near_func.text    ro code  0x009958     0x2  main.o [1]
  .near_func.text    ro code  0x00995a     0x1  stm8s_it.o [1]
  .near_func.text    ro code  0x00995b     0x1  stm8s_it.o [1]
  .near_func.text    ro code  0x00995c     0x1  stm8s_it.o [1]
  .near_func.text    ro code  0x00995d     0x1  stm8s_it.o [1]
  .near_func.text    ro code  0x00995e     0x1  stm8s_it.o [1]
  .near_func.text    ro code  0x00995f     0x1  stm8s_it.o [1]
  .near_func.text    ro code  0x009960     0x1  stm8s_it.o [1]
  .near_func.text    ro code  0x009961     0x1  stm8s_it.o [1]
  .near_func.text    ro code  0x009962     0x1  stm8s_it.o [1]
  .near_func.text    ro code  0x009963     0x1  stm8s_it.o [1]
  .near_func.text    ro code  0x009964     0x1  stm8s_it.o [1]
  .near_func.text    ro code  0x009965     0x1  stm8s_it.o [1]
  .near_func.text    ro code  0x009966     0x1  stm8s_it.o [1]
  .near_func.text    ro code  0x009967     0x1  stm8s_it.o [1]
  .near_func.text    ro code  0x009968     0x1  stm8s_it.o [1]
  .near_func.text    ro code  0x009969     0x1  __dbg_break.o [3]
                            - 0x00996a  0x18ea


*******************************************************************************
*** INIT TABLE
***

          Address   Size
          -------   ----
Copy (__iar_copy_init2)
    1 source range, total size 0x24:
          0x009789  0x24
    1 destination range, total size 0x24:
          0x000010  0x24



*******************************************************************************
*** MODULE SUMMARY
***

    Module                 ro code  ro data  rw data
    ------                 -------  -------  -------
C:\Users\nhocc\Desktop\anything\khoa-luan-tot-nghiep\DMX_RECEIVE\stm8\Debug\Obj: [1]
    dmx512.o                 1 260       23       23
    main.o                     151       11       11
    stm8s_clk.o                514       87
    stm8s_exti.o               196       84
    stm8s_gpio.o               208       84
    stm8s_it.o                 138        2        2
    stm8s_tim1.o               490       84
    stm8s_tim2.o               797       84
    stm8s_tim4.o               250       84
    stm8s_uart1.o              901       85
    ------------------------------------------------
    Total:                   4 905      628       36

command line: [2]
    ------------------------------------------------
    Total:

dbgstm8smd.a: [3]
    __dbg_break.o                1
    __dbg_xxexit.o              20
    ------------------------------------------------
    Total:                      21

dlstm8smn.a: [4]
    cexit.o                      5
    char.o                       6
    cstartup.o                  19
    dc_util.o                   37
    exit.o                       3
    init.o                      20
    init_small.o                40
    interrupt.o                  3      128
    long.o                     310
    long_util.o                 71
    low_level_init.o             3
    memset.o                    22
    short.o                     50
    unhandled_exception.o        3
    vreg_util.o                222
    vregs.o                                       16
    ------------------------------------------------
    Total:                     814      128       16

    Linker created                       10      256
----------------------------------------------------
    Grand Total:             5 740      766      308


*******************************************************************************
*** ENTRY LIST
***

Entry                    Address   Size  Type      Object
-----                    -------   ----  ----      ------
.iar.init_table$$Base   0x0097f1          --   Gb  - Linker created -
.iar.init_table$$Limit  0x0097fb          --   Gb  - Linker created -
?b0                     0x000000         Data  Gb  vregs.o [4]
?b1                     0x000001         Data  Gb  vregs.o [4]
?b10                    0x00000a         Data  Gb  vregs.o [4]
?b11                    0x00000b         Data  Gb  vregs.o [4]
?b12                    0x00000c         Data  Gb  vregs.o [4]
?b13                    0x00000d         Data  Gb  vregs.o [4]
?b14                    0x00000e         Data  Gb  vregs.o [4]
?b15                    0x00000f         Data  Gb  vregs.o [4]
?b2                     0x000002         Data  Gb  vregs.o [4]
?b3                     0x000003         Data  Gb  vregs.o [4]
?b4                     0x000004         Data  Gb  vregs.o [4]
?b5                     0x000005         Data  Gb  vregs.o [4]
?b6                     0x000006         Data  Gb  vregs.o [4]
?b7                     0x000007         Data  Gb  vregs.o [4]
?b8                     0x000008         Data  Gb  vregs.o [4]
?b9                     0x000009         Data  Gb  vregs.o [4]
?dc32_l0                0x009764         Code  Gb  dc_util.o [4]
?dc32_l1                0x009771         Code  Gb  dc_util.o [4]
?dc32_px                0x00977e         Code  Gb  dc_util.o [4]
?e0                     0x000001         Data  Gb  vregs.o [4]
?e1                     0x000005         Data  Gb  vregs.o [4]
?e2                     0x000009         Data  Gb  vregs.o [4]
?e3                     0x00000d         Data  Gb  vregs.o [4]
?epilogue_l2            0x00843c         Code  Gb  vreg_util.o [4]
?epilogue_l2_l3         0x008439         Code  Gb  vreg_util.o [4]
?epilogue_l2_w6         0x008440         Code  Gb  vreg_util.o [4]
?epilogue_w4            0x008447         Code  Gb  vreg_util.o [4]
?l0                     0x000000         Data  Gb  vregs.o [4]
?l1                     0x000004         Data  Gb  vregs.o [4]
?l2                     0x000008         Data  Gb  vregs.o [4]
?l3                     0x00000c         Data  Gb  vregs.o [4]
?load32_0x_l0           0x00928c         Code  Gb  long_util.o [4]
?load32_asp_l0          0x009280         Code  Gb  long_util.o [4]
?load32_dbsp_l0         0x00927b         Code  Gb  long_util.o [4]
?load32_l0_0x           0x009263         Code  Gb  long_util.o [4]
?load32_l0_asp          0x009258         Code  Gb  long_util.o [4]
?load32_l0_dbsp         0x009253         Code  Gb  long_util.o [4]
?load32_l0_xsp          0x00925a         Code  Gb  long_util.o [4]
?load32_l1_0x           0x00926f         Code  Gb  long_util.o [4]
?load32_xsp_l0          0x009282         Code  Gb  long_util.o [4]
?mov_e0_e2              0x00844e         Code  Gb  vreg_util.o [4]
?mov_e1_e0              0x00845b         Code  Gb  vreg_util.o [4]
?mov_e1_e2              0x008468         Code  Gb  vreg_util.o [4]
?mov_e2_e0              0x008475         Code  Gb  vreg_util.o [4]
?mov_l0_l2              0x00844b         Code  Gb  vreg_util.o [4]
?mov_l1_l0              0x008458         Code  Gb  vreg_util.o [4]
?mov_l1_l2              0x008465         Code  Gb  vreg_util.o [4]
?mov_l2_l0              0x008472         Code  Gb  vreg_util.o [4]
?mov_w1_w5              0x008451         Code  Gb  vreg_util.o [4]
?mov_w3_w1              0x00845e         Code  Gb  vreg_util.o [4]
?mov_w3_w5              0x00846b         Code  Gb  vreg_util.o [4]
?mov_w5_w1              0x008478         Code  Gb  vreg_util.o [4]
?mul16_x_x_w0           0x00942a         Code  Gb  short.o [4]
?mul32_l0_l0_0x         0x008289         Code  Gb  long.o [4]
?mul32_l0_l0_dl         0x008286         Code  Gb  long.o [4]
?mul32_l0_l0_l1         0x008292         Code  Gb  long.o [4]
?pop_l0                 0x008405         Code  Gb  vreg_util.o [4]
?pop_l1                 0x008410         Code  Gb  vreg_util.o [4]
?pop_l2                 0x00841b         Code  Gb  vreg_util.o [4]
?pop_l3                 0x008426         Code  Gb  vreg_util.o [4]
?pop_w4                 0x0083be         Code  Gb  vreg_util.o [4]
?pop_w6                 0x0083c5         Code  Gb  vreg_util.o [4]
?push_l0                0x0083d4         Code  Gb  vreg_util.o [4]
?push_l1                0x0083d9         Code  Gb  vreg_util.o [4]
?push_l2                0x0083de         Code  Gb  vreg_util.o [4]
?push_l3                0x0083e3         Code  Gb  vreg_util.o [4]
?push_w4                0x0083a1         Code  Gb  vreg_util.o [4]
?push_w6                0x0083a6         Code  Gb  vreg_util.o [4]
?sext32_l0_x            0x008396         Code  Gb  long.o [4]
?sll16_x_x_4            0x009452         Code  Gb  short.o [4]
?sll16_x_x_5            0x009451         Code  Gb  short.o [4]
?sll16_x_x_6            0x009450         Code  Gb  short.o [4]
?sll16_x_x_a            0x009448         Code  Gb  short.o [4]
?sll32_0x_0x_a          0x008388         Code  Gb  long.o [4]
?sll32_l0_l0_a          0x008385         Code  Gb  long.o [4]
?sll8_a_a_5             0x00992e         Code  Gb  char.o [4]
?sll8_a_a_6             0x00992d         Code  Gb  char.o [4]
?srl16_x_x_4            0x009457         Code  Gb  short.o [4]
?sub32_l0_l0_0x         0x00826e         Code  Gb  long.o [4]
?sub32_l0_l0_l1         0x00826b         Code  Gb  long.o [4]
?udiv32_l0_dl_l1        0x008310         Code  Gb  long.o [4]
?udiv32_l0_l0_dl        0x008315         Code  Gb  long.o [4]
?udiv32_l0_l0_l1        0x008318         Code  Gb  long.o [4]
?umod32_l1_l0_l1        0x008318         Code  Gb  long.o [4]
?w0                     0x000000         Data  Gb  vregs.o [4]
?w1                     0x000002         Data  Gb  vregs.o [4]
?w2                     0x000004         Data  Gb  vregs.o [4]
?w3                     0x000006         Data  Gb  vregs.o [4]
?w4                     0x000008         Data  Gb  vregs.o [4]
?w5                     0x00000a         Data  Gb  vregs.o [4]
?w6                     0x00000c         Data  Gb  vregs.o [4]
?w7                     0x00000e         Data  Gb  vregs.o [4]
ADC1_IRQHandler         0x009967    0x1  Code  Gb  stm8s_it.o [1]
AWU_IRQHandler          0x00995c    0x1  Code  Gb  stm8s_it.o [1]
CHANNEL                 0x000010    0x2  Data  Lc  dmx512.o [1]
CHANNEL                 0x000012    0x2  Data  Lc  main.o [1]
CLK_DeInit              0x00938e   0x36  Code  Gb  stm8s_clk.o [1]
CLK_GetClockFreq        0x00931b   0x3b  Code  Gb  stm8s_clk.o [1]
CLK_HSECmd              0x00956e   0x2a  Code  Gb  stm8s_clk.o [1]
CLK_HSICmd              0x009598   0x2a  Code  Gb  stm8s_clk.o [1]
CLK_IRQHandler          0x00995d    0x1  Code  Gb  stm8s_it.o [1]
CLK_LSICmd              0x0095c2   0x2a  Code  Gb  stm8s_clk.o [1]
CLK_PeripheralClockConfig
                        0x008905   0xa2  Code  Gb  stm8s_clk.o [1]
CLK_SYSCLKConfig        0x008d32   0x71  Code  Gb  stm8s_clk.o [1]
CSTACK$$Base            0x000300          --   Gb  - Linker created -
CSTACK$$Limit           0x000400          --   Gb  - Linker created -
EEPROM_EEC_IRQHandler   0x009968    0x1  Code  Gb  stm8s_it.o [1]
EXTI_PORTA_IRQHandler   0x00995e    0x1  Code  Gb  stm8s_it.o [1]
EXTI_PORTB_IRQHandler   0x009834   0x16  Code  Gb  stm8s_it.o [1]
EXTI_PORTC_IRQHandler   0x00984a   0x16  Code  Gb  stm8s_it.o [1]
EXTI_PORTD_IRQHandler   0x00995f    0x1  Code  Gb  stm8s_it.o [1]
EXTI_PORTE_IRQHandler   0x009960    0x1  Code  Gb  stm8s_it.o [1]
EXTI_SetExtIntSensitivity
                        0x008613   0xc4  Code  Gb  stm8s_exti.o [1]
GPIO_Init               0x00854a   0xc9  Code  Gb  stm8s_gpio.o [1]
GPIO_ReadInputPin       0x009926    0x7  Code  Gb  stm8s_gpio.o [1]
HSIDivFactor            0x009938    0x4  Data  Gb  stm8s_clk.o [1]
I2C_IRQHandler          0x009966    0x1  Code  Gb  stm8s_it.o [1]
INTVEC$$Base            0x008000          --   Gb  - Linker created -
INTVEC$$Limit           0x008080          --   Gb  - Linker created -
Region$$Table$$Base     0x0097f1          --   Gb  - Linker created -
Region$$Table$$Limit    0x0097fb          --   Gb  - Linker created -
SPI_IRQHandler          0x009961    0x1  Code  Gb  stm8s_it.o [1]
TIM1_ARRPreloadConfig   0x009616   0x2a  Code  Gb  stm8s_tim1.o [1]
TIM1_CAP_COM_IRQHandler
                        0x009962    0x1  Code  Gb  stm8s_it.o [1]
TIM1_ClearFlag          0x00948d   0x31  Code  Gb  stm8s_tim1.o [1]
TIM1_ClearITPendingBit  0x0097fb   0x20  Code  Gb  stm8s_tim1.o [1]
TIM1_Cmd                0x0095ec   0x2a  Code  Gb  stm8s_tim1.o [1]
TIM1_DeInit             0x008b8d   0x99  Code  Gb  stm8s_tim1.o [1]
TIM1_ITConfig           0x009208   0x4b  Code  Gb  stm8s_tim1.o [1]
TIM1_SetAutoreload      0x00990e    0x9  Code  Gb  stm8s_tim1.o [1]
TIM1_TimeBaseInit       0x008ec1   0x58  Code  Gb  stm8s_tim1.o [1]
TIM1_UPD_OVF_TRG_BRK_IRQHandler
                        0x009860   0x16  Code  Gb  stm8s_it.o [1]
TIM2_ARRPreloadConfig   0x00966a   0x2a  Code  Gb  stm8s_tim2.o [1]
TIM2_CAP_COM_IRQHandler
                        0x009964    0x1  Code  Gb  stm8s_it.o [1]
TIM2_Cmd                0x009640   0x2a  Code  Gb  stm8s_tim2.o [1]
TIM2_DeInit             0x008e68   0x59  Code  Gb  stm8s_tim2.o [1]
TIM2_OC1Init            0x0089a7   0xa2  Code  Gb  stm8s_tim2.o [1]
TIM2_OC1PreloadConfig   0x009694   0x2a  Code  Gb  stm8s_tim2.o [1]
TIM2_OC2Init            0x008a49   0xa2  Code  Gb  stm8s_tim2.o [1]
TIM2_OC2PreloadConfig   0x0096be   0x2a  Code  Gb  stm8s_tim2.o [1]
TIM2_OC3Init            0x008aeb   0xa2  Code  Gb  stm8s_tim2.o [1]
TIM2_OC3PreloadConfig   0x0096e8   0x2a  Code  Gb  stm8s_tim2.o [1]
TIM2_TimeBaseInit       0x0098f7    0xc  Code  Gb  stm8s_tim2.o [1]
TIM2_UPD_OVF_BRK_IRQHandler
                        0x009963    0x1  Code  Gb  stm8s_it.o [1]
TIM4_ClearITPendingBit  0x0097d0   0x21  Code  Gb  stm8s_tim4.o [1]
TIM4_Cmd                0x009712   0x2a  Code  Gb  stm8s_tim4.o [1]
TIM4_DeInit             0x00981b   0x19  Code  Gb  stm8s_tim4.o [1]
TIM4_GetCounter         0x009944    0x4  Code  Gb  stm8s_tim4.o [1]
TIM4_ITConfig           0x0091bc   0x4c  Code  Gb  stm8s_tim4.o [1]
TIM4_SetCounter         0x009940    0x4  Code  Gb  stm8s_tim4.o [1]
TIM4_TimeBaseInit       0x00929a   0x42  Code  Gb  stm8s_tim4.o [1]
TIM4_UPD_OVF_IRQHandler
                        0x0097ad   0x23  Code  Gb  stm8s_it.o [1]
TIM4_ovf_val            0x000018    0x2  Data  Lc  dmx512.o [1]
TIM4_ovf_val            0x000032    0x2  Data  Lc  stm8s_it.o [1]
TLI_IRQHandler          0x00995b    0x1  Code  Gb  stm8s_it.o [1]
TRAP_IRQHandler         0x00995a    0x1  Code  Gb  stm8s_it.o [1]
UART1_ClearITPendingBit
                        0x0093f8   0x32  Code  Gb  stm8s_uart1.o [1]
UART1_Cmd               0x0098ea    0xd  Code  Gb  stm8s_uart1.o [1]
UART1_DeInit            0x009519   0x2b  Code  Gb  stm8s_uart1.o [1]
UART1_GetFlagStatus     0x008cbb   0x77  Code  Gb  stm8s_uart1.o [1]
UART1_ITConfig          0x008850   0xb5  Code  Gb  stm8s_uart1.o [1]
UART1_Init              0x008080  0x1eb  Code  Gb  stm8s_uart1.o [1]
UART1_RX_IRQHandler     0x009876   0x16  Code  Gb  stm8s_it.o [1]
UART1_ReceiveData8      0x009948    0x4  Code  Gb  stm8s_uart1.o [1]
UART1_TX_IRQHandler     0x009965    0x1  Code  Gb  stm8s_it.o [1]
UCLN                    0x0092dc   0x3f  Code  Gb  dmx512.o [1]
__DebugBreak            0x009969    0x1  Code  Gb  __dbg_break.o [3]
__exit                  0x0098b6   0x14  Code  Gb  __dbg_xxexit.o [3]
__iar_copy_init2        0x00973c         Code  Gb  init_small.o [4]
__iar_data_init2        0x0098a2   0x14  Code  Gb  init.o [4]
__iar_program_start     0x0098ca         Code  Gb  cstartup.o [4]
__iar_unhandled_exception
                        0x009955         Code  Gb  unhandled_exception.o [4]
__intvec                0x008000         Data  Gb  interrupt.o [4]
__low_level_init        0x00994f    0x3  Code  Gb  low_level_init.o [4]
_exit                   0x009933         Code  Gb  cexit.o [4]
_interrupt_1            0x00995a         Code  Gb  stm8s_it.o [1]
_interrupt_12           0x009961         Code  Gb  stm8s_it.o [1]
_interrupt_13           0x009860         Code  Gb  stm8s_it.o [1]
_interrupt_14           0x009962         Code  Gb  stm8s_it.o [1]
_interrupt_15           0x009963         Code  Gb  stm8s_it.o [1]
_interrupt_16           0x009964         Code  Gb  stm8s_it.o [1]
_interrupt_19           0x009965         Code  Gb  stm8s_it.o [1]
_interrupt_2            0x00995b         Code  Gb  stm8s_it.o [1]
_interrupt_20           0x009876         Code  Gb  stm8s_it.o [1]
_interrupt_21           0x009966         Code  Gb  stm8s_it.o [1]
_interrupt_24           0x009967         Code  Gb  stm8s_it.o [1]
_interrupt_25           0x0097ad         Code  Gb  stm8s_it.o [1]
_interrupt_26           0x009968         Code  Gb  stm8s_it.o [1]
_interrupt_3            0x00995c         Code  Gb  stm8s_it.o [1]
_interrupt_4            0x00995d         Code  Gb  stm8s_it.o [1]
_interrupt_5            0x00995e         Code  Gb  stm8s_it.o [1]
_interrupt_6            0x009834         Code  Gb  stm8s_it.o [1]
_interrupt_7            0x00984a         Code  Gb  stm8s_it.o [1]
_interrupt_8            0x00995f         Code  Gb  stm8s_it.o [1]
_interrupt_9            0x009960         Code  Gb  stm8s_it.o [1]
assert_failed           0x009958    0x2  Code  Gb  main.o [1]
break_time              0x00001d    0x4  Data  Lc  dmx512.o [1]
byte_count              0x000014    0x2  Data  Lc  dmx512.o [1]
check                   0x009917    0x8  Code  Gb  dmx512.o [1]
dmx512_IT_timer1        0x008e08   0x60  Code  Gb  dmx512.o [1]
dmx512_IT_timer1::blink
                        0x000026    0x1  Data  Lc  dmx512.o [1]
dmx512_IT_timer1::fade  0x000028    0x1  Data  Lc  dmx512.o [1]
dmx512_IT_timer1::x     0x000027    0x1  Data  Lc  dmx512.o [1]
dmx512_blink            0x0094ee   0x2b  Code  Gb  dmx512.o [1]
dmx512_blink::state     0x000025    0x1  Data  Lc  dmx512.o [1]
dmx512_clear_input      0x0098dd    0xd  Code  Gb  dmx512.o [1]
dmx512_clk_config       0x0093c4   0x34  Code  Gb  dmx512.o [1]
dmx512_exti_disable     0x0086e4   0x14  Code  Gb  dmx512.o [1]
dmx512_exti_enable      0x009544   0x2a  Code  Gb  dmx512.o [1]
dmx512_fade             0x008f19   0x57  Code  Gb  dmx512.o [1]
dmx512_handler_falling  0x0086f8   0x21  Code  Gb  dmx512.o [1]
dmx512_handler_rising   0x008719   0x7b  Code  Gb  dmx512.o [1]
dmx512_handler_rx_uart  0x00847f   0xcb  Code  Gb  dmx512.o [1]
dmx512_init_gpio_sw     0x0094be   0x30  Code  Gb  dmx512.o [1]
dmx512_rec_init         0x009356   0x38  Code  Gb  dmx512.o [1]
dmx512_set_and_read_channel
                        0x008794   0xbc  Code  Gb  dmx512.o [1]
dmx512_set_input        0x00993c    0x4  Code  Gb  dmx512.o [1]
dmx512_set_start_addr   0x00991f    0x7  Code  Gb  dmx512.o [1]
dmx512_tim1_init        0x00945c   0x31  Code  Gb  dmx512.o [1]
dmx512_tim2_config      0x008da3   0x65  Code  Gb  dmx512.o [1]
dmx512_uart_disable     0x009903    0xb  Code  Gb  dmx512.o [1]
dmx512_uart_enable      0x0086d7    0xd  Code  Gb  dmx512.o [1]
dmx_timeout_val         0x00001a    0x2  Data  Lc  dmx512.o [1]
exit                    0x009952    0x3  Code  Gb  exit.o [4]
input_data              0x000029    0x5  Data  Gb  main.o [1]
main                    0x008c26   0x95  Code  Gb  main.o [1]
memset                  0x00988c   0x16  Code  Gb  memset.o [4]
phase                   0x00001c    0x1  Data  Lc  dmx512.o [1]
start_addr              0x000021    0x2  Data  Lc  dmx512.o [1]
start_flag              0x000016    0x2  Data  Lc  dmx512.o [1]
v_UCLN                  0x000023    0x2  Data  Lc  dmx512.o [1]
xclk                    0x00002e    0x4  Data  Gb  main.o [1]


[1] = C:\Users\nhocc\Desktop\anything\khoa-luan-tot-nghiep\DMX_RECEIVE\stm8\Debug\Obj
[2] = command line
[3] = dbgstm8smd.a
[4] = dlstm8smn.a

  5 740 bytes of readonly  code memory
    766 bytes of readonly  data memory
    308 bytes of readwrite data memory

Errors: none
Warnings: none
